05-17 18:12:17.383  2597  7632 V ActivityManager: Finish receiver: android.os.BinderProxy@7324664
05-17 18:12:17.383  1331  1331 D vendor.qti.bluetooth@1.0-wake_lock: Acquire wakelock is acquired 
05-17 18:12:17.383  1331  1331 I vendor.qti.bluetooth@1.0-ibs_handler: DeviceWakeUp: Writing IBS_WAKE_IND
05-17 18:12:17.383  2597  7632 V BroadcastQueue: Scheduling BroadcastRecord{7f7064d android.intent.action.SCREEN_ON/u-1} to warm ProcessRecord{2e052d 10092:com.miui.daemon/1000}
05-17 18:12:17.384  2597  7632 V ActivityManager: Finish receiver: android.os.BinderProxy@d9cd33e
05-17 18:12:17.384  2597  2750 V BroadcastQueue: Promoting BroadcastProcessQueue{d95e0b6 7601:.dataservices/1001} from runnable to running; process is ProcessRecord{f49523f 7601:.dataservices/1001}
05-17 18:12:17.384 26842 26945 D Wth2:WeatherProvider: day: 4  currentType: 11  weatherName: 小雨 temperature: 29℃ sunRise: 75420000 sunSet: 38520000
05-17 18:12:17.384 31831 31901 D BtGatt.ScanManager: configureScanFilters rssiThreshold: -128, 4
05-17 18:12:17.384 10092 10092 D BroadcastExecutor: BroadcastExecutor : 2
05-17 18:12:17.384  2597  2750 V BroadcastQueue: Scheduling BroadcastRecord{7f7064d android.intent.action.SCREEN_ON/u-1} to warm ProcessRecord{f49523f 7601:.dataservices/1001}
05-17 18:12:17.384 31831 31901 I bt_shim_scanner: packages/modules/MiuiBluetooth/system/main/shim/le_scanning_manager.cc:259 ScanFilterAdd: in shim layer
05-17 18:12:17.384 31831 31889 D BtGatt.ScanHelper: onScanFilterConfig() - clientIf=1, action = 0 status = 0, filterType=0, availableSpace=0
05-17 18:12:17.384 31831 31889 D BtGatt.ScanManager: callback done for scannerId - 1 status - 0
05-17 18:12:17.384  2597  7632 V ActivityManager: Finish receiver: android.os.BinderProxy@7324664
05-17 18:12:17.385  2597  7632 V BroadcastQueue: Scheduling BroadcastRecord{7f7064d android.intent.action.SCREEN_ON/u-1} to warm ProcessRecord{2e052d 10092:com.miui.daemon/1000}
05-17 18:12:17.385 26842 26945 D Wth2:ToolUtils: packageName: com.miui.weather2 hasAccessProvider: true
05-17 18:12:17.385 26842 26945 D Wth2:WeatherProvider: WeatherProvider query match is:7
05-17 18:12:17.385  2597  2692 V ActivityManager: Finish receiver: android.os.BinderProxy@44c2fff
05-17 18:12:17.385  7601  7601 E DPMJ    : |SERVICE| sendScreenState state  trueand int value 1
05-17 18:12:17.385  2597  2692 V BroadcastQueue: Scheduling BroadcastRecord{7f7064d android.intent.action.SCREEN_ON/u-1} to warm ProcessRecord{11210a6 7763:com.android.systemui/1000}
05-17 18:12:17.385  2597  2692 V ActivityManager: Finish receiver: android.os.BinderProxy@223c889
05-17 18:12:17.385 31831 31901 D BtGatt.ScanManager: configureFilterParamter 500 10000 1 0 rssiThreshold -128
05-17 18:12:17.386 31831 31901 I bt_shim_scanner: packages/modules/MiuiBluetooth/system/main/shim/le_scanning_manager.cc:221 ScanFilterParamSetup: in shim layer, clientIf=1
05-17 18:12:17.386 31831 31889 D BtGatt.ScanHelper: onScanFilterParamsConfigured() - clientIf=1, status=0, action=0, availableSpace=0
05-17 18:12:17.386 31831 31889 D BtGatt.ScanManager: callback done for scannerId - 1 status - 0
05-17 18:12:17.386 26842 26945 D Wth2:WeatherProvider: day: 5  currentType: 10  weatherName: 中雨 temperature: 29℃ sunRise: 75420000 sunSet: 38520000
05-17 18:12:17.387 31831 31901 I bt_shim_scanner: packages/modules/MiuiBluetooth/system/main/shim/le_scanning_manager.cc:259 ScanFilterAdd: in shim layer
05-17 18:12:17.387  2597  2750 V BroadcastQueue: Promoting BroadcastProcessQueue{99acd1 7658:com.qti.phone/u0a199} from runnable to running; process is ProcessRecord{e155b6c 7658:com.qti.phone/u0a199}
05-17 18:12:17.387  2597  2692 V ActivityManager: Finish receiver: android.os.BinderProxy@7324664
05-17 18:12:17.387 31831 31889 D BtGatt.ScanHelper: onScanFilterConfig() - clientIf=1, action = 0 status = 0, filterType=0, availableSpace=0
05-17 18:12:17.387 31831 31889 D BtGatt.ScanManager: callback done for scannerId - 1 status - 0
05-17 18:12:17.387 31831 31901 D BtGatt.ScanManager: configureFilterParamter 500 10000 1 0 rssiThreshold -128
05-17 18:12:17.387  2597  2750 V BroadcastQueue: Scheduling BroadcastRecord{7f7064d android.intent.action.SCREEN_ON/u-1} to warm ProcessRecord{e155b6c 7658:com.qti.phone/u0a199}
05-17 18:12:17.387 31831 31901 I bt_shim_scanner: packages/modules/MiuiBluetooth/system/main/shim/le_scanning_manager.cc:221 ScanFilterParamSetup: in shim layer, clientIf=1
05-17 18:12:17.388 31831 31889 D BtGatt.ScanHelper: onScanFilterParamsConfigured() - clientIf=1, status=0, action=0, availableSpace=0
05-17 18:12:17.388 31831 31889 D BtGatt.ScanManager: callback done for scannerId - 1 status - 0
05-17 18:12:17.388 26842 26875 D Wth2:ToolUtils: packageName: com.android.systemui hasAccessProvider: true
05-17 18:12:17.388  7658  7658 D DeviceStatisticsService: onReceive: action= android.intent.action.SCREEN_ON
05-17 18:12:17.388 26842 26875 D Wth2:WeatherProvider: WeatherProvider query match is:42
05-17 18:12:17.388  7658  7658 D DeviceStatisticsService: Send device is interactive
05-17 18:12:17.388 26842 26875 D Wth2:WeatherProvider: getHourlyData
05-17 18:12:17.388  7658  7658 D DeviceInfoHidlClient: getDeviceInfoSupportStatus()=1
05-17 18:12:17.388  7658  7658 D DeviceInfoHidlClient: isRadioOn()=true
05-17 18:12:17.388  7658  7658 I DeviceInfoHidlClient: deviceState=2
05-17 18:12:17.388  2597  2692 V BroadcastQueue: Scheduling BroadcastRecord{7f7064d android.intent.action.SCREEN_ON/u-1} to warm ProcessRecord{2e052d 10092:com.miui.daemon/1000}
05-17 18:12:17.388 26842 26875 I Wth2:WeatherProvider: getFirstSelectedCity() ret count= 1
05-17 18:12:17.388 26842 26875 E Wth2:WeatherProvider: getFirstSelectedCity() error 
05-17 18:12:17.388 26842 26875 E Wth2:WeatherProvider: java.lang.NumberFormatException: For input string: "31.007_121.712"
05-17 18:12:17.388 26842 26875 E Wth2:WeatherProvider: 	at java.lang.Integer.parseInt(Integer.java:790)
05-17 18:12:17.388 26842 26875 E Wth2:WeatherProvider: 	at java.lang.Integer.parseInt(Integer.java:908)
05-17 18:12:17.388 26842 26875 E Wth2:WeatherProvider: 	at com.miui.weather2.providers.WeatherProvider.g(SourceFile:9)
05-17 18:12:17.388 26842 26875 E Wth2:WeatherProvider: 	at com.miui.weather2.providers.WeatherProvider.h(SourceFile:5)
05-17 18:12:17.388 26842 26875 E Wth2:WeatherProvider: 	at com.miui.weather2.providers.WeatherProvider.query(SourceFile:23)
05-17 18:12:17.388 26842 26875 E Wth2:WeatherProvider: 	at android.content.ContentProvider.query(ContentProvider.java:1633)
05-17 18:12:17.388 26842 26875 E Wth2:WeatherProvider: 	at android.content.ContentProvider.query(ContentProvider.java:1729)
05-17 18:12:17.388 26842 26875 E Wth2:WeatherProvider: 	at android.content.ContentProvider$Transport.query(ContentProvider.java:301)
05-17 18:12:17.388 26842 26875 E Wth2:WeatherProvider: 	at android.content.ContentProviderNative.onTransact(ContentProviderNative.java:110)
05-17 18:12:17.388 26842 26875 E Wth2:WeatherProvider: 	at android.os.Binder.execTransactInternal(Binder.java:1512)
05-17 18:12:17.388 26842 26875 E Wth2:WeatherProvider: 	at android.os.Binder.execTransact(Binder.java:1451)
05-17 18:12:17.388 26842 26875 D Wth2:WeatherProvider: getHourlyData dataType=1
05-17 18:12:17.389 26842 26875 I Wth2:WeatherProvider: getHourlyData checkCityAt=true tmpCursor.count  2
05-17 18:12:17.389 26842 26875 D Wth2:WeatherProvider: getHourlyData query cityId 6c696167636e95686668626e626b#currentTimeMillis=1747476737389
05-17 18:12:17.389  1331 31883 I vendor.qti.bluetooth@1.0-ibs_handler: ProcessIbsCmd: Received IBS_WAKE_ACK: 0xFC
05-17 18:12:17.389  1331 31883 I vendor.qti.bluetooth@1.0-ibs_handler: ProcessIbsCmd: Signal wack_cond_
05-17 18:12:17.389  2597  2692 V ActivityManager: Finish receiver: android.os.BinderProxy@5a632d5
05-17 18:12:17.389  1331  1331 D vendor.qti.bluetooth@1.0-ibs_handler: DeviceWakeUp: Unblocked from waiting for FC, pthread_cond_timedwait ret = 0
05-17 18:12:17.389  7763  8050 D KeyguardTransitionRepository: (Internal) Setting current transition info: TransitionInfo(ownerName=FromAodTransitionInteractor(listen for aod to awake), from=AOD, to=LOCKSCREEN, animated)
05-17 18:12:17.389  2597  2750 V BroadcastQueue: Promoting BroadcastProcessQueue{54b36e8 10302:.powermodule/u0a278} from runnable to running; process is ProcessRecord{6e0cad4 10302:.powermodule/u0a278}
05-17 18:12:17.390  2597  2750 V BroadcastQueue: Scheduling BroadcastRecord{7f7064d android.intent.action.SCREEN_ON/u-1} to warm ProcessRecord{6e0cad4 10302:.powermodule/u0a278}
05-17 18:12:17.390  1331 31883 I vendor.qti.bluetooth@1.0-ibs_handler: ProcessIbsCmd: Received IBS_WAKE_IND: 0xFD
05-17 18:12:17.390  1331 31883 I vendor.qti.bluetooth@1.0-ibs_handler: ProcessIbsCmd: Writing IBS_WAKE_ACK
05-17 18:12:17.390 26842 26875 I Wth2:WeatherProvider: optimiseHourlyData sunrise : 17820000  sunset : 67320000
05-17 18:12:17.390 31831 31901 D BtGatt.ScanManager: start gattClientScanNative from startRegularScan()
05-17 18:12:17.390 31831 31901 I bt_shim_scanner: packages/modules/MiuiBluetooth/system/main/shim/le_scanning_manager.cc:186 Scan: in shim layer started
05-17 18:12:17.390 31831 31874 I bluetooth: packages/modules/MiuiBluetooth/system/gd/hci/le_scanning_manager.cc:690 stop_scan: Scanning already stopped, return!
05-17 18:12:17.390 31831 31874 I bluetooth: packages/modules/MiuiBluetooth/system/gd/hci/le_address_manager.cc:229 register_client: Client registered
05-17 18:12:17.391  7763  7763 I KeyguardTransitionRepository: STARTED transition: TransitionStep(from=AOD, to=LOCKSCREEN, value=0.0, transitionState=STARTED, ownerName=FromAodTransitionInteractor(listen for aod to awake))
05-17 18:12:17.391  2597  2692 V ActivityManager: Finish receiver: android.os.BinderProxy@7324664
05-17 18:12:17.391  7763 30002 I ClockDataUtils: getWeatherBean, cursor = android.content.ContentResolver$CursorWrapperInner@d881fec, count = 5 cursorSunMoveInfo count= 24
05-17 18:12:17.392  7763  7763 D VRI[NotificationShade]: vri.Setup new sync=wmsSync-VRI[NotificationShade]#88
05-17 18:12:17.392  1648  1648 D MI-SF   : HbmOverlay Changed hasHbmOverlay=1
05-17 18:12:17.392  1648  1648 E Scheduler: trackPendingFrame: Invalid present fence
05-17 18:12:17.392  7763 30002 D ClockDataUtils: current temperature is=29℃
05-17 18:12:17.392  7763 30002 D ClockDataUtils: weatherbean set AQI level = 56
05-17 18:12:17.392  7763 30002 D ClockDataUtils: weatherbean set city name = 浦东新区
05-17 18:12:17.392  7763 30002 D ClockDataUtils: get rain probability: is=0
05-17 18:12:17.392  7763 30002 D ClockDataUtils: useHourlyData? true
05-17 18:12:17.393  2597  2750 V BroadcastQueue: Promoting BroadcastProcessQueue{d024601 9705:com.xiaomi.bluetooth/1002} from runnable to running; process is ProcessRecord{fbb1222 9705:com.xiaomi.bluetooth/1002}
05-17 18:12:17.393  7763 30002 D ClockDataUtils: sunrise=17820000 sunset=67320000 sunriseTomorrow=17820000 cityId=31.007_121.712 useHourlyData=true
05-17 18:12:17.393  7763 30002 I ClockDataUtils: getWeatherBean end, bean = WeatherBean{weatherType=1, temperature='29', temperatureUnit=1, aqiLevel=56, humidity=57, sunriseHour=4, sunriseMin=57, sunriseHourTomorrow=4, sunriseMinTomorrow=57, sunsetHour=18, sunsetMin=42, windAngel=184.0, windStrength='3', pressure=1007, description='多云', rainProbability='0', somatosensoryTemperature=32, UVILevel=2, updateTime=0}
05-17 18:12:17.393  2597  2750 V BroadcastQueue: Scheduling BroadcastRecord{7f7064d android.intent.action.SCREEN_ON/u-1} to warm ProcessRecord{fbb1222 9705:com.xiaomi.bluetooth/1002}
05-17 18:12:17.393  9705  9705 D MiuiScanManager: Screen On
05-17 18:12:17.394  2597  2692 V ActivityManager: Finish receiver: android.os.BinderProxy@e7273af
05-17 18:12:17.395  2597  2692 V BroadcastQueue: Scheduling BroadcastRecord{7f7064d android.intent.action.SCREEN_ON/u-1} to warm ProcessRecord{fbb1222 9705:com.xiaomi.bluetooth/1002}
05-17 18:12:17.395  7763  7763 D VRI[NotificationShade]: vri.reportDrawFinished
05-17 18:12:17.395  2597 12179 D PerfShielderService: com.android.systemui|com.android.systemui-Not-1939607582|1796|241848506487166|67|5|55
05-17 18:12:17.395  7763  7763 D MiuiFaceManager: inernational:false supportR:[CN] nowR:CN
05-17 18:12:17.395  2597  8113 D WindowManager: wms.finishDrawingLocked: mDrawState=COMMIT_DRAW_PENDING Window{c93063b u0 NotificationShade} in Surface(name=NotificationShade#25849)/@0xf674a7c
05-17 18:12:17.395  7763  7763 D BroadcastExecutor: BroadcastExecutor : 2
05-17 18:12:17.395 10302 10302 I android_os_HwBinder: HwBinder: Starting thread pool for getting: vendor.qti.hardware.power.powermodule@1.0::IPowerModule/default
05-17 18:12:17.396  2597  2735 W WindowManager: All windows drawn on display -1
05-17 18:12:17.396  2597  2738 D WindowManager: wms.Focus not requested for window=Window{5ebb205 u0 ScreenOnProximitySensorGuide} because it has no surface or is not focusable.
05-17 18:12:17.396  2597  4355 D system_server: [DEBUG] scanCode = 116
05-17 18:12:17.397  2597  4355 D InputDispatcher: notifyKey - id=104e672b, eventTime=242232330036000, deviceId=3, source=KEYBOARD, displayId=-1, policyFlags=0x0, action=UP, flags=0x8, keyCode=POWER, scanCode=0x74, metaState=0x0, downTime=242232241277000
05-17 18:12:17.397  2597  2737 W AccessibilityWindowsPopulator: The displayInfo of this displayId (0) called back from the surface fligner is null
05-17 18:12:17.397  2597  4355 I MIUIInput: [KeyEvent] notifyKey - eventTime=242232330036000, deviceId=3, source=0x101, policyFlags=0x0, action=0x1, flags=0x8, keyCode=0x1a, scanCode=0x74, metaState=0x0, downTime=242232241277000
05-17 18:12:17.397  2597  4355 W MiuiInputKeyEventLog: keyCode:26 down:false eventTime:242232330 downTime:242232241 policyFlags:22000000 flags:8 metaState:0 deviceId:3 isScreenOn:true keyguardActive:true repeatCount:0
05-17 18:12:17.397  2597  8113 V ActivityManager: Finish receiver: android.os.BinderProxy@44c2fff
05-17 18:12:17.397  2597  8113 V BroadcastQueue: Scheduling BroadcastRecord{79e3e7b android.intent.action.TIME_TICK/u-1} to warm ProcessRecord{11210a6 7763:com.android.systemui/1000}
05-17 18:12:17.397  2597  8113 V BroadcastQueue: Scheduling BroadcastRecord{79e3e7b android.intent.action.TIME_TICK/u-1} to warm ProcessRecord{11210a6 7763:com.android.systemui/1000}
05-17 18:12:17.397  2597  8113 V BroadcastQueue: Scheduling BroadcastRecord{79e3e7b android.intent.action.TIME_TICK/u-1} to warm ProcessRecord{11210a6 7763:com.android.systemui/1000}
05-17 18:12:17.398  2597  8113 V BroadcastQueue: Scheduling BroadcastRecord{79e3e7b android.intent.action.TIME_TICK/u-1} to warm ProcessRecord{11210a6 7763:com.android.systemui/1000}
05-17 18:12:17.398  2597  8113 V ActivityManager: Finish receiver: android.os.BinderProxy@8c273d6
05-17 18:12:17.398  2597  2748 V ActivityManager: Broadcast: Intent { act=android.intent.action.KEYCODE_POWER_UP flg=0x10 } ordered=false userid=-2 options=null
05-17 18:12:17.398  2597  2748 V ActivityManager: Enqueueing broadcast: android.intent.action.KEYCODE_POWER_UP replacePending=false
05-17 18:12:17.398  2597  2748 W ActivityManagerServiceImpl: Sending non-protected broadcast android.intent.action.KEYCODE_POWER_UP from system 2597:system/1000 pkg android. Callers=com.android.server.am.ActivityManagerService.checkBroadcastFromSystem:16339 com.android.server.am.ActivityManagerService.broadcastIntentLockedTraced:17210 com.android.server.am.ActivityManagerService.broadcastIntentLocked:16399 com.android.server.am.ActivityManagerService.broadcastIntentWithFeature:17421 android.app.ContextImpl.sendBroadcastAsUser:1495 
05-17 18:12:17.398  2597  2748 V ActivityManager: Enqueueing ordered broadcast BroadcastRecord{4f9af2d android.intent.action.KEYCODE_POWER_UP/u0}
05-17 18:12:17.398  2597  2748 V BroadcastQueue: Enqueuing BroadcastRecord{4f9af2d android.intent.action.KEYCODE_POWER_UP/u0} for 2 receivers
05-17 18:12:17.399  2597  2750 V BroadcastQueue: Promoting BroadcastProcessQueue{9fbdbf2 10174:com.qualcomm.qti.services.systemhelper:systemhelper_service/1000} from runnable to running; process is ProcessRecord{579eb5e 10174:com.qualcomm.qti.services.systemhelper:systemhelper_service/1000}
05-17 18:12:17.399  2597  2750 V BroadcastQueue: Scheduling BroadcastRecord{4f9af2d android.intent.action.KEYCODE_POWER_UP/u0} to warm ProcessRecord{579eb5e 10174:com.qualcomm.qti.services.systemhelper:systemhelper_service/1000}
05-17 18:12:17.399  2597  2750 V BroadcastQueue: Promoting BroadcastProcessQueue{75a67f7 10045:com.xiaomi.location.fused/1000} from runnable to running; process is ProcessRecord{ae3170d 10045:com.xiaomi.location.fused/1000}
05-17 18:12:17.400 10174 10174 D SysHelperService: PowerReceiver:onReceive Entry
05-17 18:12:17.400 10174 10174 I SysHelperService: PowerReceiver, action=KEYCODE_POWER_UP(when only screen on), reason=null
05-17 18:12:17.400 10174 10174 D SysHelperService: PowerReceiver:isScreenOn Entry
05-17 18:12:17.400  2597  2750 V BroadcastQueue: Scheduling BroadcastRecord{7f7064d android.intent.action.SCREEN_ON/u-1} to warm ProcessRecord{ae3170d 10045:com.xiaomi.location.fused/1000}
05-17 18:12:17.400 10174 10174 D SysHelperService: PowerReceiver:isScreenOn Leave 01
05-17 18:12:17.400 10174 10174 D SysHelperService: PowerReceiver:isKeyguardLocked Entry
05-17 18:12:17.400 25151 25179 D IdProviderImpl: getOAID from com.miui.analytics
05-17 18:12:17.401  2597  2750 V BroadcastQueue: Promoting BroadcastProcessQueue{25e7d98 10011:com.xiaomi.metoknlp/u0a156} from runnable to running; process is ProcessRecord{f201143 10011:com.xiaomi.metoknlp/u0a156}
05-17 18:12:17.401  2597  2750 V BroadcastQueue: Scheduling BroadcastRecord{7f7064d android.intent.action.SCREEN_ON/u-1} to warm ProcessRecord{f201143 10011:com.xiaomi.metoknlp/u0a156}
05-17 18:12:17.401  9705  9705 D MiuiBluetoothNotification: get receiver android.intent.action.SCREEN_ON
05-17 18:12:17.394 31831 31901 D BtGatt.ScanManager: configureRegularScanParams() - queue=1
05-17 18:12:17.402  9705 31969 D MiuiBluetoothNotification: handle message: 108
05-17 18:12:17.402  2597  8113 V ActivityManager: Finish receiver: android.os.BinderProxy@e7273af
05-17 18:12:17.402 31831 31901 I bt_shim_scanner: packages/modules/MiuiBluetooth/system/main/shim/le_scanning_manager.cc:186 Scan: in shim layer stopped
05-17 18:12:17.402 31831 31874 I bluetooth: packages/modules/MiuiBluetooth/system/gd/hci/le_address_manager.cc:244 unregister_client: Client unregistered
05-17 18:12:17.402 31831 31901 W BtGatt.ScanManager: trackLeScan() - mLastStartTime = 0
05-17 18:12:17.402  2597  8113 V ActivityManager: Finish receiver: android.os.BinderProxy@e2e6d7c
05-17 18:12:17.402 31831 31901 D BtGatt.ScanManager: Start gattClientScanNative with old scanMode -2147483648 new scanMode 1 ( in MS: 730 / 183, in scan unit: 730 / 183, scanPhyMask: 1 ) [ScanClient scanModeApp 0 scanModeUsed 1 [appScanStats android.uid.system:1000]]
05-17 18:12:17.402 31831 31901 W BtGatt.JNI: packages/modules/MiuiBluetooth/android/app/jni/com_android_bluetooth_gatt.cpp:1597 gattSetScanParametersNative: gattSetScanParametersNative
05-17 18:12:17.402 31831 31901 I bt_shim_scanner: packages/modules/MiuiBluetooth/system/main/shim/le_scanning_manager.cc:364 SetScanParameters: in shim layer, scannerId=1, scan_interval=1168, scan_window=292
05-17 18:12:17.403 31831 31901 I bt_shim_scanner: packages/modules/MiuiBluetooth/system/main/shim/le_scanning_manager.cc:186 Scan: in shim layer started
05-17 18:12:17.403 31831 31901 D BtGatt.ScanManager: recordNativeStartScan() - mLastNativeScanParams = 21
05-17 18:12:17.403 31831 31874 I bluetooth: packages/modules/MiuiBluetooth/system/gd/hci/le_scanning_manager.cc:690 stop_scan: Scanning already stopped, return!
05-17 18:12:17.403  2597  8113 V BroadcastQueue: Scheduling BroadcastRecord{7f7064d android.intent.action.SCREEN_ON/u-1} to warm ProcessRecord{f201143 10011:com.xiaomi.metoknlp/u0a156}
05-17 18:12:17.403 31831 31874 I bluetooth: packages/modules/MiuiBluetooth/system/gd/hci/le_address_manager.cc:229 register_client: Client registered
05-17 18:12:17.403 31831 31901 D BtGatt.ScanManager: apply scan timeout (300000)to scannerId 1
05-17 18:12:17.403 10174 10174 I SysHelperService: PowerReceiver: isKeyguardLocked Leave 01
05-17 18:12:17.403  2597  8113 V ActivityManager: Finish receiver: android.os.BinderProxy@330940a
05-17 18:12:17.403 10174 10174 D SysHelperService: PowerReceiver:isKeyguardLocked Entry
05-17 18:12:17.403  2597  2750 V BroadcastQueue: Promoting BroadcastProcessQueue{1d2601 10891:com.miui.voiceassist/u0a176} from runnable to running; process is ProcessRecord{5b7bff6 10891:com.miui.voiceassist/u0a176}
05-17 18:12:17.403  2597  2750 V BroadcastQueue: Scheduling BroadcastRecord{7f7064d android.intent.action.SCREEN_ON/u-1} to warm ProcessRecord{5b7bff6 10891:com.miui.voiceassist/u0a176}
05-17 18:12:17.403  2597  2750 I SmartPower: com.miui.voiceassist/10176(10891): idle->background(272662ms) R(broadcast start Intent { act=android.intent.action.SCREEN_ON flg=0x50200010 }) adj=100.
05-17 18:12:17.404  2597  2750 V BroadcastQueue: Promoting BroadcastProcessQueue{cc4d6ba 12241:com.miui.powerkeeper/1000} from runnable to running; process is ProcessRecord{75de631 12241:com.miui.powerkeeper/1000}
05-17 18:12:17.404  2597  8113 V ActivityManager: Finish receiver: android.os.BinderProxy@e2e6d7c
05-17 18:12:17.404  2597  2750 V BroadcastQueue: Scheduling BroadcastRecord{7f7064d android.intent.action.SCREEN_ON/u-1} to warm ProcessRecord{75de631 12241:com.miui.powerkeeper/1000}
05-17 18:12:17.404 10891 10891 I VA_VoiceTrigger:ForceDoze: mScreenReceiver onReceive action = android.intent.action.SCREEN_ON
05-17 18:12:17.404 31831 31889 D BtGatt.ScanHelper: onScanParamSetupCompleted : 0
05-17 18:12:17.404 10174 10174 I SysHelperService: PowerReceiver: isKeyguardLocked Leave 01
05-17 18:12:17.405  2597  2750 V BroadcastQueue: Promoting BroadcastProcessQueue{6ab82c7 12786:com.xiaomi.joyose/1000} from runnable to running; process is ProcessRecord{66c1537 12786:com.xiaomi.joyose/1000}
05-17 18:12:17.405 10174 10174 I SysHelperService: PowerReceiver, KeyguardLocked, no tui
05-17 18:12:17.405  2597  2750 V BroadcastQueue: Scheduling BroadcastRecord{7f7064d android.intent.action.SCREEN_ON/u-1} to warm ProcessRecord{66c1537 12786:com.xiaomi.joyose/1000}
05-17 18:12:17.405  2597  8113 V ActivityManager: Finish receiver: android.os.BinderProxy@61a06db
05-17 18:12:17.406  2597  2737 W AccessibilityWindowsPopulator: The displayInfo of this displayId (0) called back from the surface fligner is null
05-17 18:12:17.406  2597  8113 V ActivityManager: Finish receiver: android.os.BinderProxy@e60bd4e
05-17 18:12:17.407 10891 10891 I VA_VoiceTrigger:ForceDoze: mScreenReceiver onReceive complete
05-17 18:12:17.407 10891 12429 E VA_VoiceTrigger:ForceDoze: ACTION_SCREEN_ON:android.intent.action.SCREEN_ON
05-17 18:12:17.407 10891 12429 D VA_VoiceTrigger:ForceDoze: handleMessage: 0 in Thread[VoiceTrigger:ForceDoze-thread,5,main], cost:0
05-17 18:12:17.407  2597  2750 V BroadcastQueue: Promoting BroadcastProcessQueue{4581d22 23684:com.miui.home/u0a128} from runnable to running; process is ProcessRecord{50d4b07 23684:com.miui.home/u0a128}
05-17 18:12:17.407  2597  2750 V BroadcastQueue: Scheduling BroadcastRecord{7f7064d android.intent.action.SCREEN_ON/u-1} to warm ProcessRecord{50d4b07 23684:com.miui.home/u0a128}
05-17 18:12:17.407  2597  7632 V ActivityManager: Finish receiver: android.os.BinderProxy@f713044
05-17 18:12:17.408  2597  2750 V BroadcastQueue: Promoting BroadcastProcessQueue{7e346ce 7114:com.sohu.inputmethod.sogou.xiaomi/u0a170} from runnable to running; process is ProcessRecord{97101da 7114:com.sohu.inputmethod.sogou.xiaomi/u0a170}
05-17 18:12:17.408  2597  2750 V BroadcastQueue: Scheduling BroadcastRecord{7f7064d android.intent.action.SCREEN_ON/u-1} to warm ProcessRecord{97101da 7114:com.sohu.inputmethod.sogou.xiaomi/u0a170}
05-17 18:12:17.408 23684 23684 D BroadcastExecutor: BroadcastExecutor : 2
05-17 18:12:17.408  7114  7114 D sg-input: ReceiverManager onReceive: screen on
05-17 18:12:17.409  2597  7632 V BroadcastQueue: Scheduling BroadcastRecord{7f7064d android.intent.action.SCREEN_ON/u-1} to warm ProcessRecord{5b7bff6 10891:com.miui.voiceassist/u0a176}
05-17 18:12:17.409  2597  7632 V ActivityManager: Finish receiver: android.os.BinderProxy@9ae711b
05-17 18:12:17.409 10891 10891 I VA_UiManagerReceiver: mScreenEventReceiver onReceive action = android.intent.action.SCREEN_ON
05-17 18:12:17.409 10891 10891 I VA_UiManagerReceiver: mScreenEventReceiver onReceive ACTION_SCREEN
05-17 18:12:17.409  2597  2750 V BroadcastQueue: Promoting BroadcastProcessQueue{c0706e2 21316:com.miui.securitycenter.remote/1000} from runnable to running; process is ProcessRecord{3d7558a 21316:com.miui.securitycenter.remote/1000}
05-17 18:12:17.410  2597  7632 V ActivityManager: Finish receiver: android.os.BinderProxy@19e1a3d
05-17 18:12:17.410  2597  2750 V BroadcastQueue: Scheduling BroadcastRecord{7f7064d android.intent.action.SCREEN_ON/u-1} to warm ProcessRecord{3d7558a 21316:com.miui.securitycenter.remote/1000}
05-17 18:12:17.410 21316 21316 I VirusScanManager: onReceive: android.intent.action.SCREEN_ON
05-17 18:12:17.410 21316 21316 D VirusScanManager: prepare to cancel scanRunnable
05-17 18:12:17.410  7763  7763 D MiuiClockController: Listener updateTime
05-17 18:12:17.411  2597  7632 V ActivityManager: Finish receiver: android.os.BinderProxy@f713044
05-17 18:12:17.411 10891 30012 I VA_AppDisappearObserver: onScreenStateChange
05-17 18:12:17.411  2597  2750 V BroadcastQueue: Promoting BroadcastProcessQueue{b5a7751 20954:com.xiaomi.mirror/1000} from runnable to running; process is ProcessRecord{f85abb6 20954:com.xiaomi.mirror/1000}
05-17 18:12:17.411  7763  7763 E AnimationHelper: updateTime mToAod:false mHasNotification: true, mClockType: classic
05-17 18:12:17.411  2597  2750 V BroadcastQueue: Scheduling BroadcastRecord{7f7064d android.intent.action.SCREEN_ON/u-1} to warm ProcessRecord{f85abb6 20954:com.xiaomi.mirror/1000}
05-17 18:12:17.411 20954 20954 D BroadcastExecutor: BroadcastExecutor : 2
05-17 18:12:17.412  2597  2750 V BroadcastQueue: Promoting BroadcastProcessQueue{bc2c42b 13809:com.xiaomi.mi_connect_service/1000} from runnable to running; process is ProcessRecord{95cdadc 13809:com.xiaomi.mi_connect_service/1000}
05-17 18:12:17.412  2597 12179 V ActivityManager: Finish receiver: android.os.BinderProxy@d3d2c4b
05-17 18:12:17.412  2597  2750 V BroadcastQueue: Scheduling BroadcastRecord{7f7064d android.intent.action.SCREEN_ON/u-1} to warm ProcessRecord{95cdadc 13809:com.xiaomi.mi_connect_service/1000}
05-17 18:12:17.413  2597 12179 V BroadcastQueue: Scheduling BroadcastRecord{7f7064d android.intent.action.SCREEN_ON/u-1} to warm ProcessRecord{3d7558a 21316:com.miui.securitycenter.remote/1000}
05-17 18:12:17.413  2597 12179 V ActivityManager: Finish receiver: android.os.BinderProxy@1c9de0a
05-17 18:12:17.414  2597  2750 V BroadcastQueue: Promoting BroadcastProcessQueue{ce277bc 13927:com.xiaomi.mi_connect_service:idm/1000} from runnable to running; process is ProcessRecord{f3e518b 13927:com.xiaomi.mi_connect_service:idm/1000}
05-17 18:12:17.414  2597  2750 V BroadcastQueue: Scheduling BroadcastRecord{7f7064d android.intent.action.SCREEN_ON/u-1} to warm ProcessRecord{f3e518b 13927:com.xiaomi.mi_connect_service:idm/1000}
05-17 18:12:17.414  2597 12179 V ActivityManager: Finish receiver: android.os.BinderProxy@a2079f4
05-17 18:12:17.415 10891 30012 D VA_UiManager: setScreenOnState:1| older state:0
05-17 18:12:17.415 10891 30012 D VA_AppBackManager: onScreenStateChanged
05-17 18:12:17.415  9705 22589 D MiuiNearbyService: setAppConfig
05-17 18:12:17.415  1648  1648 D RefreshRateSelector: Touch Boost
05-17 18:12:17.415  1648  1648 E Scheduler: trackPendingFrame: Invalid present fence
05-17 18:12:17.415 21316 21316 D BroadcastExecutor: BroadcastExecutor : 2
05-17 18:12:17.416  2597 12179 V ActivityManager: Finish receiver: android.os.BinderProxy@d3d2c4b
05-17 18:12:17.416  2597 12179 V BroadcastQueue: Scheduling BroadcastRecord{7f7064d android.intent.action.SCREEN_ON/u-1} to warm ProcessRecord{3d7558a 21316:com.miui.securitycenter.remote/1000}
05-17 18:12:17.416  9705 22589 D MiuiNearbyService: setAppConfig : android.uid.system:1000 com.xiaomi.mi_connect_service android.bluetooth.action.BACKGROUND_SCANNING
05-17 18:12:17.416  2597  2750 V BroadcastQueue: Promoting BroadcastProcessQueue{22127d0 31150:com.miui.personalassistant/u0a122} from runnable to running; process is ProcessRecord{fafb003 31150:com.miui.personalassistant/u0a122}
05-17 18:12:17.416  9705 22589 V MiuiAppCertUtil: checkPermission call from uid/pid 1000/13809
05-17 18:12:17.416  9705 22589 D MiuiNearbyService: putCallBack com.xiaomi.mi_connect_service
05-17 18:12:17.416  2597  2750 V BroadcastQueue: Scheduling BroadcastRecord{7f7064d android.intent.action.SCREEN_ON/u-1} to warm ProcessRecord{fafb003 31150:com.miui.personalassistant/u0a122}
05-17 18:12:17.417  2597  7632 V ActivityManager: Finish receiver: android.os.BinderProxy@f21121
05-17 18:12:17.417 21316 21316 I PowerSaveService: onReceive: android.intent.action.SCREEN_ON
05-17 18:12:17.418  2597  7632 V ActivityManager: Finish receiver: android.os.BinderProxy@d3d2c4b
05-17 18:12:17.418 13927 16098 D AdvertiseSettings: setTxPowerLevel: 2
05-17 18:12:17.418  2597  2750 V BroadcastQueue: Promoting BroadcastProcessQueue{e1ca5ac 1851:com.tencent.mm:push/u0a317} from runnable to running; process is ProcessRecord{bb52275 1851:com.tencent.mm:push/u0a317}
05-17 18:12:17.418 13927 16098 E IDM-MiConnectAdvData: CheckNameValid throws exception
05-17 18:12:17.418  2597  2750 W BroadcastQueue: Greezer Denial: sending Intent { act=android.intent.action.SCREEN_ON flg=0x50200010 pkg=com.tencent.mm:push }, action: android.intent.action.SCREEN_ON from null (uid=1000) due to receiver ProcessRecord{bb52275 1851:com.tencent.mm:push/u0a317} (uid 10317) need cached broadcast
05-17 18:12:17.418  2597  2750 W BroadcastQueue: Delivery state of BroadcastRecord{7f7064d android.intent.action.SCREEN_ON/u-1} to BroadcastFilter{efc9c07 10317/u0 ReceiverList{c6aa246 1851 com.tencent.mm:push/10317/u0 remote:e15ee21}} via ProcessRecord{bb52275 1851:com.tencent.mm:push/u0a317} changed from PENDING to SKIPPED because Greezer Denial
05-17 18:12:17.419  2597  2750 W BroadcastQueue: Greezer Denial: sending Intent { act=android.intent.action.SCREEN_ON flg=0x50200010 pkg=com.tencent.mm:push }, action: android.intent.action.SCREEN_ON from null (uid=1000) due to receiver ProcessRecord{bb52275 1851:com.tencent.mm:push/u0a317} (uid 10317) need cached broadcast
05-17 18:12:17.419  2597  2750 W BroadcastQueue: Delivery state of BroadcastRecord{7f7064d android.intent.action.SCREEN_ON/u-1} to BroadcastFilter{3b80960 10317/u0 ReceiverList{b0e7963 1851 com.tencent.mm:push/10317/u0 remote:5266b92}} via ProcessRecord{bb52275 1851:com.tencent.mm:push/u0a317} changed from PENDING to SKIPPED because Greezer Denial
05-17 18:12:17.419  2597  2750 V BroadcastQueue: Promoting BroadcastProcessQueue{887d2d5 2202:com.tencent.mm/u0a317} from runnable to running; process is ProcessRecord{9cfdaea 2202:com.tencent.mm/u0a317}
05-17 18:12:17.419  2597  2750 W BroadcastQueue: Greezer Denial: sending Intent { act=android.intent.action.SCREEN_ON flg=0x50200010 pkg=com.tencent.mm }, action: android.intent.action.SCREEN_ON from null (uid=1000) due to receiver ProcessRecord{9cfdaea 2202:com.tencent.mm/u0a317} (uid 10317) need cached broadcast
05-17 18:12:17.419  2597  2750 W BroadcastQueue: Delivery state of BroadcastRecord{7f7064d android.intent.action.SCREEN_ON/u-1} to BroadcastFilter{11152b1 10317/u0 ReceiverList{f1ec158 2202 com.tencent.mm/10317/u0 remote:7adb63b}} via ProcessRecord{9cfdaea 2202:com.tencent.mm/u0a317} changed from PENDING to SKIPPED because Greezer Denial
05-17 18:12:17.419  2597  2750 W BroadcastQueue: Greezer Denial: sending Intent { act=android.intent.action.SCREEN_ON flg=0x50200010 pkg=com.tencent.mm }, action: android.intent.action.SCREEN_ON from null (uid=1000) due to receiver ProcessRecord{9cfdaea 2202:com.tencent.mm/u0a317} (uid 10317) need cached broadcast
05-17 18:12:17.419  2597  2750 W BroadcastQueue: Delivery state of BroadcastRecord{7f7064d android.intent.action.SCREEN_ON/u-1} to BroadcastFilter{8dc9fc5 10317/u0 ReceiverList{d89863c 2202 com.tencent.mm/10317/u0 remote:b4eb02f}} via ProcessRecord{9cfdaea 2202:com.tencent.mm/u0a317} changed from PENDING to SKIPPED because Greezer Denial
05-17 18:12:17.419  2597  2750 W BroadcastQueue: Greezer Denial: sending Intent { act=android.intent.action.SCREEN_ON flg=0x50200010 pkg=com.tencent.mm }, action: android.intent.action.SCREEN_ON from null (uid=1000) due to receiver ProcessRecord{9cfdaea 2202:com.tencent.mm/u0a317} (uid 10317) need cached broadcast
05-17 18:12:17.419  2597  7632 V ActivityManager: Finish receiver: android.os.BinderProxy@4f4cdfe
05-17 18:12:17.419  2597  2750 W BroadcastQueue: Delivery state of BroadcastRecord{7f7064d android.intent.action.SCREEN_ON/u-1} to BroadcastFilter{69756be 10317/u0 ReceiverList{61b4979 2202 com.tencent.mm/10317/u0 remote:81eb640}} via ProcessRecord{9cfdaea 2202:com.tencent.mm/u0a317} changed from PENDING to SKIPPED because Greezer Denial
05-17 18:12:17.419  2597  2750 W BroadcastQueue: Greezer Denial: sending Intent { act=android.intent.action.SCREEN_ON flg=0x50200010 pkg=com.tencent.mm }, action: android.intent.action.SCREEN_ON from null (uid=1000) due to receiver ProcessRecord{9cfdaea 2202:com.tencent.mm/u0a317} (uid 10317) need cached broadcast
05-17 18:12:17.419  2597  2750 W BroadcastQueue: Delivery state of BroadcastRecord{7f7064d android.intent.action.SCREEN_ON/u-1} to BroadcastFilter{dcead4f 10317/u0 ReceiverList{8308bae 2202 com.tencent.mm/10317/u0 remote:c957c29}} via ProcessRecord{9cfdaea 2202:com.tencent.mm/u0a317} changed from PENDING to SKIPPED because Greezer Denial
05-17 18:12:17.419  2597  2750 V BroadcastQueue: Promoting BroadcastProcessQueue{e63d453 25567:com.xiaomi.xmsf/u0a177} from runnable to running; process is ProcessRecord{e962c89 25567:com.xiaomi.xmsf/u0a177}
05-17 18:12:17.419  2597  2750 V BroadcastQueue: Scheduling BroadcastRecord{7f7064d android.intent.action.SCREEN_ON/u-1} to warm ProcessRecord{e962c89 25567:com.xiaomi.xmsf/u0a177}
05-17 18:12:17.419  2597  2750 V BroadcastQueue: Promoting BroadcastProcessQueue{cae72c1 27870:com.tencent.mobileqq:MSF/u0a242} from runnable to running; process is ProcessRecord{2de0654 27870:com.tencent.mobileqq:MSF/u0a242}
05-17 18:12:17.418 21316 21485 D PowerNoticeUI: ScreenOnEvent
05-17 18:12:17.419  2597  2750 W BroadcastQueue: Greezer Denial: sending Intent { act=android.intent.action.SCREEN_ON flg=0x50200010 pkg=com.tencent.mobileqq:MSF }, action: android.intent.action.SCREEN_ON from null (uid=1000) due to receiver ProcessRecord{2de0654 27870:com.tencent.mobileqq:MSF/u0a242} (uid 10242) need cached broadcast
05-17 18:12:17.419  2597  2750 W BroadcastQueue: Delivery state of BroadcastRecord{7f7064d android.intent.action.SCREEN_ON/u-1} to BroadcastFilter{1a5efd0 10242/u0 ReceiverList{83ca1b8 27870 com.tencent.mobileqq:MSF/10242/u0 remote:2cf5c1b}} via ProcessRecord{2de0654 27870:com.tencent.mobileqq:MSF/u0a242} changed from PENDING to SKIPPED because Greezer Denial
05-17 18:12:17.419  2597  2750 W BroadcastQueue: Greezer Denial: sending Intent { act=android.intent.action.SCREEN_ON flg=0x50200010 pkg=com.tencent.mobileqq:MSF }, action: android.intent.action.SCREEN_ON from null (uid=1000) due to receiver ProcessRecord{2de0654 27870:com.tencent.mobileqq:MSF/u0a242} (uid 10242) need cached broadcast
05-17 18:12:17.420  2597  2750 W BroadcastQueue: Delivery state of BroadcastRecord{7f7064d android.intent.action.SCREEN_ON/u-1} to BroadcastFilter{bfc641f 10242/u0 ReceiverList{ccd3340 27870 com.tencent.mobileqq:MSF/10242/u0 remote:b89ec3}} via ProcessRecord{2de0654 27870:com.tencent.mobileqq:MSF/u0a242} changed from PENDING to SKIPPED because Greezer Denial
05-17 18:12:17.420 21316 21485 W ContextImpl: Calling a method in the system process without a qualified user: android.app.ContextImpl.sendBroadcast:1260 android.content.ContextWrapper.sendBroadcast:522 xd.a.b:82 com.miui.powercenter.provider.PowerSaveService$c.run:34 android.os.Handler.handleCallback:959 
05-17 18:12:17.420  2597  2750 V BroadcastQueue: Promoting BroadcastProcessQueue{286b91d 7343:com.tencent.mobileqq/u0a242} from runnable to running; process is ProcessRecord{931d792 7343:com.tencent.mobileqq/u0a242}
05-17 18:12:17.420  2597  2750 W BroadcastQueue: Greezer Denial: sending Intent { act=android.intent.action.SCREEN_ON flg=0x50200010 pkg=com.tencent.mobileqq }, action: android.intent.action.SCREEN_ON from null (uid=1000) due to receiver ProcessRecord{931d792 7343:com.tencent.mobileqq/u0a242} (uid 10242) need cached broadcast
05-17 18:12:17.420  2597  2750 W BroadcastQueue: Delivery state of BroadcastRecord{7f7064d android.intent.action.SCREEN_ON/u-1} to BroadcastFilter{ba94add 10242/u0 ReceiverList{2ecd3c6 7343 com.tencent.mobileqq/10242/u0 remote:863f5a1}} via ProcessRecord{931d792 7343:com.tencent.mobileqq/u0a242} changed from PENDING to SKIPPED because Greezer Denial
05-17 18:12:17.420  2597  2750 W BroadcastQueue: Greezer Denial: sending Intent { act=android.intent.action.SCREEN_ON flg=0x50200010 pkg=com.tencent.mobileqq }, action: android.intent.action.SCREEN_ON from null (uid=1000) due to receiver ProcessRecord{931d792 7343:com.tencent.mobileqq/u0a242} (uid 10242) need cached broadcast
05-17 18:12:17.420  2597  2750 W BroadcastQueue: Delivery state of BroadcastRecord{7f7064d android.intent.action.SCREEN_ON/u-1} to BroadcastFilter{e0b69b1 10242/u0 ReceiverList{fe6d458 7343 com.tencent.mobileqq/10242/u0 remote:b0e353b}} via ProcessRecord{931d792 7343:com.tencent.mobileqq/u0a242} changed from PENDING to SKIPPED because Greezer Denial
05-17 18:12:17.420  2597  2750 W BroadcastQueue: Greezer Denial: sending Intent { act=android.intent.action.SCREEN_ON flg=0x50200010 pkg=com.tencent.mobileqq }, action: android.intent.action.SCREEN_ON from null (uid=1000) due to receiver ProcessRecord{931d792 7343:com.tencent.mobileqq/u0a242} (uid 10242) need cached broadcast
05-17 18:12:17.420  2597  2750 W BroadcastQueue: Delivery state of BroadcastRecord{7f7064d android.intent.action.SCREEN_ON/u-1} to BroadcastFilter{779c3d2 10242/u0 ReceiverList{505ae5d 7343 com.tencent.mobileqq/10242/u0 remote:5f9d034}} via ProcessRecord{931d792 7343:com.tencent.mobileqq/u0a242} changed from PENDING to SKIPPED because Greezer Denial
05-17 18:12:17.421  2597 12179 V ActivityManager: Broadcast: Intent { act=miui.android.intent.action.SCREEN_ON flg=0x1000010 pkg=com.xiaomi.misettings } ordered=false userid=0 options=null
05-17 18:12:17.421 13809 16519 I lyra-mdns-core: start_query, query={ifname_vec=[], qname=_mi-connect._udp.local, type=12, user_timeout=0, cb=0xb40000739258ea90}
05-17 18:12:17.421  2597 12179 V ActivityManager: Enqueueing broadcast: miui.android.intent.action.SCREEN_ON replacePending=false
05-17 18:12:17.421 13809 16519 I lyra-mdns-jni: MdnsJni::start_query:626 [ret:0]
05-17 18:12:17.421 13809 14115 D BluetoothAdapter: isLeEnabled(): ON
05-17 18:12:17.421  2597  2750 V BroadcastQueue: Promoting BroadcastProcessQueue{a7b0758 24722:com.google.android.gms.persistent/u0a114} from runnable to running; process is ProcessRecord{4b9761f 24722:com.google.android.gms.persistent/u0a114}
05-17 18:12:17.422  2597  2750 V BroadcastQueue: Scheduling BroadcastRecord{7f7064d android.intent.action.SCREEN_ON/u-1} to warm ProcessRecord{4b9761f 24722:com.google.android.gms.persistent/u0a114}
05-17 18:12:17.422  2597  2750 V BroadcastQueue: Promoting BroadcastProcessQueue{aad467f 31831:com.android.bluetooth/1002} from runnable to running; process is ProcessRecord{8e08b89 31831:com.android.bluetooth/1002}
05-17 18:12:17.422  2597  7632 V ActivityManager: Finish receiver: android.os.BinderProxy@7d2dd4d
05-17 18:12:17.422  2597  2750 V BroadcastQueue: Scheduling BroadcastRecord{7f7064d android.intent.action.SCREEN_ON/u-1} to warm ProcessRecord{8e08b89 31831:com.android.bluetooth/1002}
05-17 18:12:17.422  2597  7632 V BroadcastQueue: Scheduling BroadcastRecord{7f7064d android.intent.action.SCREEN_ON/u-1} to warm ProcessRecord{e962c89 25567:com.xiaomi.xmsf/u0a177}
05-17 18:12:17.422 13809 14115 D BluetoothLeAdvertiser:  Total bytes: size:31
05-17 18:12:17.422  7374 28471 D AnimImageGLProgram: bitmapWidth = 1080.0, bitmapHeight = 2400.0, surfaceWidth = 1440.0, surfaceHeight = 3200.0, matrix = [1.0, 0.0, 0.0, 0.0, 0.0, 1.0, 0.0, 0.0, 0.0, 0.0, 1.0, 0.0, 0.0, 0.0, 0.0, 1.0]
05-17 18:12:17.422  7374 28471 D AnimImageGLProgram: bitmapWidth = 1080.0, bitmapHeight = 2400.0, surfaceWidth = 1440.0, surfaceHeight = 3200.0, matrix = [1.0, 0.0, 0.0, 0.0, 0.0, 1.0, 0.0, 0.0, 0.0, 0.0, 1.0, 0.0, 0.0, 0.0, 0.0, 1.0]
05-17 18:12:17.423 21316 21485 D SettingsInjector: Notify to handle...
05-17 18:12:17.423 25567 25592 W PushService: [Tid:16948] [ExposureCollectManager] screen on or heads up, wait for ping2
05-17 18:12:17.423  2597  7632 V ActivityManager: Finish receiver: android.os.BinderProxy@70f76b2
05-17 18:12:17.423 13809 14115 D BluetoothLeAdvertiser:  Total bytes: size:26
05-17 18:12:17.423  2597  7632 V ActivityManager: Finish receiver: android.os.BinderProxy@7d2dd4d
05-17 18:12:17.424  2597 12179 V ActivityManager: Finish receiver: android.os.BinderProxy@29a2f35
05-17 18:12:17.424  2597  2750 V BroadcastQueue: Promoting BroadcastProcessQueue{ee67311 25151:com.miui.analytics/u0a131} from runnable to running; process is ProcessRecord{899277e 25151:com.miui.analytics/u0a131}
05-17 18:12:17.424  2597  2750 V BroadcastQueue: Scheduling BroadcastRecord{7f7064d android.intent.action.SCREEN_ON/u-1} to warm ProcessRecord{899277e 25151:com.miui.analytics/u0a131}
05-17 18:12:17.424  2597  2750 V BroadcastQueue: Promoting BroadcastProcessQueue{c0bdbd 25970:com.miui.hybrid/u0a142} from runnable to running; process is ProcessRecord{bbf899d 25970:com.miui.hybrid/u0a142}
05-17 18:12:17.424  2597  2750 V BroadcastQueue: Scheduling BroadcastRecord{7f7064d android.intent.action.SCREEN_ON/u-1} to warm ProcessRecord{bbf899d 25970:com.miui.hybrid/u0a142}
05-17 18:12:17.425  2597  2750 I SmartPower: com.miui.hybrid/10142(25970): idle->background(392639ms) R(broadcast start Intent { act=android.intent.action.SCREEN_ON flg=0x50200010 pkg=com.tencent.mobileqq }) adj=905.
05-17 18:12:17.425 25970 25970 D BroadcastExecutor: BroadcastExecutor : 2
05-17 18:12:17.426  2597 12179 V BroadcastQueue: Scheduling BroadcastRecord{7f7064d android.intent.action.SCREEN_ON/u-1} to warm ProcessRecord{4b9761f 24722:com.google.android.gms.persistent/u0a114}
05-17 18:12:17.426  7763  7763 D NotificationHeaderExpandController: onExpansionChanged: progress =  1.0
05-17 18:12:17.426  2597  7632 V ActivityManager: Finish receiver: android.os.BinderProxy@5eaa62f
05-17 18:12:17.427 31831 31942 I BtGatt.AdvertiseManager: startAdvertisingSet2() - packageName com.xiaomi.mi_connect_service
05-17 18:12:17.427 31831 31942 I BtGatt.AdvertiseManager: startAdvertisingSet2() - containsKey com.xiaomi.mi_connect_service
05-17 18:12:17.427 31831 31942 I BtGatt.AdvertiseManager: startAdvertisingSet2() - advNum  [0, -11]
05-17 18:12:17.427  2597  7632 V ActivityManager: Finish receiver: android.os.BinderProxy@d826ffb
05-17 18:12:17.427  2597  7632 V BroadcastQueue: Scheduling BroadcastRecord{7f7064d android.intent.action.SCREEN_ON/u-1} to warm ProcessRecord{899277e 25151:com.miui.analytics/u0a131}
05-17 18:12:17.428 31831 31942 D BtGatt.AdvertiseManager: startAdvertisingSet() - reg_id=-11, callback: android.os.BinderProxy@6f0e452
05-17 18:12:17.428  2597  2750 V BroadcastQueue: Promoting BroadcastProcessQueue{a440114 25597:com.xiaomi.market/u0a151} from runnable to running; process is ProcessRecord{7571f03 25597:com.xiaomi.market/u0a151}
05-17 18:12:17.428 31831 31942 D BtGatt.ContextMap: advertiseInstanceCount is 2
05-17 18:12:17.428 31831 31942 I bt_shim_advertiser: packages/modules/MiuiBluetooth/system/main/shim/le_advertising_manager.cc:200 StartAdvertisingSet: in shim layer
05-17 18:12:17.428 31831 31942 I bt_shim_advertiser: packages/modules/MiuiBluetooth/system/main/shim/le_advertising_manager.cc:227 StartAdvertisingSet: create advertising set, client_id:255, reg_id:-11
05-17 18:12:17.428 31831 31942 D BtGatt.GattService: startAdvertisingSet callingPackage com.xiaomi.mi_connect_service
05-17 18:12:17.428  2597  2750 V BroadcastQueue: Scheduling BroadcastRecord{7f7064d android.intent.action.SCREEN_ON/u-1} to warm ProcessRecord{7571f03 25597:com.xiaomi.market/u0a151}
05-17 18:12:17.428  2597  7632 V ActivityManager: Register receiver android.content.IntentFilter@62001f3: Intent { act=android.intent.action.BATTERY_CHANGED flg=0x60000010 (has extras) }
05-17 18:12:17.428  2597  2750 I SmartPower: com.xiaomi.market/10151(25597): idle->background(14083ms) R(broadcast start Intent { act=android.intent.action.SCREEN_ON flg=0x50200010 pkg=com.tencent.mobileqq }) adj=905.
05-17 18:12:17.428 31831 31874 I bluetooth: packages/modules/MiuiBluetooth/system/gd/hci/le_advertising_manager.cc:1733 set_enc_data: Scan Response Data
05-17 18:12:17.428 31831 31874 I bluetooth: Data: AAFD830CF3736F70686461E79A845265646D6920334B3630 Data Type:  Size: 24
05-17 18:12:17.428 31831 31874 I bluetooth: packages/modules/MiuiBluetooth/system/gd/hci/le_advertising_manager.cc:1733 set_enc_data: Advertising Data
05-17 18:12:17.428 31831 31874 I bluetooth: Data: 8F03281134615936103041A201152629E57C57010302 Data Type:   Size: 22
05-17 18:12:17.428 31831 31874 I bluetooth: Data: AAFD Data Type:  Size: 2
05-17 18:12:17.429 13809 16106 I lyra-mdns-core: update_netcard_info netcard_count(0->2), cur_netcard_num=2, ret=0
05-17 18:12:17.429 13809 16106 I lyra-mdns-core: update_netcard_info new[2-1]={name:wlan0, type:v4, ifindex:27, is_new:new, mul_fd:217, uni_fd:218, ip_addr:192.$)+.&$.72, netmask:255.255.255.0}
05-17 18:12:17.429 13809 16106 I lyra-mdns-core: update_netcard_info new[2-2]={name:wlan0, type:v6, ifindex:27, is_new:new, mul_fd:170, uni_fd:216, ip_addr:fe80::+'?):+*@@:@?>=:a3fd, netmask:ffff:ffff:ffff:ffff::}
05-17 18:12:17.429 13809 16106 I lyra-mdns-core: _deal_timeout mdns is enabled
05-17 18:12:17.429  1363 29645 I sensors-hal: ssc_conn_event_cb:705, event[0] sensor:NonUi  Wakeup msg_id=1024, ts=56439671346525
05-17 18:12:17.429  1363 29645 E sensors-hal: handle_sns_client_event:45, size_buffer = 8
05-17 18:12:17.429  1363 29645 E sensors-hal: handle_sns_client_event:55, nonui_event: ts=2939561127148076, event0=0.000000, event1=0.000000, event2=0.000000
05-17 18:12:17.429  1363 29645 I sensors-hal: ssc_conn_event_cb:705, event[1] sensor:NonUi  Wakeup msg_id=886, ts=56439671346785
05-17 18:12:17.429  1363 29645 I sensors-hal: ssc_conn_event_cb:705, event[2] sensor:NonUi  Wakeup msg_id=1024, ts=56439672709884
05-17 18:12:17.429  1363 29645 E sensors-hal: handle_sns_client_event:45, size_buffer = 8
05-17 18:12:17.429  1363 29645 E sensors-hal: handle_sns_client_event:55, nonui_event: ts=2939561198156357, event0=0.000000, event1=4.095683, event2=-1.000000
05-17 18:12:17.429  1363 29645 I sensors-hal: ssc_conn_event_cb:705, event[3] sensor:NonUi  Wakeup msg_id=886, ts=56439672713642
05-17 18:12:17.431 31831 31874 I bluetooth: packages/modules/MiuiBluetooth/system/gd/hci/le_advertising_manager.cc:2574 on_set_advertising_set_random_address_complete: update random address for advertising set 1 : xx:xx:xx:xx:fa:f6
05-17 18:12:17.432  2597 12179 V ActivityManager: Finish receiver: android.os.BinderProxy@29a2f35
05-17 18:12:17.433  2597 12179 V BroadcastQueue: Scheduling BroadcastRecord{7f7064d android.intent.action.SCREEN_ON/u-1} to warm ProcessRecord{4b9761f 24722:com.google.android.gms.persistent/u0a114}
05-17 18:12:17.433  2597 12179 V ActivityManager: Finish receiver: android.os.BinderProxy@d826ffb
05-17 18:12:17.433 31831 31889 D BtGatt.AdvertiseManager: onAdvertisingSetStarted() - regId=-11, advertiserId=1, status=0
05-17 18:12:17.433 31831 31889 I BtGatt.AdvertiseManager: findAdvertiser2() - advertiserId -11
05-17 18:12:17.433 31831 31889 I BtGatt.AdvertiseManager: onAdvertisingSetStarted() - packageName com.xiaomi.mi_connect_service
05-17 18:12:17.433 31831 31889 I BtGatt.AdvertiseManager: onAdvertisingSetStarted() - advCount [0, 1]
05-17 18:12:17.433  2597 12179 V BroadcastQueue: Scheduling BroadcastRecord{7f7064d android.intent.action.SCREEN_ON/u-1} to warm ProcessRecord{899277e 25151:com.miui.analytics/u0a131}
05-17 18:12:17.434  1363 30000 I sensors-hal: ssc_conn_resp_cb:742, resp_value = 0
05-17 18:12:17.434 25567 25567 W PushService: [Tid:2] [XMPushService] onStart() with intent.Action = com.xiaomi.mipush.SEND_MESSAGE, chid = null, pkg = null|com.xiaomi.xmsf
05-17 18:12:17.434 25567 25632 W PushService: [Tid:16970] [Job] Handle intent action = com.xiaomi.mipush.SEND_MESSAGE
05-17 18:12:17.434  1363  4377 I sensors-hal: handle_sns_std_sensor_event:65, light_event: ts=2939561115363805, lux: 113.0, extra_info=113 
05-17 18:12:17.434  1363 30000 I sensors-hal: handle_indication_realtime:467,  SCHED_FIFO(10) for qmi_cbk
05-17 18:12:17.434  1363 30000 E sensors-hal: handle_sns_client_event:65, oem_pocket_event: ts=2939561198351930, event0=5.000000, event1=4.095683, event2=-1.000000
05-17 18:12:17.434  1363  1363 I sensors-hal: send_sync_sensor_request:463, takes 81 ms to receive the response with 0
05-17 18:12:17.435  1363 29993 I sensors-hal: handle_indication_realtime:467,  SCHED_FIFO(10) for qmi_cbk
05-17 18:12:17.435  1363 29993 I sensors-hal: ssc_conn_event_cb:705, event[0] sensor:proximity Proximity Sensor Wakeup msg_id=769, ts=56439670837356
05-17 18:12:17.435  1363 29993 I sensors-hal: ssc_conn_event_cb:705, event[1] sensor:proximity Proximity Sensor Wakeup msg_id=1031, ts=56439671533982
