--------- beginning of main
05-17 18:12:17.309  2597  4355 D system_server: [DEBUG] scanCode = 116
05-17 18:12:17.309  2597  4355 D InputDispatcher: notifyKey - id=200cf092, eventTime=242232241277000, deviceId=3, source=KEYBOARD, displayId=-1, policyFlags=0x0, action=DOWN, flags=0x8, keyCode=POWER, scanCode=0x74, metaState=0x0, downTime=242232241277000
05-17 18:12:17.309  2597  4355 I MIUIInput: [KeyEvent] notifyKey - eventTime=242232241277000, deviceId=3, source=0x101, policyFlags=0x0, action=0x0, flags=0x8, keyCode=0x1a, scanCode=0x74, metaState=0x0, downTime=242232241277000
--------- beginning of system
05-17 18:12:17.310  2597  4355 W MiuiInputKeyEventLog: keyCode:26 down:true eventTime:242232241 downTime:242232241 policyFlags:2000000 flags:8 metaState:0 deviceId:3 isScreenOn:false keyguardActive:true repeatCount:0
05-17 18:12:17.314  2597  4355 D VibratorManagerService: Canceling vibration
05-17 18:12:17.314  2597  4355 I SideFpsEventHandler: notifyPowerPressed
05-17 18:12:17.320  2597  2735 D CompatChangeReporter: Compat change id reported: 173031413; UID 1000; state: ENABLED
05-17 18:12:17.320  2597  4355 I PowerGroup: Waking up power group from Dozing (groupId=0, uid=1000, reason=WAKE_REASON_POWER_BUTTON, details=android.policy:POWER)...
05-17 18:12:17.320  2597  2737 D MiuiPaperContrastOverlayStubImpl: Update paper-mode, param is true
05-17 18:12:17.320  1648  2808 E Parcel  : Reading a NULL string not supported here.
05-17 18:12:17.321  1648  2808 D MI-SF   : updateScene: module = 274 (ready_to_sleep), value = 0, pkg = Unknown, Vrr = 1, mSetTpIdleFlag = 0
05-17 18:12:17.321  2597  4355 I PowerManagerService: Waking up from Dozing (uid=1000, reason=WAKE_REASON_POWER_BUTTON, details=android.policy:POWER)...
05-17 18:12:17.321  1648  2350 D RefreshRateSelector: Touch Boost
05-17 18:12:17.320  7763  9263 I IPCThreadState: oneway function results for code 255 on binder at 0xb4000075325fb710 will be dropped but finished with status UNKNOWN_TRANSACTION
05-17 18:12:17.321  2597  2597 I WindowManager: Started waking up... (groupId=0 why=ON_BECAUSE_OF_USER)
05-17 18:12:17.322  2597  2775 D BatteryStatsManagerStub: notifyEvent for resId=16 used 0ms
05-17 18:12:17.322  2597  2775 D BatteryStatsImpl: noteInteractiveLocked interactive=true
05-17 18:12:17.323  2597  6936 I whetstone.activity: processNotifyEvent1 resId = 16, bundle = Bundle[{startTime=2939561093, interactive=true}]
05-17 18:12:17.324  2597  2597 D MiuiScreenOnProximityLock: get cts status: false, condition1: false
05-17 18:12:17.324  7763  9263 D KeyguardService: onStartedWakingUp(1)
05-17 18:12:17.324 12241 16460 I EventMonitor: notifyEvent resId=16
05-17 18:12:17.327  2597  2597 W ProcessStats: Tracking association SourceState{6baf90c system/1000 BFgs #437187} whose proc state 4 is better than process ProcessState{b2b1b2a com.miui.voiceassist/10176 pkg=com.miui.voiceassist} proc state 5 (4 skipped)
05-17 18:12:17.327  2597  2800 D SchedBoost: updateScreenState screenOff: false
05-17 18:12:17.328  2597  2800 I DisplayPowerController2[0]: Blocking screen on until initial contents have been drawn.
05-17 18:12:17.328  2597  2800 I WindowManager: Display 0 turning on...
05-17 18:12:17.328  2597  2597 V ActivityManager: Broadcast: Intent { act=android.intent.action.SCREEN_ON flg=0x50200010 } ordered=false userid=-1 options=Bundle[{android:broadcast.deferralPolicy=2, android:broadcast.deliveryGroupMatchingKey=android.intent.action.SCREEN_ON, android:broadcast.deliveryGroupMatchingNamespace=8e09be74-033a-4f3d-8893-3a5005b55af6, android:broadcast.deliveryGroupPolicy=1}]
05-17 18:12:17.328  2597  2597 V ActivityManager: Enqueueing broadcast: android.intent.action.SCREEN_ON replacePending=false
05-17 18:12:17.328  2597  2597 V ActivityManager: Enqueueing ordered broadcast BroadcastRecord{7f7064d android.intent.action.SCREEN_ON/u-1}
05-17 18:12:17.328  2597  2597 V BroadcastQueue: Enqueuing BroadcastRecord{7f7064d android.intent.action.SCREEN_ON/u-1} for 107 receivers
05-17 18:12:17.329  2597  2800 I DisplayBrightnessStrategySelector: Changing the DisplayBrightnessStrategy from ScreenOffBrightnessStrategy to InvalidBrightnessStrategy for display 0
05-17 18:12:17.329  2597  2750 V BroadcastQueue: Promoting BroadcastProcessQueue{d602070 2597:system/1000} from runnable to running; process is ProcessRecord{c617fb0 2597:system/1000}
05-17 18:12:17.329  2597  2800 D AutomaticBrightnessController: setAmbientLux: handle main light sensor event, needUpdateLux: true, mAmbientLux: 112.995, mPreThresholdLux: 176.31001
05-17 18:12:17.329  2597  2750 V BroadcastQueue: Scheduling BroadcastRecord{7f7064d android.intent.action.SCREEN_ON/u-1} to warm ProcessRecord{c617fb0 2597:system/1000}
05-17 18:12:17.330  2597  2750 V BroadcastQueue: Promoting BroadcastProcessQueue{928330b 7763:com.android.systemui/1000} from runnable to running; process is ProcessRecord{11210a6 7763:com.android.systemui/1000}
05-17 18:12:17.330  2597  2750 V BroadcastQueue: Scheduling BroadcastRecord{7f7064d android.intent.action.SCREEN_ON/u-1} to warm ProcessRecord{11210a6 7763:com.android.systemui/1000}
05-17 18:12:17.330  2597  2750 V BroadcastQueue: Promoting BroadcastProcessQueue{93f300e 7742:com.android.phone/1001} from runnable to running; process is ProcessRecord{9d69a01 7742:com.android.phone/1001}
05-17 18:12:17.330  2597  2750 V BroadcastQueue: Scheduling BroadcastRecord{7f7064d android.intent.action.SCREEN_ON/u-1} to warm ProcessRecord{9d69a01 7742:com.android.phone/1001}
05-17 18:12:17.331  2597  2750 V BroadcastQueue: Promoting BroadcastProcessQueue{1400e1b 10092:com.miui.daemon/1000} from runnable to running; process is ProcessRecord{2e052d 10092:com.miui.daemon/1000}
05-17 18:12:17.331  2597  2750 V BroadcastQueue: Scheduling BroadcastRecord{7f7064d android.intent.action.SCREEN_ON/u-1} to warm ProcessRecord{2e052d 10092:com.miui.daemon/1000}
05-17 18:12:17.331  2597  2750 V BroadcastQueue: Promoting BroadcastProcessQueue{905982d 10110:com.android.nfc/1027} from runnable to running; process is ProcessRecord{6fa1a62 10110:com.android.nfc/1027}
05-17 18:12:17.331  2597  2750 V BroadcastQueue: Scheduling BroadcastRecord{7f7064d android.intent.action.SCREEN_ON/u-1} to warm ProcessRecord{6fa1a62 10110:com.android.nfc/1027}
05-17 18:12:17.331  2597  8108 V ActivityManager: Finish receiver: android.os.BinderProxy@7324664
05-17 18:12:17.332 10110 10110 E NfcService: mReceiver action : android.intent.action.SCREEN_ON
05-17 18:12:17.333  2597 11972 V ActivityManager: Finish receiver: android.os.BinderProxy@c9efbca
05-17 18:12:17.333  2597  2800 I AutomaticBrightnessControllerImpl: setProximitySensorEnabled enable
05-17 18:12:17.333 10110 10110 D NfcService: MSG_APPLY_SCREEN_STATE = 4
05-17 18:12:17.333  2597 11972 V ActivityManager: Finish receiver: android.os.BinderProxy@5ca6fc
05-17 18:12:17.334  2597  2750 V BroadcastQueue: Promoting BroadcastProcessQueue{9fbdbf2 10174:com.qualcomm.qti.services.systemhelper:systemhelper_service/1000} from runnable to running; process is ProcessRecord{579eb5e 10174:com.qualcomm.qti.services.systemhelper:systemhelper_service/1000}
05-17 18:12:17.335  2597  2750 V BroadcastQueue: Scheduling BroadcastRecord{7f7064d android.intent.action.SCREEN_ON/u-1} to warm ProcessRecord{579eb5e 10174:com.qualcomm.qti.services.systemhelper:systemhelper_service/1000}
05-17 18:12:17.335  2597  2750 V BroadcastQueue: Promoting BroadcastProcessQueue{d024601 9705:com.xiaomi.bluetooth/1002} from runnable to running; process is ProcessRecord{fbb1222 9705:com.xiaomi.bluetooth/1002}
05-17 18:12:17.335  2597  2750 V BroadcastQueue: Scheduling BroadcastRecord{7f7064d android.intent.action.SCREEN_ON/u-1} to warm ProcessRecord{fbb1222 9705:com.xiaomi.bluetooth/1002}
05-17 18:12:17.336 10174 10174 I SysHelperService: ScreenReceiver:onReceive Intent.ACTION_SCREEN_ON
05-17 18:12:17.336 10174 10174 D SYS_EVENT: send event 16 notification to client
05-17 18:12:17.336 10174 10174 D SYS_EVENT_AIDL: send event 16 notification to client
05-17 18:12:17.336  1363  1363 I sensors-hal: batch:211, android.sensor.proximity/82, period=200000000, max_latency=0
05-17 18:12:17.336  7763  9263 D KeyguardViewMediator: onStartedWakingUp, seq = 265, mPowerGestureIntercepted = false
05-17 18:12:17.336  1363  1363 I sensors-hal: set_config:61, no need to adjust sample_period_ns due to reporting_mode = 2
05-17 18:12:17.336  7763  9263 D KeyguardViewMediator: notifyStartedWakingUp
05-17 18:12:17.336  1363  1363 I sensors-hal: batch:220, android.sensor.proximity/82, period=200000000, max_latency=0 request completed
05-17 18:12:17.336  2597  2800 I SensorService: 	>>> actuating h/w activate handle=0x52 enabled=1
05-17 18:12:17.336  1363  1363 I sensors-hal: activate:178, android.sensor.proximity/82 en=1
05-17 18:12:17.337  1363  1363 I sensors-hal: get_qmi_debug_flag:240, support_qmi_debug : false
05-17 18:12:17.337  9705  9705 D MiuiScanManagerV2: Screen On
05-17 18:12:17.337  7763  9263 D KeyguardService: onScreenTurningOn
05-17 18:12:17.337  2597  6735 I MiuiNetworkPolicy: updateUidState uid = 10171, uidState = 5
05-17 18:12:17.337  2597  6735 I MiuiNetworkPolicy: updateUidState uid = 10128, uidState = 5
05-17 18:12:17.338  1326  1445 E minksocket: MinkIPC_QRTR_Service: client with node 1 port 5dd4 went down
05-17 18:12:17.338  2597  6735 I MiuiNetworkPolicy: updateUidState uid = 10122, uidState = 5
05-17 18:12:17.338  1326  1445 E minksocket: MinkIPC_QRTR_Service: client with node 1 port 5dd5 went down
05-17 18:12:17.338  2597  6735 I MiuiNetworkPolicy: updateUidState uid = 10091, uidState = 19
05-17 18:12:17.338  1326  1445 E minksocket: MinkIPC_QRTR_Service: client with node 1 port 5dd6 went down
05-17 18:12:17.339  1363  1363 I sensors-hal: send_sensor_config_request:568, dt=proximity: convert sample_period=200000000 to batch_period=200000
05-17 18:12:17.339  1363  1363 I sensors-hal: send_sync_sensor_request:431, send sync request
05-17 18:12:17.339  1326  1445 E minksocket: MinkIPC_QRTR_Service: client with node 1 port 5dd7 went down
05-17 18:12:17.339  1363  1363 I sensors-hal: send_sync_sensor_request:457, wait for notification of response
05-17 18:12:17.339  2597  8108 V ActivityManager: Finish receiver: android.os.BinderProxy@de6fe99
05-17 18:12:17.340  2597  2750 V BroadcastQueue: Promoting BroadcastProcessQueue{c0706e2 21316:com.miui.securitycenter.remote/1000} from runnable to running; process is ProcessRecord{3d7558a 21316:com.miui.securitycenter.remote/1000}
05-17 18:12:17.340  2597 11972 V ActivityManager: Finish receiver: android.os.BinderProxy@e7273af
05-17 18:12:17.340  2597  2750 V BroadcastQueue: Scheduling BroadcastRecord{7f7064d android.intent.action.SCREEN_ON/u-1} to warm ProcessRecord{3d7558a 21316:com.miui.securitycenter.remote/1000}
05-17 18:12:17.341  7763  7763 D KeyguardViewMediator: handleNotifyWakingUp
05-17 18:12:17.341  7763  7763 D KeyguardViewMediator: KeyguardViewMediator queue processing message: NOTIFY_STARTED_WAKING_UP
05-17 18:12:17.341  2597 11972 V BroadcastQueue: Scheduling BroadcastRecord{7f7064d android.intent.action.SCREEN_ON/u-1} to warm ProcessRecord{fbb1222 9705:com.xiaomi.bluetooth/1002}
05-17 18:12:17.341  1363 29993 I sensors-hal: ssc_conn_resp_cb:742, resp_value = 0
05-17 18:12:17.341  1363  1363 I sensors-hal: send_sync_sensor_request:463, takes 2 ms to receive the response with 0
05-17 18:12:17.341  1363  1363 I sensors-hal: activate:189, android.sensor.proximity/82 en=1 completed
05-17 18:12:17.342  1648  1648 D RefreshRateSelector: Touch Boost
05-17 18:12:17.342 21316 21442 I TrafficManageService: onReceive: android.intent.action.SCREEN_ON
05-17 18:12:17.342 21316 21442 I LockScreenManager: onReceive: android.intent.action.SCREEN_ON
05-17 18:12:17.342  1648  1648 E Scheduler: trackPendingFrame: Invalid present fence
05-17 18:12:17.342  1648  1648 E Scheduler: trackPendingFrame: Invalid present fence
05-17 18:12:17.342  1648  1648 E Scheduler: trackPendingFrame: Invalid present fence
05-17 18:12:17.342  1648  1648 E Scheduler: trackPendingFrame: Invalid present fence
05-17 18:12:17.342  2597 11593 V ActivityManager: Finish receiver: android.os.BinderProxy@44c2fff
05-17 18:12:17.342  2597  2800 I DualSensorPolicy: setSensorEnabled: register the assist light sensor.
05-17 18:12:17.343  2597  6990 I whetstone.activity: Power Event callback listener is empty for resId=32
05-17 18:12:17.343  2597  6990 D BatteryStatsManagerStub: notifyEvent for resId=32 used 0ms
05-17 18:12:17.343  2597 11593 V BroadcastQueue: Scheduling BroadcastRecord{7f7064d android.intent.action.SCREEN_ON/u-1} to warm ProcessRecord{11210a6 7763:com.android.systemui/1000}
05-17 18:12:17.343 10110 10110 D NfcService: updatePollConfig: mMuteByCam=false, mMuteByMic=false, mMuteByDispatcher=false, screen=4
05-17 18:12:17.343  2597 11593 V ActivityManager: Finish receiver: android.os.BinderProxy@d3d2c4b
05-17 18:12:17.343  2597 11593 V BroadcastQueue: Scheduling BroadcastRecord{7f7064d android.intent.action.SCREEN_ON/u-1} to warm ProcessRecord{3d7558a 21316:com.miui.securitycenter.remote/1000}
05-17 18:12:17.343  2597  2800 I AutomaticBrightnessController: updateAutoBrightness: mScreenAutoBrightness=NaN, newScreenAutoBrightness=0.085585214 (checkedAutoBrightness=1403), mAmbientLux=112.995, mUseDaemonSensorInProgress=true
05-17 18:12:17.343  2597  2800 D DisplayPowerControllerImpl: updateBrightnessChangeStatus: animating: false, displayState: 2, slowChange: false, appliedDimming: false, currentBrightness: 0.0, currentSdrBrightness: 0.0, targetBrightness: 0.085585214, targetSdrBrightness: 0.085585214, previousDisplayPolicy: 1, currentDisplayPolicy: 3
05-17 18:12:17.344  9705  9705 D MiuiBT-PluginUpdatedReceiver: PluginUpdatedReceiver receive action: android.intent.action.SCREEN_ON
05-17 18:12:17.344  9705  9705 I MiuiBT-PluginUpdatedReceiver: ACTION_SCREEN_ON current_time = 1747476737344 mLastDownloadTime = 1691309722996
05-17 18:12:17.344  2597  2597 D AppScoutStateMachine: UiThread-ScoutStateMachinecreated
05-17 18:12:17.344  2597  2597 V ActivityManager: Finish receiver: android.app.ActivityThread$ApplicationThread@67123e7
05-17 18:12:17.344  2597  2800 I DisplayPowerController2[0]: Brightness [0.085585214] reason changing to: 'automatic', previous reason: 'screen_off'.
05-17 18:12:17.344  2597  2800 I DisplayPowerController2[0]: BrightnessEvent: disp=0, physDisp=local:4630946545580055170, displayState=ON, displayPolicy=BRIGHT, brt=0.085585214, initBrt=-1.0, rcmdBrt=0.085585214, preBrt=NaN, lux=NaN, preLux=176.31001, hbmMax=0.499938, hbmMode=off, rbcStrength=50, thrmMax=1.0, powerFactor=1.0, wasShortTermModelActive=false, flags=invalid_lux , reason=automatic, autoBrightness=true, strategy=InvalidBrightnessStrategy, autoBrightnessMode=default
05-17 18:12:17.344 21316 21316 I AppPredictService: onReceive: android.intent.action.SCREEN_ON
05-17 18:12:17.345 21316 21316 D AppPredictService: AppPredictService::onReceive::unlock screen or screen on
05-17 18:12:17.345  2597  6990 D WindowManager: wms.Input focus has changed to Window{5ebb205 u0 ScreenOnProximitySensorGuide} display=0 updateInputWindows = false
05-17 18:12:17.345  2597  6990 I MultiSenceManagerInternalStub: getInstance
05-17 18:12:17.345  2597 11593 V ActivityManager: Finish receiver: android.os.BinderProxy@d3d2c4b
05-17 18:12:17.345 21316 21499 D AppPredictService: start doPredict null
05-17 18:12:17.345 21316 21499 I AppPredictManager: predict: recentApps size = 5
05-17 18:12:17.346  2597  2750 V BroadcastQueue: Promoting BroadcastProcessQueue{bc2c42b 13809:com.xiaomi.mi_connect_service/1000} from runnable to running; process is ProcessRecord{95cdadc 13809:com.xiaomi.mi_connect_service/1000}
05-17 18:12:17.346  2597  2750 V BroadcastQueue: Scheduling BroadcastRecord{7f7064d android.intent.action.SCREEN_ON/u-1} to warm ProcessRecord{95cdadc 13809:com.xiaomi.mi_connect_service/1000}
05-17 18:12:17.346  1474  1537 E ANDR-PERF-RESOURCEQS: Failed to reset optimization [11, 8]
05-17 18:12:17.346  2597  2738 D WindowManager: wms.Focus not requested for window=Window{5ebb205 u0 ScreenOnProximitySensorGuide} because it has no surface or is not focusable.
05-17 18:12:17.347  2597  2597 V BroadcastQueue: Scheduling BroadcastRecord{7f7064d android.intent.action.SCREEN_ON/u-1} to warm ProcessRecord{c617fb0 2597:system/1000}
05-17 18:12:17.347 13809 13809 I SystemMonitor: onReceive action:android.intent.action.SCREEN_ON
05-17 18:12:17.347 13809 13809 I NetBusScreenMonitor: onReceive Screen On
05-17 18:12:17.347 13809 13809 I NetBusScreenMonitor: notifyObserversOfScreenStatusChanged start state=1
05-17 18:12:17.347 13809 13809 I lyra-system: Java_com_xiaomi_continuity_systemmonitor_ScreenMonitor_nativeNotifyScreenStatusChanged:277 state = 1
05-17 18:12:17.347 13809 13809 I lyra-system: ScreenMonitorAndroid::NotifyOfScreenStatusChanged:82 state: 1
05-17 18:12:17.347 13809 13809 I NetBusScreenMonitor: notifyObserversOfScreenStatusChanged end.
05-17 18:12:17.347  2597  2737 W AccessibilityWindowsPopulator: The displayInfo of this displayId (0) called back from the surface fligner is null
05-17 18:12:17.347  2597 11593 V ActivityManager: Finish receiver: android.os.BinderProxy@a2079f4
05-17 18:12:17.348 23684 23684 D TouchInteractionService: onSystemUiFlagsChanged, mSystemUiStateFlags=782201c4
05-17 18:12:17.348  2597  8108 D CoreBackPreview: Window{c93063b u0 NotificationShade}: Setting back callback OnBackInvokedCallbackInfo{mCallback=android.window.IOnBackInvokedCallback$Stub$Proxy@b962675, mPriority=0, mIsAnimationCallback=false}
05-17 18:12:17.348 23684 23684 D NavStubView_Touch: onSystemUiFlagsChanged  mIsShowStatusBar    old= true   new=true
05-17 18:12:17.348 23684 23684 D NavStubView_Touch: onSystemUiFlagsChanged  mIsShowNavBar    old= true   new=true
05-17 18:12:17.348 23684 23684 D NavStubView_Touch: onSystemUiFlagsChanged  isImmersiveNew    old= false   new=false
05-17 18:12:17.348 23684 23684 D NavStubView_Touch: onSystemUiFlagsChanged, mDisableHomeRecents = true, disableHomeRecents = true, isHomeDisabled = true, isRecentDisabled = true
05-17 18:12:17.348 13809 13894 I lyra-disc: DiscoveryManager::OnScreenStateChanged:639 is_screen_on=1
05-17 18:12:17.348  2597  6990 W AccessibilityWindowsPopulator: The displayInfo of this displayId (0) called back from the surface fligner is null
05-17 18:12:17.348 13809 13894 I lyra-disc: DiscoveryManager::OnRestartDiscovery:718 medium_type=ble, frequency=none
05-17 18:12:17.348 13809 13894 I lyra-system: SystemEnvMonitorImpl::IsPowerSystemSuspend:246 is_power_system_suspend=0
05-17 18:12:17.348 13809 13860 I lyra-system: SystemEnvMonitorImpl::GetBleServerStatus:228 ble_server_status=1
05-17 18:12:17.348 13809 13860 I lyra-msg-act: ActuatorControl::OnScreenStateChanged:732 screen state: 1, allow discovery: 1
05-17 18:12:17.348 13809 13860 I lyra-system: SystemEnvMonitorImpl::GetBleServerStatus:228 ble_server_status=1
05-17 18:12:17.348 13809 13860 I lyra-msg-act: ActuatorControl::StartDiscoveryInner:397 
05-17 18:12:17.348 13809 13860 I lyra-msg-act: ActuatorControl::StartDiscoveryInner:418 StartDiscovery result: 0
05-17 18:12:17.348 13809 13860 I lyra-net-ctrl: NetworkingControllerImpl::OnScreenStateChanged:177 state=1
05-17 18:12:17.348 13809 13894 I lyra-system: SystemEnvMonitorImpl::IsUserBackground:255 user_background=0
05-17 18:12:17.348 13809 13894 I lyra-system: SystemEnvMonitorImpl::IsNetworkingEnabled:271 networking enable=1, type=2
05-17 18:12:17.348 13809 13894 I lyra-system: SystemEnvMonitorImpl::IsInSleepMode:115 is_in_sleep_mode=0
05-17 18:12:17.348 13809 13894 I lyra-system: SystemEnvMonitorImpl::IsScreenOn:97 is_screen_on=1
05-17 18:12:17.348 13809 13894 I lyra-disc: DiscoveryPlatformBle::StartDiscovery:122 discovery params={is_same_account=1, is_same_group=0, is_same_no_group=0, is_realtime_discovery=0, data_type=none, frequency=low}
05-17 18:12:17.348 13809 13894 I lyra-ble-governor: BleGovernorImpl::StartBleScan:476 
05-17 18:12:17.348 13809 13945 I lyra-net-ctrl: NetworkingControllerImpl::SyncScreenState:481 local screen state: 1
05-17 18:12:17.348 13809 13945 I lyra-net-sync: SyncManagerImpl::NotifyScreenState:824 screen state: 1
05-17 18:12:17.348 13809 13895 I lyra-ble-scan: BleScan::StartBleScan:134 service_id 0x12 mode 0 cb 0xb400007362527f48
05-17 18:12:17.348 13809 13895 I syswrapper-ble-BleSysWrapper: BleSysWrapper::StartBleScan:80 
05-17 18:12:17.348  2597  2750 V BroadcastQueue: Promoting BroadcastProcessQueue{aad467f 31831:com.android.bluetooth/1002} from runnable to running; process is ProcessRecord{8e08b89 31831:com.android.bluetooth/1002}
05-17 18:12:17.348 13809 13895 I syswrapper-ble-jni: syswrapper::JNIBleStartBleScanWithDataMask:343 in jni
05-17 18:12:17.349  2597 11593 V ActivityManager: Finish receiver: android.os.BinderProxy@e7273af
05-17 18:12:17.349 13809 13895 I lyra-BleScanner: startBleScanning enter 0
05-17 18:12:17.349  2597  2750 V BroadcastQueue: Scheduling BroadcastRecord{7f7064d android.intent.action.SCREEN_ON/u-1} to warm ProcessRecord{8e08b89 31831:com.android.bluetooth/1002}
05-17 18:12:17.349  7763  7763 D MiuiKeyguardWallPaperManager: showWallpaperScreenOnAnim: true
05-17 18:12:17.349  7763  7763 I MiuiGxzwManager: stopDozing
05-17 18:12:17.349  7763  7763 D MiuiGxzwViewIcon: stopDozing
05-17 18:12:17.349  1363  1363 I sensors-hal: batch:211, xiaomi.sensor.oem_pocket/1951, period=1000000, max_latency=0
05-17 18:12:17.349  7763  8593 I KeyguardSensorInjector: register large area touch sensor
05-17 18:12:17.349  1363  1363 I sensors-hal: set_config:61, no need to adjust sample_period_ns due to reporting_mode = 2
05-17 18:12:17.349  1363  1363 I sensors-hal: batch:220, xiaomi.sensor.oem_pocket/1951, period=1000000, max_latency=0 request completed
05-17 18:12:17.350 10110 10110 I libnfc_nci: [INFO:NativeNfcManager.cpp(3149)] mutePollingConfigState=0,screen_state_mask=4
05-17 18:12:17.350  7763  7763 I MiuiGxzwViewIcon: setGxzwIconOpaque
05-17 18:12:17.350  7763  7763 I DozeServicePluginImpl: plugin onSystemUIAction: 4
05-17 18:12:17.350  2597  6990 I SensorService: 	>>> actuating h/w activate handle=0x79f enabled=1
05-17 18:12:17.350 31831 31831 D BtGatt.GattService: onReceive: android.intent.action.SCREEN_ON
05-17 18:12:17.350  7763  7763 I MiuiAodService: onGxzwIconChanged: false
05-17 18:12:17.350  7763  7763 D AODWakeLock: longWakeLock : acquire from:onGxzwIconChanged inner :false
05-17 18:12:17.350  1363  1363 I sensors-hal: activate:178, xiaomi.sensor.oem_pocket/1951 en=1
05-17 18:12:17.350  2597  2597 V ActivityManager: Finish receiver: android.app.ActivityThread$ApplicationThread@67123e7
05-17 18:12:17.350  7763  8470 D MiuiGxzwAnimView: drawFingerprintIcon mDozing=false;mDozingIconAnimDone=false
05-17 18:12:17.350  7763  8470 I MiuiGxzwAnimManager: getFingerIconResource: mKeyguardAuthen = true, mLightWallpaperGxzw = false, mEnrolling = false, mLightIcon = false
05-17 18:12:17.350  7763  8470 I MiuiGxzwFrameAnimation: draw: res = 2131234230, anim = false, scale = 1.0
05-17 18:12:17.350  1363  1363 I sensors-hal: get_qmi_debug_flag:240, support_qmi_debug : false
05-17 18:12:17.350  1648  1648 E Scheduler: trackPendingFrame: Invalid present fence
05-17 18:12:17.350  1409 31527 D NxpTml  : PN54X - Write requested.....
05-17 18:12:17.350  1409 31527 D NxpTml  : PN54X - Invoking I2C Write.....
05-17 18:12:17.351  7374  7398 I MiuiWallpaper-WallpaperEventManager: showWallpaperScreenOnAnim: on = true
05-17 18:12:17.351  1326  1445 E minksocket: MinkIPC_QRTR_Service: client with node 1 port 5dd9 went down
05-17 18:12:17.351  7374  7398 I MiuiWallpaper-WallpaperEventManager: setScreenOn = true
05-17 18:12:17.351  2597  2800 D AutomaticBrightnessController: setAmbientLux: handle main light sensor event, needUpdateLux: true, mAmbientLux: 112.995, mPreThresholdLux: 112.995
05-17 18:12:17.352  2597 11593 V ActivityManager: Finish receiver: android.os.BinderProxy@70f76b2
05-17 18:12:17.352  7374  7374 I MiuiWallpaper-WallpaperEventManager: checkIsSameVideoWpFile: type != TYPE_VIDEO, return false
05-17 18:12:17.352  1326  1445 E minksocket: MinkIPC_QRTR_Service: client with node 1 port 5dda went down
05-17 18:12:17.352  1326  1445 E minksocket: MinkIPC_QRTR_Service: client with node 1 port 5ddb went down
05-17 18:12:17.352  7374  7374 I MiuiWallpaper-BitmapSampleSignature: equals: false, diff
05-17 18:12:17.352  7374  7374 I MiuiWallpaper-BitmapSampleSignature: equals: false, null
05-17 18:12:17.352  7374  7374 I MiuiWallpaper-WallpaperEventManager: checkIsSameVideoWpFile: type != TYPE_VIDEO, return false
05-17 18:12:17.352  1363  1363 I sensors-hal: send_sensor_config_request:568, dt=NonUi: convert sample_period=1000000 to batch_period=1000
05-17 18:12:17.352  1363  1363 I sensors-hal: send_sync_sensor_request:431, send sync request
05-17 18:12:17.352  1363  1363 I sensors-hal: send_sync_sensor_request:457, wait for notification of response
05-17 18:12:17.352  1326  1445 E minksocket: MinkIPC_QRTR_Service: client with node 1 port 5ddc went down
05-17 18:12:17.352  1409 31527 D NxpTml  : Write errno : 6b
05-17 18:12:17.352  1409 31527 D NxpTml  : PN54X - Error in I2C Write.....
05-17 18:12:17.353  1409 31527 D NxpTml  : PN54X - Posting Fresh Write message.....
05-17 18:12:17.353  1409 31527 D NxpTml  : PN54X - Tml Writer Thread Running................
05-17 18:12:17.353  1409 31529 D NxpHal  : write error status = 0x1ff
05-17 18:12:17.353  1409  1409 D NxpHal  : write_unlocked failed - PN54X Maybe in Standby Mode - Retry
05-17 18:12:17.353 13809 13895 I lyra-BleScanner: ScanFilter [BluetoothLeScanFilter [mDeviceName=null, mDeviceAddress=null, mUuid=null, mUuidMask=null, mServiceSolicitationUuid=null, mServiceSolicitationUuidMask=null, mServiceDataUuid=0000fcc0-0000-1000-8000-00805f9b34fb, mServiceData=[0, 1, 0, 0, 0, 0, 0, -27, 124], mServiceDataMask=[0, 1, 0, 0, 0, 0, 0, -1, -1], mManufacturerId=-1, mManufacturerData=null, mManufacturerDataMask=null, mAdvertisingDataType=-1, mAdvertisingData=null, mAdvertisingDataMask=null, mTransportBlockFilter=null, mGroupBasedFiltering=false]]
05-17 18:12:17.353 13809 13895 I lyra-BleScanner: ScanFilter [BluetoothLeScanFilter [mDeviceName=null, mDeviceAddress=null, mUuid=null, mUuidMask=null, mServiceSolicitationUuid=null, mServiceSolicitationUuidMask=null, mServiceDataUuid=null, mServiceData=null, mServiceDataMask=null, mManufacturerId=911, mManufacturerData=[0, 18, 0, 1, 0, 0, 0, 0, 0, -27, 124], mManufacturerDataMask=[0, -1, 0, 1, 0, 0, 0, 0, 0, -1, -1], mAdvertisingDataType=-1, mAdvertisingData=null, mAdvertisingDataMask=null, mTransportBlockFilter=null, mGroupBasedFiltering=false]]
05-17 18:12:17.353 13809 13895 D BluetoothAdapter: isLeEnabled(): ON
05-17 18:12:17.353  7374 28471 D MiuiWallpaper-AnimatorProgram: startRevealAnim: awake = true
05-17 18:12:17.354  7374 28471 D MiuiWallpaper-AnimatorProgram: mRevealAnimator start. reveal = 1.0
05-17 18:12:17.355  2597  2597 V BroadcastQueue: Scheduling BroadcastRecord{7f7064d android.intent.action.SCREEN_ON/u-1} to warm ProcessRecord{c617fb0 2597:system/1000}
05-17 18:12:17.355  2597  2597 V ActivityManager: Broadcast: Intent { act=android.intent.action.TIME_TICK flg=0x50200010 } ordered=false userid=-1 options=Bundle[{android:broadcast.deferralPolicy=2, android:broadcast.deliveryGroupPolicy=1}]
05-17 18:12:17.355  2597  2597 V ActivityManager: Enqueueing broadcast: android.intent.action.TIME_TICK replacePending=false
05-17 18:12:17.355  2597  2597 V ActivityManager: Enqueueing ordered broadcast BroadcastRecord{79e3e7b android.intent.action.TIME_TICK/u-1}
05-17 18:12:17.355  2597  2597 V BroadcastQueue: Enqueuing BroadcastRecord{79e3e7b android.intent.action.TIME_TICK/u-1} for 4 receivers
05-17 18:12:17.355  2597  4370 V ActivityManager: Finish receiver: android.app.ActivityThread$ApplicationThread@67123e7
05-17 18:12:17.356 21316 21357 I AppPredictPrivacyLaunchManager: getLauncherHomeAppList size: 71
05-17 18:12:17.356  7763  7763 I AODUpdatePositionController: onGxzwIconChanged: visible true
05-17 18:12:17.356  7763  7763 I AODUpdatePositionController: notifyGxzwIconState: visible true
05-17 18:12:17.356  7763  7763 I AODUpdatePositionController: updateTranslateStep: mScreenSize.y 3200 bottom 2685 mTranslationY 267  mTranslationYStep: 134.75
05-17 18:12:17.356  7763  7763 D AODWakeLock: longWakeLock : release from:onGxzwIconChanged hold:true
05-17 18:12:17.356  2597  4370 V BroadcastQueue: Scheduling BroadcastRecord{7f7064d android.intent.action.SCREEN_ON/u-1} to warm ProcessRecord{c617fb0 2597:system/1000}
05-17 18:12:17.356 21316 21357 I AppPredictResultHelper: updatePreferenceStore: size = 13
05-17 18:12:17.356  2597  2597 D MiuiWifiService: cancelPeriodWifiScan trigger
05-17 18:12:17.356  2597  2597 V ActivityManager: Finish receiver: android.app.ActivityThread$ApplicationThread@67123e7
05-17 18:12:17.357  2597  2597 V BroadcastQueue: Scheduling BroadcastRecord{7f7064d android.intent.action.SCREEN_ON/u-1} to warm ProcessRecord{c617fb0 2597:system/1000}
05-17 18:12:17.357  7763  7763 D AODWakeLock: longWakeLock : release after:onGxzwIconChanged hold:false
05-17 18:12:17.357  7763  7763 I MiuiGxzwViewIcon: unscheduleSetIconTransparen
05-17 18:12:17.357  7763  7763 D MiuiBleUnlockHelper: verifyBLEDeviceRssi  isShowing = true isOccluded = false isMXtelcel = false isHiding = false isDeviceInteractive = true
05-17 18:12:17.358  7763  7763 D ControlCenterControllerImpl: disable1: 1600000 -> 1600000 (diff1: 0)
05-17 18:12:17.358  7763  7763 D ControlCenterControllerImpl: disable2: 0 -> 0 (diff1: 0)
05-17 18:12:17.358  7763  7763 D ControlCenterControllerImpl: panelEnabled changed from true to true
05-17 18:12:17.358  2597  2597 V ActivityManager: Finish receiver: android.app.ActivityThread$ApplicationThread@67123e7
05-17 18:12:17.358  7763  7763 D CollapsedStatusBarFragment: adjustDisableFlags: ShadeExpansionState = 2 mHideIconsForBouncer = false mWereIconsJustHidden = false, mWakeUpCoordinator.getNotificationsFullyHidden = true, mIsExpanded = false, mBypassController.getBypassEnabled = false, mStatusBarStateController.getState() = 1, mKeyguardStateController.isKeyguardGoingAway() = false, mHeadsUpManager.hasPinnedHeadsUp = false, mControlPanelExpand = false
05-17 18:12:17.358  7763  7763 I QS      : setListening true
05-17 18:12:17.358  7763  7763 D NotificationPanelExpandController: show false
05-17 18:12:17.358  7763  7763 D NotificationPanelExpandController: expand height changed to 200.0
05-17 18:12:17.358  2597  2597 V BroadcastQueue: Scheduling BroadcastRecord{7f7064d android.intent.action.SCREEN_ON/u-1} to warm ProcessRecord{c617fb0 2597:system/1000}
05-17 18:12:17.358  2597  2597 V ActivityManager: Finish receiver: android.app.ActivityThread$ApplicationThread@67123e7
05-17 18:12:17.359  2597  2597 V BroadcastQueue: Scheduling BroadcastRecord{7f7064d android.intent.action.SCREEN_ON/u-1} to warm ProcessRecord{c617fb0 2597:system/1000}
05-17 18:12:17.359 31831 31942 D BtGatt.ScanHelper: registerScanner() - UUID=7a8886c9-fb6e-491a-bf3b-ccc4166bfa62
05-17 18:12:17.359  2597  2597 V ActivityManager: Finish receiver: android.app.ActivityThread$ApplicationThread@67123e7
05-17 18:12:17.359  7763 30002 I ClockDataUtils: getWeatherBean, type = 1
05-17 18:12:17.359 31831 31942 I bt_shim_scanner: packages/modules/MiuiBluetooth/system/main/shim/le_scanning_manager.cc:173 RegisterScanner: in shim layer
05-17 18:12:17.359  2597  2597 V BroadcastQueue: Scheduling BroadcastRecord{7f7064d android.intent.action.SCREEN_ON/u-1} to warm ProcessRecord{c617fb0 2597:system/1000}
05-17 18:12:17.360  1474  1537 E ANDR-PERF-RESOURCEQS: Failed to reset optimization [11, 8]
05-17 18:12:17.360  7763  7763 D ControlCenterControllerImpl: disable1: 1600000 -> 1600000 (diff1: 0)
05-17 18:12:17.360 31831 31889 D BtGatt.ScanHelper: onScannerRegistered() - UUID=7a8886c9-fb6e-491a-bf3b-ccc4166bfa62, scannerId=1, status=0
05-17 18:12:17.360  7763  7763 D ControlCenterControllerImpl: disable2: 0 -> 0 (diff1: 0)
05-17 18:12:17.360  7763  7763 D ControlCenterControllerImpl: panelEnabled changed from true to true
05-17 18:12:17.360  7763  7763 D CollapsedStatusBarFragment: adjustDisableFlags: ShadeExpansionState = 2 mHideIconsForBouncer = false mWereIconsJustHidden = false, mWakeUpCoordinator.getNotificationsFullyHidden = true, mIsExpanded = false, mBypassController.getBypassEnabled = false, mStatusBarStateController.getState() = 1, mKeyguardStateController.isKeyguardGoingAway() = false, mHeadsUpManager.hasPinnedHeadsUp = false, mControlPanelExpand = false
05-17 18:12:17.360  7763  7763 I BoostHelper: boost: add myTid: 7763
05-17 18:12:17.360  7763  7763 I BoostHelper: boost: add mRenderThreadTid: 8075
05-17 18:12:17.360  2597  2597 V ActivityManager: Finish receiver: android.app.ActivityThread$ApplicationThread@67123e7
05-17 18:12:17.360 13809 16519 D BluetoothLeScanner: onScannerRegistered() - status=0 scannerId=1 mScannerId=0
05-17 18:12:17.360  7763  7763 I BoostHelper: boostThread sched thread [7763, 8075, 8897, 8896] is run,mod=1
05-17 18:12:17.360  2597  6911 D PerfStubImpl: perfLockAcquire
05-17 18:12:17.360  2597  2597 V BroadcastQueue: Scheduling BroadcastRecord{7f7064d android.intent.action.SCREEN_ON/u-1} to warm ProcessRecord{c617fb0 2597:system/1000}
05-17 18:12:17.361  2597  2597 V ActivityManager: Finish receiver: android.app.ActivityThread$ApplicationThread@67123e7
05-17 18:12:17.361 31831 31942 D BtGatt.ScanHelper: start scan with filters
05-17 18:12:17.361  2597  6911 D SchedBoost: startBoostInternal 1000
05-17 18:12:17.361  7763  7763 D KeyguardHorizontalMoveLeftViewContainer: bindLockScreenMagazineService false false false false false true true
05-17 18:12:17.361  2597  2597 V BroadcastQueue: Scheduling BroadcastRecord{7f7064d android.intent.action.SCREEN_ON/u-1} to warm ProcessRecord{c617fb0 2597:system/1000}
05-17 18:12:17.361  2597  8108 I WindowManager: mKeyguardDelegate.ShowListener.onDrawn.
05-17 18:12:17.361  2597 11655 V ActivityManager: Finish receiver: android.os.BinderProxy@44c2fff
05-17 18:12:17.362  2597 11655 V BroadcastQueue: Scheduling BroadcastRecord{7f7064d android.intent.action.SCREEN_ON/u-1} to warm ProcessRecord{11210a6 7763:com.android.systemui/1000}
05-17 18:12:17.362  2597  2597 V ActivityManager: Finish receiver: android.app.ActivityThread$ApplicationThread@67123e7
05-17 18:12:17.362  2597  2735 W WindowManager: Setting mKeyguardDrawComplete
05-17 18:12:17.362  2597  2597 V BroadcastQueue: Scheduling BroadcastRecord{7f7064d android.intent.action.SCREEN_ON/u-1} to warm ProcessRecord{c617fb0 2597:system/1000}
05-17 18:12:17.363  1409 31527 D NxpTml  : PN54X - Write requested.....
05-17 18:12:17.363  1409 31527 D NxpTml  : PN54X - Invoking I2C Write.....
05-17 18:12:17.363  1409 31527 D NxpNciX : len =   4 > 20090102
05-17 18:12:17.363  1409 31527 D NxpTml  : PN54X - I2C Write successful.....
05-17 18:12:17.363  1409 31527 D NxpTml  : PN54X - Posting Fresh Write message.....
05-17 18:12:17.363  1409 31527 D NxpTml  : PN54X - Tml Writer Thread Running................
05-17 18:12:17.363  1409 31529 D NxpHal  : write successful status = 0x0
05-17 18:12:17.364  1409 31526 D NxpTml  : PN54X - I2C Read successful.....
05-17 18:12:17.364  1409 31526 D NxpNciR : len =   4 > 40090100
05-17 18:12:17.364  1409 31526 D NxpTml  : PN54X - Posting read message.....
05-17 18:12:17.364  1409 31529 D NxpHal  : read successful status = 0x0
05-17 18:12:17.364  2597  2738 D WindowManager: wms.Focus not requested for window=Window{5ebb205 u0 ScreenOnProximitySensorGuide} because it has no surface or is not focusable.
05-17 18:12:17.364  1409 31526 D NxpTml  : PN54X - Read requested.....
05-17 18:12:17.364  1409 31526 D NxpTml  : PN54X - Invoking I2C Read.....
05-17 18:12:17.364  2597  2597 V ActivityManager: Finish receiver: android.app.ActivityThread$ApplicationThread@67123e7
05-17 18:12:17.364  2597  6996 D WifiFeatureControl: gameState: false, battleState: false
05-17 18:12:17.365  1409 31527 D NxpTml  : PN54X - Write requested.....
05-17 18:12:17.365  1409 31527 D NxpTml  : PN54X - Invoking I2C Write.....
05-17 18:12:17.365 25151 25236 D IdProviderImpl: getOAID from com.miui.analytics
05-17 18:12:17.366  1648  1648 E Scheduler: trackPendingFrame: Invalid present fence
05-17 18:12:17.366  2597  7632 I ClipboardServiceI: checkProviderWakePathForClipboard: primaryClip is null
05-17 18:12:17.366  2597  7632 I SmartPower: com.miui.weather2/10265(26842): idle->background(692587ms) R(content provider start ContentProviderRecord{99a763f u0 com.miui.weather2/.providers.WeatherProvider}) adj=0.
05-17 18:12:17.366  1409 31527 D NxpNciX : len =   7 > 20020401020100
05-17 18:12:17.366  1409 31527 D NxpTml  : PN54X - I2C Write successful.....
05-17 18:12:17.366  1409 31527 D NxpTml  : PN54X - Posting Fresh Write message.....
05-17 18:12:17.366  1409 31527 D NxpTml  : PN54X - Tml Writer Thread Running................
05-17 18:12:17.366  1409 31529 D NxpHal  : write successful status = 0x0
05-17 18:12:17.367  1409 31526 D NxpTml  : PN54X - I2C Read successful.....
05-17 18:12:17.367  1409 31526 D NxpNciR : len =   5 > 4002020000
05-17 18:12:17.367  1409 31526 D NxpTml  : PN54X - Posting read message.....
05-17 18:12:17.367  1409 31529 D NxpHal  : read successful status = 0x0
05-17 18:12:17.367  1409 31529 D NxpHal  : phNxpNciHal_print_res_status: response status =STATUS_OK
05-17 18:12:17.367 31831 31831 D HidDeviceService: handleMessage(): msg.what=8
05-17 18:12:17.367  2597  6735 I MiuiNetworkPolicy: updateUidState uid = 10265, uidState = 5
05-17 18:12:17.368  1409 31526 D NxpTml  : PN54X - Read requested.....
05-17 18:12:17.368  1409 31526 D NxpTml  : PN54X - Invoking I2C Read.....
05-17 18:12:17.369  2597  6871 D GreezeManager: THAW uid = 10265 pid = [ 26842 ]  reason : provider caller : 1000
05-17 18:12:17.369  2597  6871 D isUidValid: uid = 10265
05-17 18:12:17.370 26842 26945 D Wth2:ToolUtils: packageName: com.android.systemui hasAccessProvider: true
05-17 18:12:17.370 26842 26945 D Wth2:WeatherProvider: WeatherProvider query match is:40
05-17 18:12:17.370 26842 26945 D Wth2:WeatherProvider: interfaceType=40:getActualWeatherData
05-17 18:12:17.371 26842 26945 I Wth2:WeatherProvider: getFirstSelectedCity() ret count= 1
05-17 18:12:17.371 12241 12787 D MilletUtils: setUidState, uid = 10265 allow = true
05-17 18:12:17.371 26842 26945 E Wth2:WeatherProvider: getFirstSelectedCity() error 
05-17 18:12:17.371 26842 26945 E Wth2:WeatherProvider: java.lang.NumberFormatException: For input string: "31.007_121.712"
05-17 18:12:17.371 26842 26945 E Wth2:WeatherProvider: 	at java.lang.Integer.parseInt(Integer.java:790)
05-17 18:12:17.371 26842 26945 E Wth2:WeatherProvider: 	at java.lang.Integer.parseInt(Integer.java:908)
05-17 18:12:17.371 26842 26945 E Wth2:WeatherProvider: 	at com.miui.weather2.providers.WeatherProvider.g(SourceFile:9)
05-17 18:12:17.371 26842 26945 E Wth2:WeatherProvider: 	at com.miui.weather2.providers.WeatherProvider.e(SourceFile:5)
05-17 18:12:17.371 26842 26945 E Wth2:WeatherProvider: 	at com.miui.weather2.providers.WeatherProvider.query(SourceFile:27)
05-17 18:12:17.371 26842 26945 E Wth2:WeatherProvider: 	at android.content.ContentProvider.query(ContentProvider.java:1633)
05-17 18:12:17.371 26842 26945 E Wth2:WeatherProvider: 	at android.content.ContentProvider.query(ContentProvider.java:1729)
05-17 18:12:17.371 26842 26945 E Wth2:WeatherProvider: 	at android.content.ContentProvider$Transport.query(ContentProvider.java:301)
05-17 18:12:17.371 26842 26945 E Wth2:WeatherProvider: 	at android.content.ContentProviderNative.onTransact(ContentProviderNative.java:110)
05-17 18:12:17.371 26842 26945 E Wth2:WeatherProvider: 	at android.os.Binder.execTransactInternal(Binder.java:1512)
05-17 18:12:17.371 26842 26945 E Wth2:WeatherProvider: 	at android.os.Binder.execTransact(Binder.java:1451)
05-17 18:12:17.371 26842 26945 D Wth2:WeatherProvider: getActualWeatherData dataType=1
05-17 18:12:17.371 26842 26945 D Wth2:WeatherProvider: queryOriginalWeatherData day= 5, tempId= 31.007_121.712
05-17 18:12:17.371 26842 26945 I Wth2:WeatherProvider: getFirstSelectedCity() ret count= 1
05-17 18:12:17.371 26842 26945 E Wth2:WeatherProvider: getFirstSelectedCity() error 
05-17 18:12:17.371 26842 26945 E Wth2:WeatherProvider: java.lang.NumberFormatException: For input string: "31.007_121.712"
05-17 18:12:17.371 26842 26945 E Wth2:WeatherProvider: 	at java.lang.Integer.parseInt(Integer.java:790)
05-17 18:12:17.371 26842 26945 E Wth2:WeatherProvider: 	at java.lang.Integer.parseInt(Integer.java:908)
05-17 18:12:17.371 26842 26945 E Wth2:WeatherProvider: 	at com.miui.weather2.providers.WeatherProvider.g(SourceFile:9)
05-17 18:12:17.371 26842 26945 E Wth2:WeatherProvider: 	at com.miui.weather2.providers.WeatherProvider.I(SourceFile:5)
05-17 18:12:17.371 26842 26945 E Wth2:WeatherProvider: 	at com.miui.weather2.providers.WeatherProvider.e(SourceFile:36)
05-17 18:12:17.371 26842 26945 E Wth2:WeatherProvider: 	at com.miui.weather2.providers.WeatherProvider.query(SourceFile:27)
05-17 18:12:17.371 26842 26945 E Wth2:WeatherProvider: 	at android.content.ContentProvider.query(ContentProvider.java:1633)
05-17 18:12:17.371 26842 26945 E Wth2:WeatherProvider: 	at android.content.ContentProvider.query(ContentProvider.java:1729)
05-17 18:12:17.371 26842 26945 E Wth2:WeatherProvider: 	at android.content.ContentProvider$Transport.query(ContentProvider.java:301)
05-17 18:12:17.371 26842 26945 E Wth2:WeatherProvider: 	at android.content.ContentProviderNative.onTransact(ContentProviderNative.java:110)
05-17 18:12:17.371 26842 26945 E Wth2:WeatherProvider: 	at android.os.Binder.execTransactInternal(Binder.java:1512)
05-17 18:12:17.371 26842 26945 E Wth2:WeatherProvider: 	at android.os.Binder.execTransact(Binder.java:1451)
05-17 18:12:17.371 26842 26945 D Wth2:WeatherProvider: queryOriginalWeatherData res getCount: 5
05-17 18:12:17.371 26842 26945 D Wth2:WeatherProvider: getActualWeatherData NORMAL more than 60 minute, widget get local weather data
05-17 18:12:17.372 31831 31942 D BtGatt.ScanHelper: enforcePrivilegedPermissionIfNeeded([BluetoothLeScanFilter [mDeviceName=null, mDeviceAddress=null, mUuid=null, mUuidMask=null, mServiceSolicitationUuid=null, mServiceSolicitationUuidMask=null, mServiceDataUuid=0000fcc0-0000-1000-8000-00805f9b34fb, mServiceData=[0, 1, 0, 0, 0, 0, 0, -27, 124], mServiceDataMask=[0, 1, 0, 0, 0, 0, 0, -1, -1], mManufacturerId=-1, mManufacturerData=null, mManufacturerDataMask=null, mAdvertisingDataType=-1, mAdvertisingData=null, mAdvertisingDataMask=null, mTransportBlockFilter=null, mGroupBasedFiltering=false], BluetoothLeScanFilter [mDeviceName=null, mDeviceAddress=null, mUuid=null, mUuidMask=null, mServiceSolicitationUuid=null, mServiceSolicitationUuidMask=null, mServiceDataUuid=null, mServiceData=null, mServiceDataMask=null, mManufacturerId=911, mManufacturerData=[0, 18, 0, 1, 0, 0, 0, 0, 0, -27, 124], mManufacturerDataMask=[0, -1, 0, 1, 0, 0, 0, 0, 0, -1, -1], mAdvertisingDataType=-1, mAdvertisingData=null, mAdvertisingDataMask=null, mTransportBlockFilter=null, mGroupBasedFiltering=false]])
05-17 18:12:17.372 26842 26945 D Wth2:ToolUtils: packageName: com.miui.weather2 hasAccessProvider: true
05-17 18:12:17.372 26842 26945 D Wth2:WeatherProvider: WeatherProvider query match is:7
05-17 18:12:17.373 26842 26945 D Wth2:WeatherProvider: day: 1  currentType: 1  weatherName: 多云 temperature: 29℃ sunRise: 75420000 sunSet: 38520000
05-17 18:12:17.374 31831 31942 D BtGatt.ScanManager: startScan()  [ScanClient scanModeApp 0 scanModeUsed 0 [appScanStats android.uid.system:1000]]
05-17 18:12:17.374 31831 31901 I BtGatt.ScanManager: msg.what = MSG_RECORD_CALLER, msg.arg1 = None
05-17 18:12:17.374 31831 31901 I BtGatt.ScanManager: msg.what = MSG_START_BLE_SCAN, msg.arg1 = None
05-17 18:12:17.374 31831 31901 D BtGatt.ScanManager: handling starting scan
05-17 18:12:17.375 13809 13895 I lyra-ble-scan_cb: BleScanCallback::PostDelayScanResultSuccess:82 this 0xb400007422559b00 -> 0xb400007362527f48 delay_ms 100
05-17 18:12:17.375 25151 25236 D IdProviderImpl: getOAID from com.miui.analytics
05-17 18:12:17.375 31831 31901 V BtGatt.ScanManager: isForeground: true for com.xiaomi.mi_connect_service:1000
05-17 18:12:17.376 26842 26945 D Wth2:ToolUtils: packageName: com.miui.weather2 hasAccessProvider: true
05-17 18:12:17.376 26842 26945 D Wth2:WeatherProvider: WeatherProvider query match is:7
05-17 18:12:17.376  7374 28471 D EglHelper-2: createEglContext start
05-17 18:12:17.376 26842 26945 D Wth2:WeatherProvider: day: 2  currentType: 2  weatherName: 阴 temperature: 29℃ sunRise: 75420000 sunSet: 38520000
05-17 18:12:17.377 26842 26945 D Wth2:ToolUtils: packageName: com.miui.weather2 hasAccessProvider: true
05-17 18:12:17.377 26842 26945 D Wth2:WeatherProvider: WeatherProvider query match is:7
05-17 18:12:17.378  2597  2738 D WindowManager: wms.Focus not requested for window=Window{5ebb205 u0 ScreenOnProximitySensorGuide} because it has no surface or is not focusable.
05-17 18:12:17.378 26842 26945 D Wth2:WeatherProvider: day: 3  currentType: 1  weatherName: 多云 temperature: 29℃ sunRise: 75420000 sunSet: 38520000
05-17 18:12:17.379  7374 28471 D EglHelper-2: createEglContext done
05-17 18:12:17.379  7374 28471 I MiuiWallpaper-KeyguardImageEngineImpl: needSupportWideColorGamut, mIsScreenWideColorGamut = true, isWideColorGamutModeOn = false, isWallpaperWideColor = false
05-17 18:12:17.379  7374 28471 D EglHelper-2: createEglSurface start
05-17 18:12:17.379  7374 28471 D EglHelper-2: createEglSurface done
05-17 18:12:17.379  7374 28471 D AnimImageWallpaperRender: effectType: 0 mProgram=com.miui.miwallpaper.opengl.AnimatorProgram@9ebe1ba this=com.miui.miwallpaper.container.openGL.KeyguardAnimImageWallpaperRenderer@e422d29
05-17 18:12:17.379  7374 28471 D AnimImageWallpaperRender: getAnimatorProgram: getEffectType=0getGlassId: 0 shaderId: 0
05-17 18:12:17.379  7374 28471 D AnimImageWallpaperRender: mProgram not changed
05-17 18:12:17.379 26842 26945 D Wth2:ToolUtils: packageName: com.miui.weather2 hasAccessProvider: true
05-17 18:12:17.379 26842 26945 D Wth2:WeatherProvider: WeatherProvider query match is:7
05-17 18:12:17.379  7763  7763 E AnimationHelper: com.android.keyguard.clock.animation.AnimationHelper@231fb2a doAnimationToNotification hasNotification: true, fromKeyguard: true, mHasNotification: true, mToAod: false
05-17 18:12:17.380  7763  7763 E AnimationHelper: com.android.keyguard.clock.animation.AnimationHelper@231fb2a doAnimationToNotification hasNotification: true, fromKeyguard: true, mHasNotification: true, mToAod: false
05-17 18:12:17.380 31831 31901 D BtGatt.ScanManager: processBeforeScanModeChange: Not started yet
05-17 18:12:17.380 31831 31901 D BtGatt.ScanManager: scanMode is upgraded for  [ScanClient scanModeApp 0 scanModeUsed 1 [appScanStats android.uid.system:1000]]
05-17 18:12:17.381  7763  7763 D VRI[NotificationShade]: vri.reportNextDraw android.view.ViewRootImpl.handleResized:2770 android.view.ViewRootImpl.-$$Nest$mhandleResized:0 android.view.ViewRootImpl$W.resized:12739 android.app.servertransaction.WindowStateResizeItem.execute:64 android.app.servertransaction.WindowStateTransactionItem.execute:59 
05-17 18:12:17.381  2597 12179 V ActivityManager: Finish receiver: android.os.BinderProxy@44c2fff
05-17 18:12:17.381  7374 28471 D MiuiWallpaper-ImageWpCacheUtil: obtain: 2|false|BitmapRef{android.graphics.Bitmap@1815781, 0}
05-17 18:12:17.381  7374 28471 D MiuiWallpaper-KeyguardImageEngineImpl: which = 2, isDark = false
05-17 18:12:17.381  7374 28471 D AnimImageGLProgram: updateMaskLayer: need = false, isDark = false this: com.miui.miwallpaper.opengl.AnimImageGLProgram@a665f86
05-17 18:12:17.381 31831 31901 D BtGatt.ScanManager: setScanModeTimeoutRecently() - , newScanMode = 1, availableScanTime = 180000, isFirst = true, scanInfoId = 7
05-17 18:12:17.381 31831 31901 D BtGatt.ScanManager: track LE scan event: callerPackage = [com.xiaomi.mi_connect_service], scanMode = [1], reportDelayMillis = [0], behavior = [1], scannerId = [1], duration = [0]
05-17 18:12:17.381  2597 12179 V BroadcastQueue: Scheduling BroadcastRecord{7f7064d android.intent.action.SCREEN_ON/u-1} to warm ProcessRecord{11210a6 7763:com.android.systemui/1000}
05-17 18:12:17.382  2597  2750 V BroadcastQueue: Promoting BroadcastProcessQueue{d602070 2597:system/1000} from runnable to running; process is ProcessRecord{c617fb0 2597:system/1000}
05-17 18:12:17.382  2597  2750 V BroadcastQueue: Scheduling BroadcastRecord{7f7064d android.intent.action.SCREEN_ON/u-1} to warm ProcessRecord{c617fb0 2597:system/1000}
05-17 18:12:17.382  2597  2750 V BroadcastQueue: Promoting BroadcastProcessQueue{1400e1b 10092:com.miui.daemon/1000} from runnable to running; process is ProcessRecord{2e052d 10092:com.miui.daemon/1000}
05-17 18:12:17.382  2597  2750 V BroadcastQueue: Scheduling BroadcastRecord{7f7064d android.intent.action.SCREEN_ON/u-1} to warm ProcessRecord{2e052d 10092:com.miui.daemon/1000}
05-17 18:12:17.382  2597  2750 V BroadcastQueue: Promoting BroadcastProcessQueue{42d9a6e 10396:com.qualcomm.location/u0a197} from runnable to running; process is ProcessRecord{97182a9 10396:com.qualcomm.location/u0a197}
05-17 18:12:17.382  2597  2750 V BroadcastQueue: Scheduling BroadcastRecord{7f7064d android.intent.action.SCREEN_ON/u-1} to warm ProcessRecord{97182a9 10396:com.qualcomm.location/u0a197}
05-17 18:12:17.382 31831 31901 I bt_shim_scanner: packages/modules/MiuiBluetooth/system/main/shim/le_scanning_manager.cc:283 ScanFilterEnable: in shim layer
05-17 18:12:17.383 31831 31860 D BT_OneTrack_I/F: region:CN
05-17 18:12:17.383 10092 10092 I msguard : screen receiver:android.intent.action.SCREEN_ON
05-17 18:12:17.383  1331  1331 D vendor.qti.bluetooth@1.0-ibs_handler: SerialClockVote: vote for UART CLK ON
05-17 18:12:17.383 31831 31889 D BtGatt.ScanHelper: onScanFilterEnableDisabled() - clientIf=1, status=0, action=1
05-17 18:12:17.383 31831 31889 D BtGatt.ScanManager: callback done for scannerId - 1 status - 0
