05-17 18:12:18.742  2597  2750 V BroadcastQueue: Scheduling BroadcastRecord{37515a3 android.intent.action.USER_PRESENT/u0} to warm ProcessRecord{c617fb0 2597:system/1000}
05-17 18:12:18.742  2597  2750 V BroadcastQueue: Scheduling BroadcastRecord{37515a3 android.intent.action.USER_PRESENT/u0} to warm ProcessRecord{c617fb0 2597:system/1000}
05-17 18:12:18.742  2597  2750 V BroadcastQueue: Scheduling BroadcastRecord{37515a3 android.intent.action.USER_PRESENT/u0} to warm ProcessRecord{c617fb0 2597:system/1000}
05-17 18:12:18.742  2597  2750 V BroadcastQueue: Scheduling BroadcastRecord{37515a3 android.intent.action.USER_PRESENT/u0} to warm ProcessRecord{c617fb0 2597:system/1000}
05-17 18:12:18.742  1648  1648 I MI-SF   : surfaceflinger setAffinity mode=0
05-17 18:12:18.742  2597  2750 V BroadcastQueue: Scheduling BroadcastRecord{37515a3 android.intent.action.USER_PRESENT/u0} to warm ProcessRecord{c617fb0 2597:system/1000}
05-17 18:12:18.742  2597  2750 V BroadcastQueue: Promoting BroadcastProcessQueue{928330b 7763:com.android.systemui/1000} from runnable to running; process is ProcessRecord{11210a6 7763:com.android.systemui/1000}
05-17 18:12:18.742  2597  2750 V BroadcastQueue: Scheduling BroadcastRecord{37515a3 android.intent.action.USER_PRESENT/u0} to warm ProcessRecord{11210a6 7763:com.android.systemui/1000}
05-17 18:12:18.742  2597  2750 V BroadcastQueue: Promoting BroadcastProcessQueue{93f300e 7742:com.android.phone/1001} from runnable to running; process is ProcessRecord{9d69a01 7742:com.android.phone/1001}
05-17 18:12:18.743  2597  2750 V BroadcastQueue: Scheduling BroadcastRecord{37515a3 android.intent.action.USER_PRESENT/u0} to warm ProcessRecord{9d69a01 7742:com.android.phone/1001}
05-17 18:12:18.743  1648  1648 E MI-SF   : surfaceflinger setAffinity success
05-17 18:12:18.743  2597  2750 V BroadcastQueue: Scheduling BroadcastRecord{37515a3 android.intent.action.USER_PRESENT/u0} to warm ProcessRecord{9d69a01 7742:com.android.phone/1001}
05-17 18:12:18.743  2597  2750 V BroadcastQueue: Scheduling BroadcastRecord{37515a3 android.intent.action.USER_PRESENT/u0} to warm ProcessRecord{9d69a01 7742:com.android.phone/1001}
05-17 18:12:18.743  2597  2750 V BroadcastQueue: Scheduling BroadcastRecord{37515a3 android.intent.action.USER_PRESENT/u0} to warm ProcessRecord{9d69a01 7742:com.android.phone/1001}
05-17 18:12:18.743  2597  2750 V BroadcastQueue: Promoting BroadcastProcessQueue{f8ff0a2 10427:com.miui.face/1000} from runnable to running; process is ProcessRecord{b876363 10427:com.miui.face/1000}
05-17 18:12:18.743  2597  2750 V BroadcastQueue: Scheduling BroadcastRecord{37515a3 android.intent.action.USER_PRESENT/u0} to warm ProcessRecord{b876363 10427:com.miui.face/1000}
05-17 18:12:18.743  2597  2750 V BroadcastQueue: Promoting BroadcastProcessQueue{905982d 10110:com.android.nfc/1027} from runnable to running; process is ProcessRecord{6fa1a62 10110:com.android.nfc/1027}
05-17 18:12:18.743  2597  2750 V BroadcastQueue: Scheduling BroadcastRecord{37515a3 android.intent.action.USER_PRESENT/u0} to warm ProcessRecord{6fa1a62 10110:com.android.nfc/1027}
05-17 18:12:18.744  2597  2597 I DarkModeTimeModeManager:  onReceive: action = android.intent.action.USER_PRESENT
05-17 18:12:18.744  2597  2750 V BroadcastQueue: Promoting BroadcastProcessQueue{9fbdbf2 10174:com.qualcomm.qti.services.systemhelper:systemhelper_service/1000} from runnable to running; process is ProcessRecord{579eb5e 10174:com.qualcomm.qti.services.systemhelper:systemhelper_service/1000}
05-17 18:12:18.744  2597  2750 V BroadcastQueue: Scheduling BroadcastRecord{37515a3 android.intent.action.USER_PRESENT/u0} to warm ProcessRecord{579eb5e 10174:com.qualcomm.qti.services.systemhelper:systemhelper_service/1000}
05-17 18:12:18.744  2597  2750 V BroadcastQueue: Promoting BroadcastProcessQueue{d024601 9705:com.xiaomi.bluetooth/1002} from runnable to running; process is ProcessRecord{fbb1222 9705:com.xiaomi.bluetooth/1002}
05-17 18:12:18.745  2597  2750 V BroadcastQueue: Scheduling BroadcastRecord{37515a3 android.intent.action.USER_PRESENT/u0} to warm ProcessRecord{fbb1222 9705:com.xiaomi.bluetooth/1002}
05-17 18:12:18.745  2597  2750 V BroadcastQueue: Promoting BroadcastProcessQueue{cc4d6ba 12241:com.miui.powerkeeper/1000} from runnable to running; process is ProcessRecord{75de631 12241:com.miui.powerkeeper/1000}
05-17 18:12:18.745  2597  2750 V BroadcastQueue: Scheduling BroadcastRecord{37515a3 android.intent.action.USER_PRESENT/u0} to warm ProcessRecord{75de631 12241:com.miui.powerkeeper/1000}
05-17 18:12:18.745  2597  2750 V BroadcastQueue: Scheduling BroadcastRecord{37515a3 android.intent.action.USER_PRESENT/u0} to warm ProcessRecord{75de631 12241:com.miui.powerkeeper/1000}
05-17 18:12:18.745  2597  2750 V BroadcastQueue: Scheduling BroadcastRecord{37515a3 android.intent.action.USER_PRESENT/u0} to warm ProcessRecord{75de631 12241:com.miui.powerkeeper/1000}
05-17 18:12:18.745  2597  2750 V BroadcastQueue: Promoting BroadcastProcessQueue{c0706e2 21316:com.miui.securitycenter.remote/1000} from runnable to running; process is ProcessRecord{3d7558a 21316:com.miui.securitycenter.remote/1000}
05-17 18:12:18.745  2597  2750 V BroadcastQueue: Scheduling BroadcastRecord{37515a3 android.intent.action.USER_PRESENT/u0} to warm ProcessRecord{3d7558a 21316:com.miui.securitycenter.remote/1000}
05-17 18:12:18.745  2597  2750 V BroadcastQueue: Scheduling BroadcastRecord{37515a3 android.intent.action.USER_PRESENT/u0} to warm ProcessRecord{3d7558a 21316:com.miui.securitycenter.remote/1000}
05-17 18:12:18.745  2597  2750 V BroadcastQueue: Scheduling BroadcastRecord{37515a3 android.intent.action.USER_PRESENT/u0} to warm ProcessRecord{3d7558a 21316:com.miui.securitycenter.remote/1000}
05-17 18:12:18.745  2597  2750 V BroadcastQueue: Scheduling BroadcastRecord{37515a3 android.intent.action.USER_PRESENT/u0} to warm ProcessRecord{3d7558a 21316:com.miui.securitycenter.remote/1000}
05-17 18:12:18.745  9705 12667 I EasyTetherCoreManager: InternalHandler { when=0 what=104 obj=Intent { act=android.intent.action.USER_PRESENT flg=0x24200010 } target=com.android.bluetooth.ble.app.Q }
05-17 18:12:18.745  2597  2750 V BroadcastQueue: Scheduling BroadcastRecord{37515a3 android.intent.action.USER_PRESENT/u0} to warm ProcessRecord{3d7558a 21316:com.miui.securitycenter.remote/1000}
05-17 18:12:18.745  9705 12667 E EasyTetherCoreManager: LyraBroadcastReceiver action android.intent.action.USER_PRESENT
05-17 18:12:18.746  2597  2597 I DarkModeTimeModeManager: not get suggest from cloud
05-17 18:12:18.746  2597  2750 V BroadcastQueue: Scheduling BroadcastRecord{37515a3 android.intent.action.USER_PRESENT/u0} to warm ProcessRecord{3d7558a 21316:com.miui.securitycenter.remote/1000}
05-17 18:12:18.746 21316 21316 D home_receiver: receive broadcast
05-17 18:12:18.746 21316 21442 I TrafficManageService: onReceive: android.intent.action.USER_PRESENT
05-17 18:12:18.746 21316 21442 I LockScreenManager: onReceive: android.intent.action.USER_PRESENT
05-17 18:12:18.746  2597  2750 V BroadcastQueue: Scheduling BroadcastRecord{37515a3 android.intent.action.USER_PRESENT/u0} to warm ProcessRecord{3d7558a 21316:com.miui.securitycenter.remote/1000}
05-17 18:12:18.746  2597  2750 V BroadcastQueue: Scheduling BroadcastRecord{37515a3 android.intent.action.USER_PRESENT/u0} to warm ProcessRecord{3d7558a 21316:com.miui.securitycenter.remote/1000}
05-17 18:12:18.746 10427 10427 D miui.face.FaceService: lock screen passed
05-17 18:12:18.746  2597  2750 V BroadcastQueue: Promoting BroadcastProcessQueue{bc2c42b 13809:com.xiaomi.mi_connect_service/1000} from runnable to running; process is ProcessRecord{95cdadc 13809:com.xiaomi.mi_connect_service/1000}
05-17 18:12:18.747  2597  2750 V BroadcastQueue: Scheduling BroadcastRecord{37515a3 android.intent.action.USER_PRESENT/u0} to warm ProcessRecord{95cdadc 13809:com.xiaomi.mi_connect_service/1000}
05-17 18:12:18.747 21316 21316 I VideoToolBoxService: onReceive: android.intent.action.USER_PRESENT
05-17 18:12:18.747 10110 10110 E NfcService: mReceiver action : android.intent.action.USER_PRESENT
05-17 18:12:18.747  2597  2750 V BroadcastQueue: Scheduling BroadcastRecord{37515a3 android.intent.action.USER_PRESENT/u0} to warm ProcessRecord{95cdadc 13809:com.xiaomi.mi_connect_service/1000}
05-17 18:12:18.747 10174 10174 I SysHelperService: ScreenReceiver:onReceive Intent.ACTION_USER_PRESENT
05-17 18:12:18.747 10174 10174 D SYS_EVENT: send event 64 notification to client
05-17 18:12:18.747 10174 10174 D SYS_EVENT_AIDL: send event 64 notification to client
05-17 18:12:18.747 13809 13809 I ScreenReceiver: onReceive() called with: context = com.xiaomi.mi_connect_service.MyApplication@49eaaab, intent = Intent { act=android.intent.action.USER_PRESENT flg=0x24200010 }
05-17 18:12:18.748 13809 13809 I SystemMonitor: onReceive action:android.intent.action.USER_PRESENT
05-17 18:12:18.748 13809 13809 I NetBusScreenMonitor: onReceive Screen Unlock
05-17 18:12:18.748 13809 13809 I NetBusScreenMonitor: notifyObserversOfScreenStatusChanged start state=3
05-17 18:12:18.748 13809 13809 I lyra-system: Java_com_xiaomi_continuity_systemmonitor_ScreenMonitor_nativeNotifyScreenStatusChanged:277 state = 3
05-17 18:12:18.748 13809 13809 I lyra-system: ScreenMonitorAndroid::NotifyOfScreenStatusChanged:82 state: 3
05-17 18:12:18.748 13809 13809 I NetBusScreenMonitor: notifyObserversOfScreenStatusChanged end.
05-17 18:12:18.748 13809 13860 I lyra-system: SystemEnvMonitorImpl::GetBleServerStatus:228 ble_server_status=1
05-17 18:12:18.748 13809 13860 I lyra-msg-act: ActuatorControl::OnScreenStateChanged:732 screen state: 3, allow discovery: 1
05-17 18:12:18.748 13809 13860 I lyra-msg-act: ActuatorControl::OnScreenStateChanged:742 nothing to do
05-17 18:12:18.748 13809 13860 I lyra-net-ctrl: NetworkingControllerImpl::OnScreenStateChanged:177 state=3
05-17 18:12:18.748 21316 21316 I AppPredictService: onReceive: android.intent.action.USER_PRESENT
05-17 18:12:18.748 21316 21316 D AppPredictService: AppPredictService::onReceive::unlock screen or screen on
05-17 18:12:18.748 21316 21316 I GameBoosterService: onReceive: android.intent.action.USER_PRESENT
05-17 18:12:18.749 21316 21499 D AppPredictService: start doPredict null
05-17 18:12:18.749  2597  2749 D MiuiFreeformOneTrackManager: aready bound
05-17 18:12:18.749 21316 21499 I AppPredictManager: predict: recentApps size = 5
05-17 18:12:18.749  2597  2750 V BroadcastQueue: Promoting BroadcastProcessQueue{aad467f 31831:com.android.bluetooth/1002} from runnable to running; process is ProcessRecord{8e08b89 31831:com.android.bluetooth/1002}
05-17 18:12:18.749  2597  2750 V BroadcastQueue: Scheduling BroadcastRecord{37515a3 android.intent.action.USER_PRESENT/u0} to warm ProcessRecord{8e08b89 31831:com.android.bluetooth/1002}
05-17 18:12:18.750  2597  2750 V BroadcastQueue: Promoting BroadcastProcessQueue{928330b 7763:com.android.systemui/1000} from runnable to running; process is ProcessRecord{11210a6 7763:com.android.systemui/1000}
05-17 18:12:18.750  2597  2750 V BroadcastQueue: Scheduling BroadcastRecord{37515a3 android.intent.action.USER_PRESENT/u0} to warm ProcessRecord{11210a6 7763:com.android.systemui/1000}
05-17 18:12:18.751 12241 12241 D MilletPolicy: onReceive android.intent.action.USER_PRESENT
05-17 18:12:18.751  2597  2750 V BroadcastQueue: Scheduling BroadcastRecord{37515a3 android.intent.action.USER_PRESENT/u0} to warm ProcessRecord{11210a6 7763:com.android.systemui/1000}
05-17 18:12:18.752  2597  2750 V BroadcastQueue: Promoting BroadcastProcessQueue{4581d22 23684:com.miui.home/u0a128} from runnable to running; process is ProcessRecord{50d4b07 23684:com.miui.home/u0a128}
05-17 18:12:18.752 21316 28768 E PackageUtils: package not install, pkg=com.xiaomi.smarthome
05-17 18:12:18.752  2597  2750 V BroadcastQueue: Scheduling BroadcastRecord{37515a3 android.intent.action.USER_PRESENT/u0} to warm ProcessRecord{50d4b07 23684:com.miui.home/u0a128}
05-17 18:12:18.752 23684 23684 D Launcher.Lifecycle: onWindowFocusChanged:true,UserHandle{0},43527b3,false
05-17 18:12:18.752 23684 23684 D Launcher_UnlockAnimationStateMachine: onWindowFocus:IDLE
05-17 18:12:18.752 23684 23684 D Launcher_UnlockAnimationStateMachine: showAnimation = IDLE
05-17 18:12:18.752  2597  2750 V BroadcastQueue: Scheduling BroadcastRecord{37515a3 android.intent.action.USER_PRESENT/u0} to warm ProcessRecord{50d4b07 23684:com.miui.home/u0a128}
05-17 18:12:18.753  2597 11655 V ActivityManager: Broadcast: Intent { act=android.intent.action.APPLICATION_MESSAGE_QUERY flg=0x10 (has extras) } ordered=false userid=0 options=null
05-17 18:12:18.753  2597 11655 V ActivityManager: Enqueueing broadcast: android.intent.action.APPLICATION_MESSAGE_QUERY replacePending=false
05-17 18:12:18.753  2597 11655 V ActivityManager: Enqueueing ordered broadcast BroadcastRecord{b2996cc android.intent.action.APPLICATION_MESSAGE_QUERY/u0}
05-17 18:12:18.753  2597 11655 V BroadcastQueue: Enqueuing BroadcastRecord{b2996cc android.intent.action.APPLICATION_MESSAGE_QUERY/u0} for 1 receivers
05-17 18:12:18.753 23684 23684 I HandWritingStubImpl: refreshLastKeyboardType: 1
05-17 18:12:18.753 23684 23684 I HandWritingStubImpl: getCurrentKeyboardType: 1
05-17 18:12:18.753  2597  4403 I InputMethodManagerService: mi skip IMMS check
05-17 18:12:18.753  2597  2750 V BroadcastQueue: Promoting BroadcastProcessQueue{928330b 7763:com.android.systemui/1000} from runnable to running; process is ProcessRecord{11210a6 7763:com.android.systemui/1000}
05-17 18:12:18.753  2597  2750 V BroadcastQueue: Scheduling BroadcastRecord{b2996cc android.intent.action.APPLICATION_MESSAGE_QUERY/u0} to warm ProcessRecord{11210a6 7763:com.android.systemui/1000}
05-17 18:12:18.754 12241 12658 D PowerKeeper.AppStandby: disable standby chain
05-17 18:12:18.755 12241 12658 I PowerKeeper.Audio: resumeAudioState size is 0
05-17 18:12:18.755 10110 10110 D NfcService: MSG_APPLY_SCREEN_STATE = 8
05-17 18:12:18.755 12241 15191 D NetdExecutor: SND -> {enablemiuistandby disable} this=com.miui.powerkeeper.utils.NetdExecutor@2a54a10
05-17 18:12:18.756 12241 15191 D NetdExecutor: Failed REV <- {500 Command not recognized}
05-17 18:12:18.756 10110 10110 D NfcService: applyRouting enter - true
05-17 18:12:18.756 10110 10110 D NfcService: computeDiscoveryParameters() screenState=8
05-17 18:12:18.756 10110 10110 I libnfc_nci: [INFO:NativeNfcManager.cpp(4338)] isCePriorityEnabled :0
05-17 18:12:18.757  1409 31527 D NxpTml  : PN54X - Write requested.....
05-17 18:12:18.757  1409 31527 D NxpTml  : PN54X - Invoking I2C Write.....
05-17 18:12:18.757  2597  2597 D HyperNotificationManagerService: BroadcastReceiver ACTION_USER_PRESENT
05-17 18:12:18.757 31831 31914 W LeAudioService: getLeAudioService(): service is NULL
05-17 18:12:18.758  1409 31527 D NxpTml  : Write errno : 6b
05-17 18:12:18.758  1409 31527 D NxpTml  : PN54X - Error in I2C Write.....
05-17 18:12:18.758  1409 31527 D NxpTml  : PN54X - Posting Fresh Write message.....
05-17 18:12:18.758  1409 31527 D NxpTml  : PN54X - Tml Writer Thread Running................
05-17 18:12:18.758  1409 31529 D NxpHal  : write error status = 0x1ff
05-17 18:12:18.758  1409  1409 D NxpHal  : write_unlocked failed - PN54X Maybe in Standby Mode - Retry
05-17 18:12:18.761  2597 12179 D GreezeManager: THAW uid = 10317 pid = [ 1851 2202 ]  reason : alert caller : 1
05-17 18:12:18.761 12241 12787 D MilletUtils: setUidState, uid = 10317 allow = true
05-17 18:12:18.761  2597  6871 W ContextImpl: Calling a method in the system process without a qualified user: android.app.ContextImpl.sendOrderedBroadcast:1457 android.app.ContextImpl.sendOrderedBroadcast:1431 com.miui.server.greeze.GreezeManagerService$20.run:3268 android.os.Handler.handleCallback:959 android.os.Handler.dispatchMessage:100 
05-17 18:12:18.761  2597  6871 V ActivityManager: Broadcast: Intent { act=android.intent.action.SCREEN_ON flg=0x50200010 pkg=com.tencent.mobileqq } ordered=true userid=0 options=null
05-17 18:12:18.761  2597  6871 V ActivityManager: Enqueueing broadcast: android.intent.action.SCREEN_ON replacePending=false
05-17 18:12:18.761  2597  6871 V ActivityManager: Enqueueing ordered broadcast BroadcastRecord{6bf53b8 android.intent.action.SCREEN_ON/u0}
05-17 18:12:18.761  2597  6871 V BroadcastQueue: Enqueuing BroadcastRecord{6bf53b8 android.intent.action.SCREEN_ON/u0} for 5 receivers
05-17 18:12:18.762  2597  2750 V BroadcastQueue: Promoting BroadcastProcessQueue{286b91d 7343:com.tencent.mobileqq/u0a242} from runnable to running; process is ProcessRecord{931d792 7343:com.tencent.mobileqq/u0a242}
05-17 18:12:18.762  2597  2750 W BroadcastQueue: Greezer Denial: sending Intent { act=android.intent.action.USER_PRESENT flg=0x24200010 }, action: android.intent.action.USER_PRESENT from com.android.systemui (uid=1000) due to receiver ProcessRecord{931d792 7343:com.tencent.mobileqq/u0a242} (uid 10242) need cached broadcast
05-17 18:12:18.762  2597  2750 W BroadcastQueue: Delivery state of BroadcastRecord{37515a3 android.intent.action.USER_PRESENT/u0} to BroadcastFilter{e0b69b1 10242/u0 ReceiverList{fe6d458 7343 com.tencent.mobileqq/10242/u0 remote:b0e353b}} via ProcessRecord{931d792 7343:com.tencent.mobileqq/u0a242} changed from PENDING to SKIPPED because Greezer Denial
05-17 18:12:18.762 31831 31914 D BluetoothLatencyMode: isWiredAudioHeadset.type: 1
05-17 18:12:18.762 31831 31914 D BluetoothLatencyMode: isWiredAudioHeadset.type: 2
05-17 18:12:18.762 31831 31914 D BluetoothLatencyMode: isWiredAudioHeadset.type: 18
05-17 18:12:18.762  2597  2750 V BroadcastQueue: Promoting BroadcastProcessQueue{cae72c1 27870:com.tencent.mobileqq:MSF/u0a242} from runnable to running; process is ProcessRecord{2de0654 27870:com.tencent.mobileqq:MSF/u0a242}
05-17 18:12:18.763  2597  2690 W UserManagerService: Requested status bar icon for non-badged user 0
05-17 18:12:18.763  2597  2750 W BroadcastQueue: Greezer Denial: sending Intent { act=android.intent.action.SCREEN_ON flg=0x50200010 pkg=com.tencent.mobileqq:MSF }, action: android.intent.action.SCREEN_ON from android (uid=1000) due to receiver ProcessRecord{2de0654 27870:com.tencent.mobileqq:MSF/u0a242} (uid 10242) need cached broadcast
05-17 18:12:18.763  2597  2750 W BroadcastQueue: Delivery state of BroadcastRecord{6bf53b8 android.intent.action.SCREEN_ON/u0} to BroadcastFilter{1a5efd0 10242/u0 ReceiverList{83ca1b8 27870 com.tencent.mobileqq:MSF/10242/u0 remote:2cf5c1b}} via ProcessRecord{2de0654 27870:com.tencent.mobileqq:MSF/u0a242} changed from PENDING to SKIPPED because Greezer Denial
05-17 18:12:18.763 20954 30223 D CallProvider: callingPackage before:com.android.phone method:get args:null
05-17 18:12:18.763 20954 30223 D CallProvider: callingPackage:com.android.phone method:get
05-17 18:12:18.763  2597  2750 W BroadcastQueue: Greezer Denial: sending Intent { act=android.intent.action.SCREEN_ON flg=0x50200010 pkg=com.tencent.mobileqq:MSF }, action: android.intent.action.SCREEN_ON from android (uid=1000) due to receiver ProcessRecord{2de0654 27870:com.tencent.mobileqq:MSF/u0a242} (uid 10242) need cached broadcast
05-17 18:12:18.763  2597  2750 W BroadcastQueue: Delivery state of BroadcastRecord{6bf53b8 android.intent.action.SCREEN_ON/u0} to BroadcastFilter{bfc641f 10242/u0 ReceiverList{ccd3340 27870 com.tencent.mobileqq:MSF/10242/u0 remote:b89ec3}} via ProcessRecord{2de0654 27870:com.tencent.mobileqq:MSF/u0a242} changed from PENDING to SKIPPED because Greezer Denial
05-17 18:12:18.767  2597  2750 V BroadcastQueue: Promoting BroadcastProcessQueue{286b91d 7343:com.tencent.mobileqq/u0a242} from runnable to running; process is ProcessRecord{931d792 7343:com.tencent.mobileqq/u0a242}
05-17 18:12:18.768  2597  2750 W BroadcastQueue: Greezer Denial: sending Intent { act=android.intent.action.SCREEN_ON flg=0x50200010 pkg=com.tencent.mobileqq }, action: android.intent.action.SCREEN_ON from android (uid=1000) due to receiver ProcessRecord{931d792 7343:com.tencent.mobileqq/u0a242} (uid 10242) need cached broadcast
05-17 18:12:18.768  2597  2750 W BroadcastQueue: Delivery state of BroadcastRecord{6bf53b8 android.intent.action.SCREEN_ON/u0} to BroadcastFilter{ba94add 10242/u0 ReceiverList{2ecd3c6 7343 com.tencent.mobileqq/10242/u0 remote:863f5a1}} via ProcessRecord{931d792 7343:com.tencent.mobileqq/u0a242} changed from PENDING to SKIPPED because Greezer Denial
05-17 18:12:18.768  2597  2750 W BroadcastQueue: Greezer Denial: sending Intent { act=android.intent.action.SCREEN_ON flg=0x50200010 pkg=com.tencent.mobileqq }, action: android.intent.action.SCREEN_ON from android (uid=1000) due to receiver ProcessRecord{931d792 7343:com.tencent.mobileqq/u0a242} (uid 10242) need cached broadcast
05-17 18:12:18.768  2597  2750 W BroadcastQueue: Delivery state of BroadcastRecord{6bf53b8 android.intent.action.SCREEN_ON/u0} to BroadcastFilter{e0b69b1 10242/u0 ReceiverList{fe6d458 7343 com.tencent.mobileqq/10242/u0 remote:b0e353b}} via ProcessRecord{931d792 7343:com.tencent.mobileqq/u0a242} changed from PENDING to SKIPPED because Greezer Denial
05-17 18:12:18.768 23684 23684 I Launcher: mBroadcastReceiver onReceive: Intent { act=android.intent.action.USER_PRESENT flg=0x24200010 }
05-17 18:12:18.768  2597  2750 W BroadcastQueue: Greezer Denial: sending Intent { act=android.intent.action.SCREEN_ON flg=0x50200010 pkg=com.tencent.mobileqq }, action: android.intent.action.SCREEN_ON from android (uid=1000) due to receiver ProcessRecord{931d792 7343:com.tencent.mobileqq/u0a242} (uid 10242) need cached broadcast
05-17 18:12:18.768  2597  2750 W BroadcastQueue: Delivery state of BroadcastRecord{6bf53b8 android.intent.action.SCREEN_ON/u0} to BroadcastFilter{779c3d2 10242/u0 ReceiverList{505ae5d 7343 com.tencent.mobileqq/10242/u0 remote:5f9d034}} via ProcessRecord{931d792 7343:com.tencent.mobileqq/u0a242} changed from PENDING to SKIPPED because Greezer Denial
05-17 18:12:18.768 23684 23684 W RecentsImpl: getTopActivity from observer.   cn=ComponentInfo{com.miui.home/com.miui.home.launcher.Launcher}
05-17 18:12:18.768 23684 23684 W RecentsImpl: adaptToTopActivity   cn=ComponentInfo{com.miui.home/com.miui.home.launcher.Launcher}
05-17 18:12:18.768 23684 23684 W RecentsImpl: onResumed className=com.miui.home.launcher.Launcher   forceUpdate=false   mIsInAnotherPro=false   isKeyguardLocked=false   mIsStatusBarExpansion=false   mSecuritySpaceGuideShown=false
05-17 18:12:18.768 23684 23684 D Launcher: notifyBackGestureStatus
05-17 18:12:18.768 23684 31169 E Launcher: mFsGestureStatusRefreshRunnable:run usingFsGesture=true   show=true   focus=true   pause=false
05-17 18:12:18.768 23684 31169 D Launcher: notifyFsGestureHomeStatus    enableBackGesture=false   isSupportRecentsAndFsGesture=true
05-17 18:12:18.768  1409 31527 D NxpTml  : PN54X - Write requested.....
05-17 18:12:18.769  1409 31527 D NxpTml  : PN54X - Invoking I2C Write.....
05-17 18:12:18.769  1409 31527 D NxpNciX : len =   4 > 21060100
05-17 18:12:18.769  1409 31527 D NxpTml  : PN54X - I2C Write successful.....
05-17 18:12:18.769  1409 31527 D NxpTml  : PN54X - Posting Fresh Write message.....
05-17 18:12:18.769  1409 31527 D NxpTml  : PN54X - Tml Writer Thread Running................
05-17 18:12:18.769  1409 31529 D NxpHal  : write successful status = 0x0
05-17 18:12:18.769 21316 30085 I b       :  cm need send notification = true
05-17 18:12:18.769  1409 31526 D NxpTml  : PN54X - I2C Read successful.....
05-17 18:12:18.769  1409 31526 D NxpNciR : len =   4 > 41060100
05-17 18:12:18.769  1409 31526 D NxpTml  : PN54X - Posting read message.....
05-17 18:12:18.769 21316 30085 I NotificationHelper: onReceive: 	 wechatNeed = false	 wechatSize = 0
05-17 18:12:18.769 21316 30085 I NotificationHelper: onReceive: 	 generalNeed = false	 generalSize = 0
05-17 18:12:18.769 21316 30085 I NotificationHelper: onReceive: 	 whatsappNeed = false	 whatsAppSize = 0
05-17 18:12:18.770 12241 12787 D MilletHandler: set_pkg_data uid=10317 1
05-17 18:12:18.770 12241 12787 D PowerKeeper.FrozenApp: callNativeSet uid=10317 cmd=1
05-17 18:12:18.770  1409 31529 D NxpHal  : read successful status = 0x0
05-17 18:12:18.770  1409 31526 D NxpTml  : PN54X - Read requested.....
05-17 18:12:18.770  1409 31526 D NxpTml  : PN54X - Invoking I2C Read.....
05-17 18:12:18.770  1409  1409 D NxpHal  : > Polling Loop Started
05-17 18:12:18.771  1409 31527 D NxpTml  : PN54X - Write requested.....
05-17 18:12:18.771  1409 31527 D NxpTml  : PN54X - Invoking I2C Write.....
05-17 18:12:18.771  1409 31527 D NxpNciX : len =  16 > 21030D06000101010201030180010601
05-17 18:12:18.771  1409 31527 D NxpTml  : PN54X - I2C Write successful.....
05-17 18:12:18.771  1409 31527 D NxpTml  : PN54X - Posting Fresh Write message.....
05-17 18:12:18.771  1409 31527 D NxpTml  : PN54X - Tml Writer Thread Running................
05-17 18:12:18.771  1409 31529 D NxpHal  : write successful status = 0x0
05-17 18:12:18.771 21316 21493 I android_os_HwBinder: HwBinder: Starting thread pool for getting: vendor.xiaomi.hardware.micharge@1.0::IMiCharge/default
05-17 18:12:18.772  7374  7374 I MiuiWallpaper-ImageWallpaper: onUpdateBlurAnim3.4612417E-4
05-17 18:12:18.772  1531  1549 I vendor.xiaomi.hardware.micharge@1.0-service: ReadFilePathValue path = /sys/class/qcom-battery/night_charging value = 0
05-17 18:12:18.772 21316 21493 I ChargeProtectionUtils: getNightChargingState: 0
05-17 18:12:18.772 21316 21493 I BaseChargeProtect_Night: receiver  ACTION_USER_PRESENT  misNightChargeProtectionStatus: false
05-17 18:12:18.773  1409 31526 D NxpTml  : PN54X - I2C Read successful.....
05-17 18:12:18.773  1409 31526 D NxpNciR : len =   4 > 41030100
05-17 18:12:18.773  1409 31526 D NxpTml  : PN54X - Posting read message.....
05-17 18:12:18.775  1409 31529 D NxpHal  : read successful status = 0x0
05-17 18:12:18.775  7374  7374 I MiuiWallpaper-ImageWallpaper: onUpdateBlurAnim0.0
05-17 18:12:18.775  1409 31526 D NxpTml  : PN54X - Read requested.....
05-17 18:12:18.775  1409 31526 D NxpTml  : PN54X - Invoking I2C Read.....
05-17 18:12:18.776  2597  8242 W UserManagerService: Requested status bar icon for non-badged user 0
05-17 18:12:18.776 23684 23684 D Launcher_UnlockAnimationStateMachine: onUserPresent:IDLE
05-17 18:12:18.776 23684 23684 D Launcher_UnlockAnimationStateMachine: showAnimation = IDLE
05-17 18:12:18.776 23684 27745 I ContentProviderUtils: uri is in the black list
05-17 18:12:18.778 23684 31169 W RecentsImpl: updateFsgWindowVisibilityState   isEnter=false   typeFrom=typefrom_home   isOpen=true   mIsInAnotherPro=false   mIsStatusBarExpansion=false
05-17 18:12:18.778 23684 31169 W RecentsImpl: getTopActivity from observer.   cn=ComponentInfo{com.miui.home/com.miui.home.launcher.Launcher}
05-17 18:12:18.778 23684 27741 D RecentsImpl: hideBackStubWindow
05-17 18:12:18.779 10110 10110 D NfcService: updatePollConfig: mMuteByCam=false, mMuteByMic=false, mMuteByDispatcher=false, screen=8
05-17 18:12:18.781 10110 10110 I libnfc_nci: [INFO:NativeNfcManager.cpp(3149)] mutePollingConfigState=0,screen_state_mask=8
05-17 18:12:18.782  2597  7547 D WindowManager:  applyPostLayoutPolicyLw modify AppearanceRegion  win = Window{6a10225 u0 com.miui.home/com.miui.home.launcher.Launcher} appearance = 0 win.getFrame() = Rect(0, 0 - 1440, 3200)
05-17 18:12:18.782 21316 30088 I GameBoosterService: restartGameMode: com.miui.home
05-17 18:12:18.782  1409 31527 D NxpTml  : PN54X - Write requested.....
05-17 18:12:18.782  1409 31527 D NxpTml  : PN54X - Invoking I2C Write.....
05-17 18:12:18.782  1409 31527 D NxpNciX : len =   4 > 20090100
05-17 18:12:18.782  1409 31527 D NxpTml  : PN54X - I2C Write successful.....
05-17 18:12:18.782  1409 31527 D NxpTml  : PN54X - Posting Fresh Write message.....
05-17 18:12:18.782  1409 31527 D NxpTml  : PN54X - Tml Writer Thread Running................
05-17 18:12:18.783  1409 31529 D NxpHal  : write successful status = 0x0
05-17 18:12:18.783  1409 31526 D NxpTml  : PN54X - I2C Read successful.....
05-17 18:12:18.783  1409 31526 D NxpNciR : len =   4 > 40090100
05-17 18:12:18.783  1409 31526 D NxpTml  : PN54X - Posting read message.....
05-17 18:12:18.784 23684 23684 D RecentsImpl: showNavStubView
05-17 18:12:18.784 23684 23684 D NavStubView_Touch: setKeepHidden    old=false   new=false
05-17 18:12:18.785  2597  7547 V ActivityManager: Broadcast: Intent { act=com.miui.keyguard.setwallpaper flg=0x10 (has extras) } ordered=false userid=0 options=null
05-17 18:12:18.785  2597  7547 V ActivityManager: Enqueueing broadcast: com.miui.keyguard.setwallpaper replacePending=false
05-17 18:12:18.786  2597  7547 V ActivityManager: Enqueueing ordered broadcast BroadcastRecord{b221cf6 com.miui.keyguard.setwallpaper/u0}
05-17 18:12:18.786  2597  7547 V BroadcastQueue: Enqueuing BroadcastRecord{b221cf6 com.miui.keyguard.setwallpaper/u0} for 1 receivers
05-17 18:12:18.786  1409 31529 D NxpHal  : read successful status = 0x0
05-17 18:12:18.786  1648  1648 D RefreshRateSelector: Touch Boost
05-17 18:12:18.787  1409 31526 D NxpTml  : PN54X - Read requested.....
05-17 18:12:18.787  1409 31526 D NxpTml  : PN54X - Invoking I2C Read.....
05-17 18:12:18.788  2597  6732 V ActivityManager: Broadcast: Intent { act=com.android.server.action.NETWORK_STATS_UPDATED flg=0x40000010 } ordered=false userid=-1 options=Bundle[{android:broadcast.deferralPolicy=2, android:broadcast.deliveryGroupPolicy=1}]
05-17 18:12:18.788  2597  6732 V ActivityManager: Enqueueing broadcast: com.android.server.action.NETWORK_STATS_UPDATED replacePending=false
05-17 18:12:18.788  2597  6732 V ActivityManager: Enqueueing ordered broadcast BroadcastRecord{e9d78f7 com.android.server.action.NETWORK_STATS_UPDATED/u-1}
05-17 18:12:18.788  2597  6732 V BroadcastQueue: Enqueuing BroadcastRecord{e9d78f7 com.android.server.action.NETWORK_STATS_UPDATED/u-1} for 1 receivers
05-17 18:12:18.788  2597  2750 V BroadcastQueue: Promoting BroadcastProcessQueue{c0706e2 21316:com.miui.securitycenter.remote/1000} from runnable to running; process is ProcessRecord{3d7558a 21316:com.miui.securitycenter.remote/1000}
05-17 18:12:18.788  2597  2750 V BroadcastQueue: Scheduling BroadcastRecord{e9d78f7 com.android.server.action.NETWORK_STATS_UPDATED/u-1} to warm ProcessRecord{3d7558a 21316:com.miui.securitycenter.remote/1000}
05-17 18:12:18.789 21316 21442 D TrafficManageService: onReceive: intent.action = com.android.server.action.NETWORK_STATS_UPDATED
05-17 18:12:18.789  2597 12305 V ActivityManager: Broadcast: Intent { act=com.miui.action.NETWORK_POLICY_UPDATE flg=0x10 } ordered=false userid=0 options=null
05-17 18:12:18.789  2597 12305 V ActivityManager: Enqueueing broadcast: com.miui.action.NETWORK_POLICY_UPDATE replacePending=false
05-17 18:12:18.789  1409 31527 D NxpTml  : PN54X - Write requested.....
05-17 18:12:18.789  1409 31527 D NxpTml  : PN54X - Invoking I2C Write.....
05-17 18:12:18.789  1409 31527 D NxpNciX : len =   7 > 20020401020101
05-17 18:12:18.789  1409 31527 D NxpTml  : PN54X - I2C Write successful.....
05-17 18:12:18.789  1409 31527 D NxpTml  : PN54X - Posting Fresh Write message.....
05-17 18:12:18.789  1409 31527 D NxpTml  : PN54X - Tml Writer Thread Running................
05-17 18:12:18.789  1409 31529 D NxpHal  : write successful status = 0x0
05-17 18:12:18.790  1409 31526 D NxpTml  : PN54X - I2C Read successful.....
05-17 18:12:18.790  1409 31526 D NxpNciR : len =   5 > 4002020000
05-17 18:12:18.790  1409 31526 D NxpTml  : PN54X - Posting read message.....
05-17 18:12:18.790  1409 31529 D NxpHal  : read successful status = 0x0
05-17 18:12:18.790  1409 31529 D NxpHal  : phNxpNciHal_print_res_status: response status =STATUS_OK
05-17 18:12:18.793  1409 31526 D NxpTml  : PN54X - Read requested.....
05-17 18:12:18.793  1409 31526 D NxpTml  : PN54X - Invoking I2C Read.....
05-17 18:12:18.799  7763  7763 E StackScroller: updateSidePadding: viewWidth is zero
05-17 18:12:18.808  2597 12305 D Aurogon :  packageName = com.tencent.mm isAllowWakeUpList 
05-17 18:12:18.808  2597  2597 W AccessibilityManagerService:  wait for adding window timeout: 2191
05-17 18:12:18.813 21316 21417 I AppPredictPrivacyLaunchManager: getLauncherHomeAppList size: 71
05-17 18:12:18.813 21316 21417 I AppPredictResultHelper: updatePreferenceStore: size = 13
05-17 18:12:18.817  7763  7763 D NotificationHeaderExpandController: onExpansionChanged: progress =  0.0
05-17 18:12:18.822  2597  8235 D Aurogon :  packageName = com.tencent.mm isAllowWakeUpList 
05-17 18:12:18.828  7763  7763 I MiuiChargeController: dismissChargeAnimation: USER_PRESENT
05-17 18:12:18.828  7763  7763 D BadgeCoordinator: recevie broadbcast ACTION_APPLICATION_MESSAGE_QUERY, requestFirstTime=false
05-17 18:12:18.872  2597  8235 D Aurogon :  packageName = com.tencent.mm isAllowWakeUpList 
05-17 18:12:18.885  2597  8235 D Aurogon :  packageName = com.tencent.mm isAllowWakeUpList 
05-17 18:12:18.919  1648  1648 D RefreshRateSelector: Touch Boost
05-17 18:12:18.938  2597  8242 D FileUtils: Rounded bytes from 15888031744 to 16000000000
05-17 18:12:18.944  2597 12305 D FileUtils: Rounded bytes from 15888031744 to 16000000000
05-17 18:12:18.958  2336  2536 I DMABUFHEAPS: Using DMA-BUF heap named: qcom,qseecom
05-17 18:12:18.963  2336  2536 E fpc_hal : do_authenticate exit
05-17 18:12:18.980  7763  8097 I ndroid.systemui: This is non sticky GC, maxfree is 33554432 minfree is 8388608
05-17 18:12:18.980  7763  8097 I ndroid.systemui: Explicit concurrent copying GC freed 27MB AllocSpace bytes, 55(2164KB) LOS objects, 67% free, 46MB/142MB, paused 261us,61us total 229.576ms
05-17 18:12:18.985  1585  2105 I [THP-DAE]: thp_set_doze_mode_func:enable doze mode
05-17 18:12:19.008  7763 27959 I NotificationController: getSortedKey: size 0
05-17 18:12:19.013  7763 27959 I NotificationController: printNotificationData: notificationDataList 0
05-17 18:12:19.013  7763  7763 V NotificationViewModel: notification view model init finished...
05-17 18:12:19.013 12241 12787 D MilletUtils: setUidState, uid = 10317 allow = true
05-17 18:12:19.013  2597  2692 D MiSensorServiceImpl: PowerKeeperSensor resume iUid:10317 but app has not in Controlled
05-17 18:12:19.027  7763  7817 D JavaheapMonitor: Java heap used=46M max=256M, proc: com.android.systemui
05-17 18:12:19.027  7763  7817 V JavaheapMonitor: Check java heap usage finished! Next check delay: 0
05-17 18:12:19.027  7763  7817 W ndroid.systemui: ApkAssets: Deleting an ApkAssets object '<empty> and /data/app/~~HsgoioTlUhvBLahh1d-k4w==/com.DefaultCompany.FakeGenshin-2e241DNlMmgq7Nut7nB3tA==/base.apk' with 2 weak references
05-17 18:12:19.027  7763  7817 W System  : A resource failed to call release. 
05-17 18:12:19.027  7763  7817 W System  : A resource failed to call release. 
05-17 18:12:19.027  7763  7817 W System  : A resource failed to call release. 
05-17 18:12:19.027  7763  7817 W System  : A resource failed to call release. 
05-17 18:12:19.028  7763  7817 W System  : A resource failed to call release. 
05-17 18:12:19.028  7763  7817 W System  : A resource failed to call release. 
05-17 18:12:19.028  7763  7817 W System  : A resource failed to call release. 
05-17 18:12:19.030  7763  7817 W System  : A resource failed to call release. 
05-17 18:12:19.030  7763  7817 W System  : A resource failed to call release. 
05-17 18:12:19.030  7763  7817 W System  : A resource failed to call release. 
05-17 18:12:19.030  7763  7817 W System  : A resource failed to call release. 
05-17 18:12:19.030  7763  7817 W System  : A resource failed to call release. 
05-17 18:12:19.030  7763  7817 W System  : A resource failed to call release. 
05-17 18:12:19.030  7763  7817 W System  : A resource failed to call release. 
05-17 18:12:19.032  1331 31886 I vendor.qti.bluetooth@1.0-ibs_handler: DeviceSleep: TX Awake, Sending SLEEP_IND
05-17 18:12:19.032  1331 31886 D vendor.qti.bluetooth@1.0-ibs_handler: SerialClockVote: vote for UART CLK OFF
05-17 18:12:19.036  7763  7817 W System  : A resource failed to call InputEventReceiver.dispose. 
05-17 18:12:19.037  7763  7817 W System  : A resource failed to call AbstractCursor.close. 
05-17 18:12:19.038  7763  7817 W System  : A resource failed to call CursorWrapperInner.close. 
05-17 18:12:19.038  7763  7817 W System  : A resource failed to call release. 
05-17 18:12:19.038  7763  7817 W System  : A resource failed to call release. 
05-17 18:12:19.038  7763  7817 W System  : A resource failed to call release. 
05-17 18:12:19.073  7763  7763 E StackScroller: updateSidePadding: viewWidth is zero
05-17 18:12:19.078 23684 27741 D GestureStubView_Left: setKeepHidden    old=false   new=true
05-17 18:12:19.078 23684 27741 D GestureStubView_Left: updateTouchable    old=false   new=true
05-17 18:12:19.078 23684 27741 D GestureStubView_Left:   updateTouchable---requestApplyInsets
05-17 18:12:19.079 23684 27741 D GestureStubView_Left: onBackCancelled: mBackInvokeCallbackStarted=false  mOnBackInvokedCallbackImpl= com.miui.home.recents.GestureStubView$OnBackInvokedCallbackImplU@dd1dd67
05-17 18:12:19.079 23684 27741 D GestureStubView_Left: disableTouch    old=false   new=true
05-17 18:12:19.079 23684 27741 D GestureStubView_Left: updateTouchable    old=true   new=true
05-17 18:12:19.079 23684 27741 D GestureStubView_Left: hideGestureStub
05-17 18:12:19.079 23684 27741 D GestureStubView_Right: setKeepHidden    old=false   new=true
05-17 18:12:19.079 23684 27741 D GestureStubView_Right: updateTouchable    old=false   new=true
05-17 18:12:19.079 23684 27741 D GestureStubView_Right:   updateTouchable---requestApplyInsets
05-17 18:12:19.079 23684 27741 D GestureStubView_Right: onBackCancelled: mBackInvokeCallbackStarted=false  mOnBackInvokedCallbackImpl= com.miui.home.recents.GestureStubView$OnBackInvokedCallbackImplU@87ad714
05-17 18:12:19.079 23684 27741 D GestureStubView_Right: disableTouch    old=false   new=true
05-17 18:12:19.079 23684 27741 D GestureStubView_Right: updateTouchable    old=true   new=true
05-17 18:12:19.079 23684 27741 D GestureStubView_Right: hideGestureStub
05-17 18:12:19.081  2597  2692 D WindowManager:  applyPostLayoutPolicyLw modify AppearanceRegion  win = Window{6a10225 u0 com.miui.home/com.miui.home.launcher.Launcher} appearance = 0 win.getFrame() = Rect(0, 0 - 1440, 3200)
05-17 18:12:19.084  2597  2692 D WindowManager:  applyPostLayoutPolicyLw modify AppearanceRegion  win = Window{6a10225 u0 com.miui.home/com.miui.home.launcher.Launcher} appearance = 0 win.getFrame() = Rect(0, 0 - 1440, 3200)
05-17 18:12:19.093  1648  1648 D RefreshRateSelector: Touch Boost
05-17 18:12:19.131  7374  7584 I AnimImageWallpaperRender: mScaleAnimator end.
05-17 18:12:19.131  7374  7584 D WallpaperPriority: anim end setThreadPriority 0
05-17 18:12:19.182  1331 31878 D vendor.qti.bluetooth@1.0-wake_lock: Release wakelock is released 
05-17 18:12:19.184  7374 28471 D EglHelper-2: destroyEglSurface done
05-17 18:12:19.189  7374 28471 D EglHelper-2: destroyEglContext: status=true, err=12288
05-17 18:12:19.223  1648  1844 D MI-SF   : updateScene: module = 268 (Animation), value = 0, pkg = perf_interaction, Vrr = 1, mSetTpIdleFlag = 0
05-17 18:12:19.223  1648  1844 D MI-SF   : isIdleTimerSkip is 0,mSetIdleForceFlag = 0
05-17 18:12:19.223  1648  1844 D MI-SF   : updateScene mSetAnimationFlag status 0, vsync 60
05-17 18:12:19.241  2597  2750 V BroadcastQueue: Promoting BroadcastProcessQueue{1d2601 10891:com.miui.voiceassist/u0a176} from runnable to running; process is ProcessRecord{5b7bff6 10891:com.miui.voiceassist/u0a176}
05-17 18:12:19.241  2597  2750 V BroadcastQueue: Scheduling BroadcastRecord{37515a3 android.intent.action.USER_PRESENT/u0} to warm ProcessRecord{5b7bff6 10891:com.miui.voiceassist/u0a176}
05-17 18:12:19.241  2597  2750 V BroadcastQueue: Scheduling BroadcastRecord{37515a3 android.intent.action.USER_PRESENT/u0} to warm ProcessRecord{5b7bff6 10891:com.miui.voiceassist/u0a176}
05-17 18:12:19.241  2597  2750 V BroadcastQueue: Scheduling BroadcastRecord{b221cf6 com.miui.keyguard.setwallpaper/u0} to warm ProcessRecord{5b7bff6 10891:com.miui.voiceassist/u0a176}
05-17 18:12:19.241 10891 10891 I BatteryReceiver: action is android.intent.action.USER_PRESENT
05-17 18:12:19.241  2597  2750 V BroadcastQueue: Promoting BroadcastProcessQueue{22127d0 31150:com.miui.personalassistant/u0a122} from runnable to running; process is ProcessRecord{fafb003 31150:com.miui.personalassistant/u0a122}
05-17 18:12:19.242  2597  2750 V BroadcastQueue: Scheduling BroadcastRecord{37515a3 android.intent.action.USER_PRESENT/u0} to warm ProcessRecord{fafb003 31150:com.miui.personalassistant/u0a122}
05-17 18:12:19.242  2597  2750 V BroadcastQueue: Promoting BroadcastProcessQueue{e1ca5ac 1851:com.tencent.mm:push/u0a317} from runnable to running; process is ProcessRecord{bb52275 1851:com.tencent.mm:push/u0a317}
05-17 18:12:19.242 10891 10891 I VA_UiManagerReceiver: mScreenEventReceiver onReceive action = android.intent.action.USER_PRESENT
05-17 18:12:19.242  2597  2750 V BroadcastQueue: Scheduling BroadcastRecord{37515a3 android.intent.action.USER_PRESENT/u0} to warm ProcessRecord{bb52275 1851:com.tencent.mm:push/u0a317}
05-17 18:12:19.242 10891 10891 D VA_UiManagerReceiver: pending action = null
05-17 18:12:19.242  2597  2750 V BroadcastQueue: Promoting BroadcastProcessQueue{887d2d5 2202:com.tencent.mm/u0a317} from runnable to running; process is ProcessRecord{9cfdaea 2202:com.tencent.mm/u0a317}
05-17 18:12:19.242  2597  2750 V BroadcastQueue: Scheduling BroadcastRecord{37515a3 android.intent.action.USER_PRESENT/u0} to warm ProcessRecord{9cfdaea 2202:com.tencent.mm/u0a317}
05-17 18:12:19.242  2597  2750 V BroadcastQueue: Promoting BroadcastProcessQueue{e63d453 25567:com.xiaomi.xmsf/u0a177} from runnable to running; process is ProcessRecord{e962c89 25567:com.xiaomi.xmsf/u0a177}
05-17 18:12:19.242  2597  2750 V BroadcastQueue: Scheduling BroadcastRecord{37515a3 android.intent.action.USER_PRESENT/u0} to warm ProcessRecord{e962c89 25567:com.xiaomi.xmsf/u0a177}
05-17 18:12:19.242  2597  2750 V BroadcastQueue: Promoting BroadcastProcessQueue{b0e1a89 25609:com.xiaomi.xmsf:services/u0a177} from runnable to running; process is ProcessRecord{43b91b0 25609:com.xiaomi.xmsf:services/u0a177}
05-17 18:12:19.242  2597  2750 V BroadcastQueue: Scheduling BroadcastRecord{37515a3 android.intent.action.USER_PRESENT/u0} to warm ProcessRecord{43b91b0 25609:com.xiaomi.xmsf:services/u0a177}
05-17 18:12:19.242 10891 30012 D VA_MainBoardPalette: sender:com.miui.home
05-17 18:12:19.242  2597  2750 V BroadcastQueue: Scheduling BroadcastRecord{37515a3 android.intent.action.USER_PRESENT/u0} to warm ProcessRecord{43b91b0 25609:com.xiaomi.xmsf:services/u0a177}
05-17 18:12:19.243  2597  2750 V BroadcastQueue: Promoting BroadcastProcessQueue{a7b0758 24722:com.google.android.gms.persistent/u0a114} from runnable to running; process is ProcessRecord{4b9761f 24722:com.google.android.gms.persistent/u0a114}
05-17 18:12:19.243  2597  2750 V BroadcastQueue: Scheduling BroadcastRecord{37515a3 android.intent.action.USER_PRESENT/u0} to warm ProcessRecord{4b9761f 24722:com.google.android.gms.persistent/u0a114}
05-17 18:12:19.243  2597  2750 V BroadcastQueue: Scheduling BroadcastRecord{37515a3 android.intent.action.USER_PRESENT/u0} to warm ProcessRecord{4b9761f 24722:com.google.android.gms.persistent/u0a114}
05-17 18:12:19.243  2597  2750 V BroadcastQueue: Scheduling BroadcastRecord{37515a3 android.intent.action.USER_PRESENT/u0} to warm ProcessRecord{4b9761f 24722:com.google.android.gms.persistent/u0a114}
05-17 18:12:19.243  2597  2750 V BroadcastQueue: Scheduling BroadcastRecord{37515a3 android.intent.action.USER_PRESENT/u0} to warm ProcessRecord{4b9761f 24722:com.google.android.gms.persistent/u0a114}
05-17 18:12:19.243 25609 25609 D MyLog   : -->log(0): [Tid:2] PeriodTaskController can't start task, config not allow
05-17 18:12:19.243  2597  2750 V BroadcastQueue: Scheduling BroadcastRecord{37515a3 android.intent.action.USER_PRESENT/u0} to warm ProcessRecord{4b9761f 24722:com.google.android.gms.persistent/u0a114}
05-17 18:12:19.243  2597  2750 V BroadcastQueue: Promoting BroadcastProcessQueue{7482e5c 26723:com.miui.systemAdSolution/u0a153} from runnable to running; process is ProcessRecord{133da96 26723:com.miui.systemAdSolution/u0a153}
05-17 18:12:19.243  2597  2750 V BroadcastQueue: Scheduling BroadcastRecord{37515a3 android.intent.action.USER_PRESENT/u0} to warm ProcessRecord{133da96 26723:com.miui.systemAdSolution/u0a153}
05-17 18:12:19.243 31150 31183 I RefreshWidgetController: restorePendingPushRefresh startIndex = 0 endIndex = 0
05-17 18:12:19.243 31150 31183 I RefreshWidgetController: restorePendingPushRefresh end
05-17 18:12:19.244 25567 25595 W PushService: [Tid:16951] [PullDownLog] PullDownManager start check data expired
05-17 18:12:19.244  2597  2692 D Aurogon :  packageName = com.google.android.gms isAllowWakeUpList 
05-17 18:12:19.253  2597  2692 D Aurogon :  packageName = com.google.android.gms isAllowWakeUpList 
05-17 18:12:19.258  2597 12305 D Aurogon :  packageName = com.google.android.gms isAllowWakeUpList 
05-17 18:12:19.263 24722 30125 I NearbyMediums: ModuleInitializer handles incoming intent android.intent.action.USER_PRESENT
05-17 18:12:19.264  2597 12305 D PackageManager: set app component=ComponentInfo{com.google.android.gms/com.google.android.gms.nearby.mediums.nearfieldcommunication.NfcAdvertisingService} enabled state: 1 from com.google.android.gms,uid=10114,pid=24722
05-17 18:12:19.266  2597 12305 D Aurogon :  packageName = com.google.android.gms isAllowWakeUpList 
05-17 18:12:19.266 24722 13153 I Nearby  : (REDACTED) Beginning attempt #%d out of %d for %s...
05-17 18:12:19.269 24570 30122 I PersonalSafety: ConnectivityProtectionLockingIntentOperation: cancelled task [CONTEXT service_id=310 ]
05-17 18:12:19.269 24722 13153 I NearbyMediums: BluetoothAdapter's name was not set by Nearby Connections, ignoring call to restore default scan mode.
05-17 18:12:19.272 24570 24570 D BoundBrokerSvc: onBind: Intent { act=com.google.android.gms.pay.service.BIND dat=chimera-action:/... cmp=com.google.android.gms/.chimera.GmsApiService }
05-17 18:12:19.272 24570 24570 D BoundBrokerSvc: Loading bound service for intent: Intent { act=com.google.android.gms.pay.service.BIND dat=chimera-action:/... cmp=com.google.android.gms/.chimera.GmsApiService }
05-17 18:12:19.275 24722 24722 I RCNIntentOperation: RCN is disabled on this network.
05-17 18:12:19.275 24722 13153 I NearbyMediums: BluetoothAdapter's name was not set by Nearby Connections, ignoring call to restore device name
05-17 18:12:19.280  2597  8242 V ActivityManager: Register receiver android.content.IntentFilter@5a46fda: null
05-17 18:12:19.312 23684 23684 D Launcher.UserPresentAnimation: unlock_animation_complete
05-17 18:12:19.313 23684 23684 D Launcher.Boost: boost enable = false;ui thread tid=23684;render thread tid=27749
05-17 18:12:19.314 23684 23684 E Launcher.Boost: boost failed
05-17 18:12:19.314 23684 23684 E Launcher.Boost: java.lang.NoSuchMethodError: No static method setThreadPriority(IILjava/lang/String;)V in class Landroid/os/MiuiProcess; or its super classes (declaration of 'android.os.MiuiProcess' appears in /system_ext/framework/miui-framework.jar)
05-17 18:12:19.314 23684 23684 E Launcher.Boost: 	at com.miui.launcher.utils.BoostHelper.boost(BoostHelper.java:89)
05-17 18:12:19.314 23684 23684 E Launcher.Boost: 	at com.miui.home.launcher.Launcher$61.run(Launcher.java:8167)
05-17 18:12:19.314 23684 23684 E Launcher.Boost: 	at android.os.Handler.handleCallback(Handler.java:959)
05-17 18:12:19.314 23684 23684 E Launcher.Boost: 	at android.os.Handler.dispatchMessage(Handler.java:100)
05-17 18:12:19.314 23684 23684 E Launcher.Boost: 	at android.os.Looper.loopOnce(Looper.java:249)
05-17 18:12:19.314 23684 23684 E Launcher.Boost: 	at android.os.Looper.loop(Looper.java:337)
05-17 18:12:19.314 23684 23684 E Launcher.Boost: 	at android.app.ActivityThread.main(ActivityThread.java:9604)
05-17 18:12:19.314 23684 23684 E Launcher.Boost: 	at java.lang.reflect.Method.invoke(Native Method)
05-17 18:12:19.314 23684 23684 E Launcher.Boost: 	at com.android.internal.os.RuntimeInit$MethodAndArgsCaller.run(RuntimeInit.java:615)
05-17 18:12:19.314 23684 23684 E Launcher.Boost: 	at com.android.internal.os.ZygoteInit.main(ZygoteInit.java:936)
05-17 18:12:19.314  2597  6911 D PerfStubImpl: perfLockReleaseHandler: 63093
05-17 18:12:19.315  2597  6911 D SchedBoost: stopBoostInternal
05-17 18:12:19.315  2597  6911 D SchedBoost: thread tid=23684, priority is set to -10
05-17 18:12:19.315  2597  6911 D SchedBoost: thread tid=27749, priority is set to -10
05-17 18:12:19.321 23684 23684 D LauncherClient.Service: service already connected:com.miui.personalassistant
05-17 18:12:19.417  1585  1585 I [THP-ALG]: alg_input_report:Touch Down: id: 0, edge_len:0, raw consis:6562, base consis:432
05-17 18:12:19.418  2597  4355 I MIUIInput: [MotionEvent] notifyMotion - eventTime=242234351213000, deviceId=7, source=0x1002, policyFlags=0x0, action=0x0, flags=0x0, downTime=242234351213000
05-17 18:12:19.418  2597  4354 I MIUIInput: [MotionEvent] publisher action=0x0, deviceId=7, 242234351, channel '6a10225 com.miui.home/com.miui.home.launcher.Launcher (server)'
05-17 18:12:19.419  2597  4354 I MIUIInput: [MotionEvent] publisher action=0x0, deviceId=7, 242234351, channel '3e4fc2f com.miui.miwallpaper.wallpaperservice.MiuiKeyguardPictorialWallpaper (server)'
05-17 18:12:19.419  2597  4354 I MIUIInput: [MotionEvent] publisher action=0x0, deviceId=7, 242234351, channel '[Gesture Monitor] miui-gesture (server)'
05-17 18:12:19.419 23684 23684 I MIUIInput: [MotionEvent] ViewRootImpl windowName 'com.miui.home/com.miui.home.launcher.Launcher', { action=ACTION_DOWN, id[0]=0, pointerCount=1, eventTime=242234351, downTime=242234351, phoneEventTime=18:12:19.418 } moveCount:0
05-17 18:12:19.420  2597  6911 I ProcessManager: getRenderThreadTidByPid, caller=2597
05-17 18:12:19.420  2597  6950 I DisplayModeDirectorImpl: setSmartDisplayUpRefreshRatePolicy [0.0,120.0]
05-17 18:12:19.420  1648  2808 D MI-SF   : updateScene: module = 268 (Animation), value = 1, pkg = perf_interaction, Vrr = 1, mSetTpIdleFlag = 0
