05-17 18:12:17.750  7763  7763 I ClassicTextAreaView: updateServiceProviderName = 只能拨打紧急呼叫电话
05-17 18:12:17.750  7763  7942 D ShellSplitScreen: onFinishedWakingUp
05-17 18:12:17.751  7742  8994 D DataLowLatencyServiceEnhanced: handleMessage msg.what:4
05-17 18:12:17.751 23684 23684 D TouchInteractionService: onSystemUiFlagsChanged, mSystemUiStateFlags=580201c4
05-17 18:12:17.751 23684 23684 D NavStubView_Touch: onSystemUiFlagsChanged  mIsShowStatusBar    old= true   new=true
05-17 18:12:17.751 23684 23684 D NavStubView_Touch: onSystemUiFlagsChanged  mIsShowNavBar    old= true   new=true
05-17 18:12:17.751 23684 23684 D NavStubView_Touch: onSystemUiFlagsChanged  isImmersiveNew    old= false   new=false
05-17 18:12:17.751  1648  1860 D RenderEngine: drawEffect:0.10 srcWH:360 800 srcOri:0 effectWH:1440.0 3200.0 dispVir:0 dispOri:0 dispWH:1440 3200 frOri:0 frLT:0 0 scaleXY:1.00 1.00
05-17 18:12:17.751 23684 23684 D NavStubView_Touch: onSystemUiFlagsChanged, mDisableHomeRecents = true, disableHomeRecents = true, isHomeDisabled = true, isRecentDisabled = true
05-17 18:12:17.751  1648  1843 D MI-SF   : mForceColorModeUserStatus: 0 mDisplayColorSetting: 256
05-17 18:12:17.754  1474  1537 E ANDR-PERF-RESOURCEQS: Failed to apply optimization [11, 8]
05-17 18:12:17.754  2597  6942 W ActivityManager: pid 2597 system sent binder code 31101 with flags 0 to frozen apps and got error -74
05-17 18:12:17.754  1648  1844 D MI-SF   : mForceColorModeUserStatus: 0 mDisplayColorSetting: 256
05-17 18:12:17.756  1648  1648 I MI-SF   : surfaceflinger setAffinity mode=1
05-17 18:12:17.756  1648  1648 E MI-SF   : surfaceflinger setAffinity success
05-17 18:12:17.756  1648  1648 I MI-SF   : surfaceflinger setreAffinity reTid=1860
05-17 18:12:17.756  1648  1648 E MI-SF   : surfaceflinger setAffinity success
05-17 18:12:17.758  1648  1860 D RenderEngine: drawEffect:0.20 srcWH:360 800 srcOri:0 effectWH:1440.0 3200.0 dispVir:0 dispOri:0 dispWH:1440 3200 frOri:0 frLT:0 0 scaleXY:1.00 1.00
05-17 18:12:17.759  7763  8075 W RenderInspector: DequeueBuffer time out on NotificationShade, count=55, avg=26 ms, max=33 ms.
05-17 18:12:17.760 23684 23684 D TouchInteractionService: onSystemUiFlagsChanged, mSystemUiStateFlags=500201c4
05-17 18:12:17.760 23684 23684 D NavStubView_Touch: onSystemUiFlagsChanged  mIsShowStatusBar    old= true   new=true
05-17 18:12:17.760 23684 23684 D NavStubView_Touch: onSystemUiFlagsChanged  mIsShowNavBar    old= true   new=true
05-17 18:12:17.760 23684 23684 D NavStubView_Touch: onSystemUiFlagsChanged  isImmersiveNew    old= false   new=false
05-17 18:12:17.760 23684 23684 D NavStubView_Touch: onSystemUiFlagsChanged, mDisableHomeRecents = true, disableHomeRecents = true, isHomeDisabled = true, isRecentDisabled = true
05-17 18:12:17.760  2597  6942 W ActivityManager: pid 2597 system sent binder code 31101 with flags 0 to frozen apps and got error -74
05-17 18:12:17.761  7763  7763 D ClassicTextAreaView:  start marquee = false
05-17 18:12:17.761  7763  7763 D ClassicTextAreaView:  start marquee = false
05-17 18:12:17.778  1585  1585 I [THP-ALG]: normal_study_check:no need to do normal study check!
05-17 18:12:17.797  7763  8516 I SurfaceComposerClient: setScreenFadeAnim fadeType:256 0.31
05-17 18:12:17.805  1648  1860 D RenderEngine: drawEffect:0.31 srcWH:360 800 srcOri:0 effectWH:1440.0 3200.0 dispVir:0 dispOri:0 dispWH:1440 3200 frOri:0 frLT:0 0 scaleXY:1.00 1.00
05-17 18:12:17.822  7763  8516 I SurfaceComposerClient: setScreenFadeAnim fadeType:256 0.40
05-17 18:12:17.830  1648  1860 D RenderEngine: drawEffect:0.40 srcWH:360 800 srcOri:0 effectWH:1440.0 3200.0 dispVir:0 dispOri:0 dispWH:1440 3200 frOri:0 frLT:0 0 scaleXY:1.00 1.00
05-17 18:12:17.841  7763  7763 D AODWakeLock: longWakeLock : release from:DozeUi#transitionTo hold:false
05-17 18:12:17.841  7763  7763 D AODWakeLock: longWakeLock : release after:DozeUi#transitionTo hold:false
05-17 18:12:17.841  7763  7763 D AODWakeLock: longWakeLock : release from:DozeMachine#requestState hold:true
05-17 18:12:17.842  7763  7763 D AODWakeLock: longWakeLock : release after:DozeMachine#requestState hold:false
05-17 18:12:17.850  7763  7763 E adTracker: Value ranker_group of type java.lang.String cannot be converted to JSONObject
05-17 18:12:17.855  7763  8516 I SurfaceComposerClient: setScreenFadeAnim fadeType:256 0.53
05-17 18:12:17.863  1648  1860 D RenderEngine: drawEffect:0.53 srcWH:360 800 srcOri:0 effectWH:1440.0 3200.0 dispVir:0 dispOri:0 dispWH:1440 3200 frOri:0 frLT:0 0 scaleXY:1.00 1.00
05-17 18:12:17.873  7763  7763 D ControlCenterHeaderExpandController: onExpansionChanged: progress =  0.0
05-17 18:12:17.874  7763  7763 D ControlCenterHeaderExpandController: onExpansionChanged: progress =  0.0
05-17 18:12:17.880  7763  8516 I SurfaceComposerClient: setScreenFadeAnim fadeType:256 0.61
05-17 18:12:17.881  7763  7763 D ControlCenterHeaderExpandController: onExpansionChanged: progress =  0.0
05-17 18:12:17.888  1648  1860 D RenderEngine: drawEffect:0.61 srcWH:360 800 srcOri:0 effectWH:1440.0 3200.0 dispVir:0 dispOri:0 dispWH:1440 3200 frOri:0 frLT:0 0 scaleXY:1.00 1.00
05-17 18:12:17.897  7763  7763 I KeyguardTransitionRepository: FINISHED transition: TransitionStep(from=AOD, to=LOCKSCREEN, value=1.0, transitionState=FINISHED, ownerName=FromAodTransitionInteractor(listen for aod to awake))
05-17 18:12:17.914  7763  8516 I SurfaceComposerClient: setScreenFadeAnim fadeType:256 0.71
05-17 18:12:17.921  1648  1860 D RenderEngine: drawEffect:0.71 srcWH:360 800 srcOri:0 effectWH:1440.0 3200.0 dispVir:0 dispOri:0 dispWH:1440 3200 frOri:0 frLT:0 0 scaleXY:1.00 1.00
05-17 18:12:17.955  7763  8516 I SurfaceComposerClient: setScreenFadeAnim fadeType:256 0.80
05-17 18:12:17.963  1648  1860 D RenderEngine: drawEffect:0.80 srcWH:360 800 srcOri:0 effectWH:1440.0 3200.0 dispVir:0 dispOri:0 dispWH:1440 3200 frOri:0 frLT:0 0 scaleXY:1.00 1.00
05-17 18:12:17.983  2597  2597 W AccessibilityManagerService:  wait for adding window timeout: 2513
05-17 18:12:18.009  9705  9868 D MiuiScanManagerV2: current is 18
05-17 18:12:18.009  9705  9868 D MiuiScanManagerV2: scan start time == 1747476738009
05-17 18:12:18.009  9705  9868 D MiuiScanManagerV2: startThirdPartAppScan()
05-17 18:12:18.009  9705  9868 D BluetoothAdapter: isLeEnabled(): ON
05-17 18:12:18.009  9705  9868 D BluetoothLeScanner: could not find callback wrapper
05-17 18:12:18.009  9705  9868 D MiuiScanManager: stopThirdPartAppScan()
05-17 18:12:18.010  9705  9868 D MiuiScanManagerV2: stopThirdPartAppScan()
05-17 18:12:18.010  9705  9868 D BluetoothAdapter: isLeEnabled(): ON
05-17 18:12:18.010  9705  9868 D BluetoothLeScanner: could not find callback wrapper
05-17 18:12:18.010  9705  9868 D MiuiScanManager: stopThirdPartAppScan()
05-17 18:12:18.010  9705  9868 D BluetoothAdapter: isLeEnabled(): ON
05-17 18:12:18.013 31831 31942 D BtGatt.ScanHelper: registerScanner() - UUID=71c81c24-2131-4718-a50b-09cfdefe1816
05-17 18:12:18.013 31831 31942 I bt_shim_scanner: packages/modules/MiuiBluetooth/system/main/shim/le_scanning_manager.cc:173 RegisterScanner: in shim layer
05-17 18:12:18.014 31831 31889 D BtGatt.ScanHelper: onScannerRegistered() - UUID=71c81c24-2131-4718-a50b-09cfdefe1816, scannerId=2, status=0
05-17 18:12:18.015  9705 26343 D BluetoothLeScanner: onScannerRegistered() - status=0 scannerId=2 mScannerId=0
05-17 18:12:18.015 31831 31942 D BtGatt.ScanHelper: start scan with filters
05-17 18:12:18.017 31831 31942 D BtGatt.ScanHelper: enforcePrivilegedPermissionIfNeeded([BluetoothLeScanFilter [mDeviceName=null, mDeviceAddress=null, mUuid=0000fcfb-0000-1000-8000-00805f9b34fb, mUuidMask=null, mServiceSolicitationUuid=null, mServiceSolicitationUuidMask=null, mServiceDataUuid=null, mServiceData=null, mServiceDataMask=null, mManufacturerId=-1, mManufacturerData=null, mManufacturerDataMask=null, mAdvertisingDataType=-1, mAdvertisingData=null, mAdvertisingDataMask=null, mTransportBlockFilter=null, mGroupBasedFiltering=false], BluetoothLeScanFilter [mDeviceName=null, mDeviceAddress=null, mUuid=c62857aa-6ca1-4ac4-8842-3ca71aef6765, mUuidMask=null, mServiceSolicitationUuid=null, mServiceSolicitationUuidMask=null, mServiceDataUuid=null, mServiceData=null, mServiceDataMask=null, mManufacturerId=-1, mManufacturerData=null, mManufacturerDataMask=null, mAdvertisingDataType=-1, mAdvertisingData=null, mAdvertisingDataMask=null, mTransportBlockFilter=null, mGroupBasedFiltering=false]])
05-17 18:12:18.019 31831 31942 D BtGatt.ScanManager: startScan()  [ScanClient scanModeApp 0 scanModeUsed 0 [appScanStats android.uid.bluetooth:1002]]
05-17 18:12:18.019 31831 31901 I BtGatt.ScanManager: msg.what = MSG_RECORD_CALLER, msg.arg1 = None
05-17 18:12:18.019 31831 31901 I BtGatt.ScanManager: msg.what = MSG_START_BLE_SCAN, msg.arg1 = None
05-17 18:12:18.019 31831 31901 D BtGatt.ScanManager: handling starting scan
05-17 18:12:18.019  9705  9868 D MiuiScanManager: start scan successful
05-17 18:12:18.019  9705  9868 D MiuiScanManagerV2: startThirdPartAppScan mScanner.startScan
05-17 18:12:18.019 31831 31901 V BtGatt.ScanManager: isForeground: true for com.xiaomi.bluetooth:1002
05-17 18:12:18.019 31831 31901 D BtGatt.ScanManager: processBeforeScanModeChange: Not started yet
05-17 18:12:18.019 31831 31901 D BtGatt.ScanManager: scanMode is upgraded for  [ScanClient scanModeApp 0 scanModeUsed 1 [appScanStats android.uid.bluetooth:1002]]
05-17 18:12:18.019 31831 31901 D BtGatt.ScanManager: track LE scan event: callerPackage = [com.xiaomi.bluetooth], scanMode = [1], reportDelayMillis = [0], behavior = [1], scannerId = [2], duration = [0]
05-17 18:12:18.020 31831 31901 I bt_shim_scanner: packages/modules/MiuiBluetooth/system/main/shim/le_scanning_manager.cc:283 ScanFilterEnable: in shim layer
05-17 18:12:18.020 31831 31860 D BT_OneTrack_I/F: region:CN
05-17 18:12:18.020 31831 31889 D BtGatt.ScanHelper: onScanFilterEnableDisabled() - clientIf=2, status=0, action=1
05-17 18:12:18.020  1331 31883 I vendor.qti.bluetooth@1.0-ibs_handler: ProcessIbsCmd: Received IBS_WAKE_IND: 0xFD
05-17 18:12:18.020  1331 31883 I vendor.qti.bluetooth@1.0-ibs_handler: ProcessIbsCmd: Writing IBS_WAKE_ACK
05-17 18:12:18.021 31831 31889 D BtGatt.ScanManager: callback done for scannerId - 2 status - 0
05-17 18:12:18.021 31831 31901 D BtGatt.ScanManager: configureScanFilters rssiThreshold: -128, 0
05-17 18:12:18.022 31831 31901 I bt_shim_scanner: packages/modules/MiuiBluetooth/system/main/shim/le_scanning_manager.cc:259 ScanFilterAdd: in shim layer
05-17 18:12:18.023 31831 31889 D BtGatt.ScanHelper: onScanFilterConfig() - clientIf=2, action = 0 status = 0, filterType=0, availableSpace=0
05-17 18:12:18.023 31831 31889 D BtGatt.ScanManager: callback done for scannerId - 2 status - 0
05-17 18:12:18.023 31831 31901 D BtGatt.ScanManager: configureFilterParamter 500 10000 1 0 rssiThreshold -128
05-17 18:12:18.023 31831 31901 I bt_shim_scanner: packages/modules/MiuiBluetooth/system/main/shim/le_scanning_manager.cc:221 ScanFilterParamSetup: in shim layer, clientIf=2
05-17 18:12:18.023 31831 31889 D BtGatt.ScanHelper: onScanFilterParamsConfigured() - clientIf=2, status=0, action=0, availableSpace=0
05-17 18:12:18.024 31831 31889 D BtGatt.ScanManager: callback done for scannerId - 2 status - 0
05-17 18:12:18.024 31831 31901 I bt_shim_scanner: packages/modules/MiuiBluetooth/system/main/shim/le_scanning_manager.cc:259 ScanFilterAdd: in shim layer
05-17 18:12:18.024 31831 31889 D BtGatt.ScanHelper: onScanFilterConfig() - clientIf=2, action = 0 status = 0, filterType=0, availableSpace=0
05-17 18:12:18.024 31831 31889 D BtGatt.ScanManager: callback done for scannerId - 2 status - 0
05-17 18:12:18.024 31831 31901 D BtGatt.ScanManager: configureFilterParamter 500 10000 1 0 rssiThreshold -128
05-17 18:12:18.024 31831 31901 I bt_shim_scanner: packages/modules/MiuiBluetooth/system/main/shim/le_scanning_manager.cc:221 ScanFilterParamSetup: in shim layer, clientIf=2
05-17 18:12:18.025 31831 31889 D BtGatt.ScanHelper: onScanFilterParamsConfigured() - clientIf=2, status=0, action=0, availableSpace=0
05-17 18:12:18.025 31831 31889 D BtGatt.ScanManager: callback done for scannerId - 2 status - 0
05-17 18:12:18.026 25151 25179 D IdProviderImpl: getOAID from com.miui.analytics
05-17 18:12:18.026 31831 31901 D BtGatt.ScanManager: configureRegularScanParams() - queue=2
05-17 18:12:18.026 31831 31901 I bt_shim_scanner: packages/modules/MiuiBluetooth/system/main/shim/le_scanning_manager.cc:186 Scan: in shim layer stopped
05-17 18:12:18.026 31831 31901 D BtGatt.ScanManager: track LE scan event: callerPackage = [scannative], nativeScanMode = [11], behavior = [11], duration = [536]
05-17 18:12:18.026 31831 31874 I bluetooth: packages/modules/MiuiBluetooth/system/gd/hci/le_address_manager.cc:244 unregister_client: Client unregistered
05-17 18:12:18.027 31831 31901 D BtGatt.ScanManager: Start gattClientScanNative with old scanMode 0 new scanMode 1 ( in MS: 730 / 183, in scan unit: 730 / 183, scanPhyMask: 5 ) [ScanClient scanModeApp 0 scanModeUsed 1 [appScanStats android.uid.bluetooth:1002]]
05-17 18:12:18.027 31831 31901 W BtGatt.JNI: packages/modules/MiuiBluetooth/android/app/jni/com_android_bluetooth_gatt.cpp:1597 gattSetScanParametersNative: gattSetScanParametersNative
05-17 18:12:18.027 31831 31860 D BT_OneTrack_I/F: region:CN
05-17 18:12:18.027 31831 31901 I bt_shim_scanner: packages/modules/MiuiBluetooth/system/main/shim/le_scanning_manager.cc:364 SetScanParameters: in shim layer, scannerId=2, scan_interval=1168, scan_window=292
05-17 18:12:18.027 31831 31901 I bt_shim_scanner: packages/modules/MiuiBluetooth/system/main/shim/le_scanning_manager.cc:186 Scan: in shim layer started
05-17 18:12:18.027 31831 31874 I bluetooth: packages/modules/MiuiBluetooth/system/gd/hci/le_scanning_manager.cc:690 stop_scan: Scanning already stopped, return!
05-17 18:12:18.027 31831 31901 D BtGatt.ScanManager: recordNativeStartScan() - mLastNativeScanParams = 21
05-17 18:12:18.027 31831 31901 D BtGatt.ScanManager: apply scan timeout (300000)to scannerId 2
05-17 18:12:18.027 31831 31889 D BtGatt.ScanHelper: onScanParamSetupCompleted : 0
05-17 18:12:18.027 31831 31874 I bluetooth: packages/modules/MiuiBluetooth/system/gd/hci/le_address_manager.cc:229 register_client: Client registered
05-17 18:12:18.029  7763  8516 I SurfaceComposerClient: setScreenFadeAnim fadeType:256 0.91
05-17 18:12:18.030 25151 25179 D IdProviderImpl: getOAID from com.miui.analytics
05-17 18:12:18.037  1648  1860 D RenderEngine: drawEffect:0.91 srcWH:360 800 srcOri:0 effectWH:1440.0 3200.0 dispVir:0 dispOri:0 dispWH:1440 3200 frOri:0 frLT:0 0 scaleXY:1.00 1.00
05-17 18:12:18.039  2597  2750 V BroadcastQueue: Promoting BroadcastProcessQueue{e1ca5ac 1851:com.tencent.mm:push/u0a317} from runnable to running; process is ProcessRecord{bb52275 1851:com.tencent.mm:push/u0a317}
05-17 18:12:18.040  2597  2750 W BroadcastQueue: Greezer Denial: sending Intent { act=android.net.wifi.RSSI_CHANGED flg=0x4000010 (has extras) }, action: android.net.wifi.RSSI_CHANGED from android (uid=1000) due to receiver ProcessRecord{bb52275 1851:com.tencent.mm:push/u0a317} (uid 10317) need cached broadcast
05-17 18:12:18.040  2597  2750 W BroadcastQueue: Delivery state of BroadcastRecord{63783e0 android.net.wifi.RSSI_CHANGED/u-1} to BroadcastFilter{258b6fc 10317/u0 ReceiverList{d8d2bef 1851 com.tencent.mm:push/10317/u0 remote:e3560ce}} via ProcessRecord{bb52275 1851:com.tencent.mm:push/u0a317} changed from PENDING to SKIPPED because Greezer Denial
05-17 18:12:18.040  2597  2750 V BroadcastQueue: Promoting BroadcastProcessQueue{887d2d5 2202:com.tencent.mm/u0a317} from runnable to running; process is ProcessRecord{9cfdaea 2202:com.tencent.mm/u0a317}
05-17 18:12:18.040  2597  2750 W BroadcastQueue: Greezer Denial: sending Intent { act=android.net.wifi.RSSI_CHANGED flg=0x4000010 (has extras) }, action: android.net.wifi.RSSI_CHANGED from android (uid=1000) due to receiver ProcessRecord{9cfdaea 2202:com.tencent.mm/u0a317} (uid 10317) need cached broadcast
05-17 18:12:18.040  2597  2750 W BroadcastQueue: Delivery state of BroadcastRecord{63783e0 android.net.wifi.RSSI_CHANGED/u-1} to BroadcastFilter{b838980 10317/u0 ReceiverList{4156603 2202 com.tencent.mm/10317/u0 remote:fb8a6b2}} via ProcessRecord{9cfdaea 2202:com.tencent.mm/u0a317} changed from PENDING to SKIPPED because Greezer Denial
05-17 18:12:18.057  1585  1585 I [THP-ALG]: alg_input_report:Touch Down: id: 0, edge_len:0, raw consis:6455, base consis:591
05-17 18:12:18.057  1585  1585 I [THP-APP]: fod_write_downup:write fod 1
05-17 18:12:18.057  1648  2379 D MI-SF	 : TouchMonitorThread: TouchMonitorThread touch panel detected finger down
05-17 18:12:18.057  1648  2379 D MI-SF   : updateIconOverlayAlpha 1.000000
05-17 18:12:18.057  1585  1585 I [THP-APP]: fod_check_report:fod id:    1, fod_overlay: 10
05-17 18:12:18.057  2597  4355 I MIUIInput: [MotionEvent] notifyMotion - eventTime=242232990993000, deviceId=7, source=0x1002, policyFlags=0x0, action=0x0, flags=0x0, downTime=242232990993000
05-17 18:12:18.057  2336  2606 D mfp-daemon: [threadLoop] SYS_NODE_EVENT_FINGER_DOWN
05-17 18:12:18.058  2336  2606 D mfp-daemon: setLocalHBM set local hbm:2
05-17 18:12:18.058  2597  4354 I MIUIInput: [MotionEvent] publisher action=0x0, deviceId=7, 242232990, channel '5fb81bc gxzw_touch (server)'
05-17 18:12:18.058  2597  4354 I MIUIInput: [MotionEvent] publisher action=0x0, deviceId=7, 242232990, channel '[Gesture Monitor] miui-touch-fod (server)'
05-17 18:12:18.058  2597  4354 I MIUIInput: [MotionEvent] publisher action=0x0, deviceId=7, 242232990, channel '[Gesture Monitor] miui-gesture (server)'
05-17 18:12:18.059  2597  6911 I ProcessManager: getRenderThreadTidByPid, caller=2597
05-17 18:12:18.059  7763  7763 I MIUIInput: [MotionEvent] ViewRootImpl windowName 'gxzw_touch', { action=ACTION_DOWN, id[0]=0, pointerCount=1, eventTime=242232990, downTime=242232990, phoneEventTime=18:12:18.057 } moveCount:0
05-17 18:12:18.057  2277  2362 D TouchEventCheck: check_fod_unlock true
05-17 18:12:18.060  2336  2605 W mfp_service: onAcquired(6) (22)
05-17 18:12:18.060  2336  2605 E fpc_tac : [xiaomi_tee_notify_finger_status]  detected finger down
05-17 18:12:18.060  1474  1537 E ANDR-PERF-OPTSHANDLER: Perflock resource /sys/class/devfreq/soc:qcom,cpubw/max_freq not supported
05-17 18:12:18.060  1474  1537 E ANDR-PERF-RESOURCEQS: Failed to apply optimization [6, 6]
05-17 18:12:18.060  1474  1537 E ANDR-PERF-OPTSHANDLER: Perflock resource /sys/class/devfreq/soc:qcom,cpubw/min_freq not supported
05-17 18:12:18.060  1474  1537 E ANDR-PERF-RESOURCEQS: Failed to apply optimization [6, 0]
05-17 18:12:18.060  2597  4357 W FingerprintServiceInjectorStubImpl: recordAcquiredInfo, acquiredInfo:6, vendorCode:22
05-17 18:12:18.061  2597  4357 D FingerprintServiceInjectorStubImpl: screen on when finger down
05-17 18:12:18.061  2597  4357 W FingerprintServiceInjectorStubImpl: updataScreenStatus, state: 2, mScreenStatus: 1
05-17 18:12:18.061  2597  4357 W FingerprintAuthTimeData: handleAcquiredInfo
05-17 18:12:18.061  2597  4357 V ALSProbe: Enable ALS: 58477110
05-17 18:12:18.063  2597  2726 W FingerprintFailReasonData: calculateFailReasonCnt, acquiredInfo: 6 ,vendorCode : 22,screenStatus: 1
05-17 18:12:18.065  2597  6968 V Biometrics/AcquisitionClient: Acquired: 6 22, shouldSend: true
05-17 18:12:18.067  7763 16282 D BiometricStatusRepositoryImpl: authenticationState updated: Acquired(biometricSourceType=FINGERPRINT, requestReason=DeviceEntryAuthentication, acquiredInfo=6)
05-17 18:12:18.067  7763 16282 D BiometricStatusRepositoryImpl: authenticationState updated: Help(biometricSourceType=FINGERPRINT, helpString=, helpCode=1022, requestReason=DeviceEntryAuthentication)
05-17 18:12:18.068  1474  1537 E ANDR-PERF-OPTSHANDLER: Perflock resource /sys/class/devfreq/soc:qcom,cpu0-llcc-ddr-lat/min_freq not supported
05-17 18:12:18.068  1474  1537 E ANDR-PERF-RESOURCEQS: Failed to apply optimization [13, 12]
05-17 18:12:18.072  1331 31883 I vendor.qti.bluetooth@1.0-ibs_handler: ProcessIbsCmd: Received IBS_SLEEP_IND: 0xFE
05-17 18:12:18.072  7763  7763 I MiuiGxzwViewIcon: onTouchDown
05-17 18:12:18.072  7763  7763 I MiuiGxzwViewIcon: turnOnScreen mDozing=false;state=2
05-17 18:12:18.073  7763  7763 D FingerprintCallback: onAuthenticationHelp clientInfo=1022,msg=
05-17 18:12:18.074  7763  8470 I MiuiGxzwAnimView: startRecognizingAnim
05-17 18:12:18.074  7763  8470 I BoostHelper: boost: add myTid: 8470
05-17 18:12:18.074  7763  8470 I BoostHelper: boost: add mRenderThreadTid: 8075
05-17 18:12:18.075  2597  6911 D PerfStubImpl: perfLockReleaseHandler: 63087
05-17 18:12:18.075  2597  6911 D SchedBoost: stopBoostInternal
05-17 18:12:18.075  2597  6911 D PerfStubImpl: perfLockAcquire
05-17 18:12:18.075  7763  8470 I BoostHelper: boostThread sched thread [8470, 8075, 8897, 8896] is run,mod=1
05-17 18:12:18.075  2597  6911 D SchedBoost: startBoostInternal 1000
05-17 18:12:18.075  7763  8470 I MiuiGxzwAnimManager: getFingerIconResource: mKeyguardAuthen = true, mLightWallpaperGxzw = false, mEnrolling = false, mLightIcon = false
05-17 18:12:18.082  7763  8470 I MiuiGxzwAnimView: onStart
05-17 18:12:18.091  1648  1648 D RefreshRateSelector: Touch Boost
05-17 18:12:18.095  2336  2607 D mfp-daemon: MI_DISP_EVENT_Display:8
05-17 18:12:18.095  2336  2607 D mfp-daemon: fod high brightness capture start
05-17 18:12:18.095  2336  2607 W mfp_service: onAcquired(6) (20)
05-17 18:12:18.095  2336  2536 E fpc_tac : fpc_tee_capture_image_internal: UIReady diff_time: 35
05-17 18:12:18.095  2336  2536 E fpc_tac : Capture
05-17 18:12:18.095  2597  4357 W FingerprintServiceInjectorStubImpl: recordAcquiredInfo, acquiredInfo:6, vendorCode:20
05-17 18:12:18.095  2597  4357 W FingerprintAuthTimeData: handleAcquiredInfo
05-17 18:12:18.096  2597  6968 V Biometrics/AcquisitionClient: Acquired: 6 20, shouldSend: true
05-17 18:12:18.097  7763  8683 D BiometricStatusRepositoryImpl: authenticationState updated: Acquired(biometricSourceType=FINGERPRINT, requestReason=DeviceEntryAuthentication, acquiredInfo=6)
05-17 18:12:18.097  7763  8683 D BiometricStatusRepositoryImpl: authenticationState updated: Help(biometricSourceType=FINGERPRINT, helpString=, helpCode=1020, requestReason=DeviceEntryAuthentication)
05-17 18:12:18.097  2597  2726 W FingerprintFailReasonData: calculateFailReasonCnt, acquiredInfo: 6 ,vendorCode : 20,screenStatus: 1
05-17 18:12:18.101  7763  7763 D FingerprintCallback: onAuthenticationHelp clientInfo=1020,msg=
05-17 18:12:18.116  1648  1648 D RefreshRateSelector: Touch Boost
05-17 18:12:18.174  2597  2737 W AccessibilityWindowsPopulator: Windows change within in 2 frames continuously over 500 ms and notify windows changed immediately
05-17 18:12:18.180  2336  2536 E fpc_hal : identify
05-17 18:12:18.181  7374 28471 D MiuiWallpaper-AnimatorProgram: mRevealAnimator end. reveal = 0.0
05-17 18:12:18.229  2597  2750 V BroadcastQueue: Promoting BroadcastProcessQueue{a7b0758 24722:com.google.android.gms.persistent/u0a114} from runnable to running; process is ProcessRecord{4b9761f 24722:com.google.android.gms.persistent/u0a114}
05-17 18:12:18.230  2597  2750 V BroadcastQueue: Scheduling BroadcastRecord{1c0fe0c android.intent.action.DREAMING_STOPPED/u-1} to warm ProcessRecord{4b9761f 24722:com.google.android.gms.persistent/u0a114}
05-17 18:12:18.239  2336  2536 E fpc_hal : do_authenticate capture_status: 0, identify_status: 0, id: 1572568867
05-17 18:12:18.239  2336  2536 E fpc_hal : send_notification, fail_reason : 0
05-17 18:12:18.240  2336  2536 I DMABUFHEAPS: Using DMA-BUF heap named: qcom,qseecom
05-17 18:12:18.244  2336  2536 W mfp_service: onAcquired(0) (0)
05-17 18:12:18.244  2336  2536 W mfp_service: onAuthenticated(fid=1572568867, gid=0)
05-17 18:12:18.244  2336  2536 D mfp_service: auth:enter idle status
05-17 18:12:18.246  2597  4357 W FingerprintServiceInjectorStubImpl: recordAcquiredInfo, acquiredInfo:0, vendorCode:0
05-17 18:12:18.246  2597  4357 W FingerprintAuthTimeData: handleAcquiredInfo
05-17 18:12:18.246  2597  6968 V Biometrics/AcquisitionClient: Acquired: 0 0, shouldSend: true
05-17 18:12:18.246  2597  2726 W FingerprintFailReasonData: calculateFailReasonCnt, acquiredInfo: 0 ,vendorCode : 0,screenStatus: 1
05-17 18:12:18.247  2597  6968 V BiometricLogger: Authentication latency: -1
05-17 18:12:18.247  2597  6968 W BiometricFrameworkStatsLogger: found a negative latency : -1
05-17 18:12:18.247  2597  6968 V Biometrics/AuthenticationClient: onAuthenticated(true), ID:1572568867, Owner: com.android.systemui, isBP: false, listener: com.android.server.biometrics.sensors.ClientMonitorCallbackConverter@64c3d37, requireConfirmation: false, user: 0, clientMonitor: {[130] com.android.server.biometrics.sensors.fingerprint.aidl.FingerprintAuthenticationClient, proto=3, owner=com.android.systemui, cookie=0, requestId=118, userId=0}
05-17 18:12:18.247  2597  6968 W Biometrics/AuthenticationClient: Allowing background authentication, this is allowed only for platform or test invocations
05-17 18:12:18.247  7763 16282 D BiometricStatusRepositoryImpl: authenticationState updated: Acquired(biometricSourceType=FINGERPRINT, requestReason=DeviceEntryAuthentication, acquiredInfo=0)
05-17 18:12:18.247  2597  6968 D BaseClientMonitor: marking operation as done: {[130] com.android.server.biometrics.sensors.fingerprint.aidl.FingerprintAuthenticationClient, proto=3, owner=com.android.systemui, cookie=0, requestId=118, userId=0}
05-17 18:12:18.251   994 16259 I keystore2: system/security/keystore2/src/authorization.rs:114 - add_auth_token(challenge=0, userId=4214952136015140238, authId=952004250687804006, authType=0x2, timestamp=2939567103ms)
05-17 18:12:18.251  2597  6968 D Biometrics/AuthenticationClient: addAuthToken succeeded
05-17 18:12:18.252  2597  6968 D BiometricStateCallback: Client finished, state updated to 0, client {[130] com.android.server.biometrics.sensors.fingerprint.aidl.FingerprintAuthenticationClient, proto=3, owner=com.android.systemui, cookie=0, requestId=118, userId=0}
05-17 18:12:18.252  2597  6968 D FingerprintServiceInjectorStubImpl: onStateChanged : 0
05-17 18:12:18.252  2597  6968 D BiometricSchedulerOperation: [Finished / destroy]: {[130] com.android.server.biometrics.sensors.fingerprint.aidl.FingerprintAuthenticationClient, proto=3, owner=com.android.systemui, cookie=0, requestId=118, userId=0}
05-17 18:12:18.253  1363  1363 I sensors-hal: batch:211, android.sensor.light/51, period=200000000, max_latency=0
05-17 18:12:18.253  1363  1363 I sensors-hal: set_config:61, no need to adjust sample_period_ns due to reporting_mode = 2
05-17 18:12:18.253  1363  1363 I sensors-hal: batch:220, android.sensor.light/51, period=200000000, max_latency=0 request completed
05-17 18:12:18.254  2597  6968 V ALSProbe: Disable ALS: 12254382
05-17 18:12:18.257  7763  7763 D BiometricUnlockCtrl: onBiometricRunningStateChanged running=false
05-17 18:12:18.257  7763  7763 D MiuiKeyguardWallPaperManager: updateKeyguardWallpaperState: false,anim :true,animMode: 2,false
05-17 18:12:18.258  1648  1843 I IPCThreadState: oneway function results for code 78 on binder at 0xb40000763dd37b20 will be dropped but finished with status 1 (Unknown error -1)
05-17 18:12:18.258  7763  7763 D BiometricUnlockCtrl: onBiometricAuthenticated userId=0; getCurrentUser=0; mMode=5; canSwitchUser=true
05-17 18:12:18.258  7763  7763 W miui_keyguard: unlock keyguard by fp
05-17 18:12:18.258  7763  8593 I KeyguardViewMediator: call fw keyguardGoingAway: flags = 50
05-17 18:12:18.258  7763  7763 D KgIndicationRotatingCtrl: updateIndication: message=正在充电 40%
05-17 18:12:18.259  7763  7763 I MiuiChargeController: dismissChargeAnimation: dismiss_for_biometric_success
05-17 18:12:18.259  2597  8235 I TransitionController: requestStartTransition, transition: TransitionRecord{8a702a4 id=2137 type=TO_BACK flags=0x302}, call stack: com.android.server.wm.TransitionController.requestTransitionIfNeeded:839 com.android.server.wm.KeyguardController.keyguardGoingAway:305 com.android.server.wm.ActivityTaskManagerService.lambda$keyguardGoingAway$14:4292 com.android.server.wm.ActivityTaskManagerService.$r8$lambda$I9GrYMgoKQ3W45Vj2HGhxND3hms:0 com.android.server.wm.ActivityTaskManagerService$$ExternalSyntheticLambda18.accept:0 com.android.server.wm.RootWindowContainer.forAllDisplays:1433 com.android.server.wm.ActivityTaskManagerService.keyguardGoingAway:4291 android.app.IActivityTaskManager$Stub.onTransact:2067 com.android.server.wm.ActivityTaskManagerService.onTransact:6589 android.os.Binder.execTransactInternal:1512 
05-17 18:12:18.259  7763  7763 D KeyguardViewMediator: keyguardDone
05-17 18:12:18.259  7763  7763 D KeyguardViewMediator: tryKeyguardDone: pending - false, animRan - false animRunning - false
05-17 18:12:18.259  7763  7763 D KeyguardViewMediator: tryKeyguardDone: starting pre-hide animation
05-17 18:12:18.259  7763  7763 E KeyguardViewMediator: mHideAnimationFinishedRunnable#run, mHideAnimationRunning=true, mHideAnimationRun=true
05-17 18:12:18.259  7763  7763 D KeyguardViewMediator: tryKeyguardDone: pending - false, animRan - true animRunning - false
05-17 18:12:18.259  2597  8235 D ActivityTaskManager: Top Process State changed to PROCESS_STATE_TOP
05-17 18:12:18.259  7763  7763 D KeyguardViewMediator: handleKeyguardDone
05-17 18:12:18.260  7763  7763 D KeyguardViewMediator: handleHide
05-17 18:12:18.260  7763  7763 D KeyguardViewMediator: keyguardGoingAway
05-17 18:12:18.260  2597  8235 D PerfStubImpl: perfWarmLaunchBoost: com.miui.home, -1, 2
05-17 18:12:18.260  7763  7763 D CollapsedStatusBarFragment: adjustDisableFlags: ShadeExpansionState = 2 mHideIconsForBouncer = false mWereIconsJustHidden = false, mWakeUpCoordinator.getNotificationsFullyHidden = false, mIsExpanded = true, mBypassController.getBypassEnabled = false, mStatusBarStateController.getState() = 1, mKeyguardStateController.isKeyguardGoingAway() = true, mHeadsUpManager.hasPinnedHeadsUp = false, mControlPanelExpand = false
05-17 18:12:18.260  7763  8050 D KeyguardTransitionRepository: (Internal) Setting current transition info: TransitionInfo(ownerName=FromLockscreenTransitionInteractor, from=LOCKSCREEN, to=GONE, animated)
05-17 18:12:18.260  7763  7942 V WindowManagerShell: Transition requested (#2137): android.os.BinderProxy@3991938 TransitionRequestInfo { type = TO_BACK, triggerTask = null, pipTask = null, remoteTransition = null, displayChange = null, flags = 770, debugId = 2137 }
05-17 18:12:18.261  7763  7942 I SoScStageCoordinator: Transition requested:TransitionRequestInfo { type = TO_BACK, triggerTask = null, pipTask = null, remoteTransition = null, displayChange = null, flags = 770, debugId = 2137 } isSoScActive:false triggerTask:null
05-17 18:12:18.261  7763  7763 I MiuiChargeController: dismissChargeAnimation: dismiss_for_keyguard_hide
05-17 18:12:18.261  7763  7763 D MiuiGxzwManager: onKeyguardHide
05-17 18:12:18.261  7763  7763 I MiuiGxzwManager: dismissGxzwView: mShowed = true
05-17 18:12:18.261  7763  7763 D MiuiGxzwViewIcon: dismiss
05-17 18:12:18.261  7763  7763 D MiuiGxzwQuickOpenView: show=false
05-17 18:12:18.261  7763  7763 I MiuiGxzwViewIcon: onTouchUp
05-17 18:12:18.261  7763  7763 D MiuiFaceManager: inernational:false supportR:[CN] nowR:CN
05-17 18:12:18.261  7763  8470 I MiuiGxzwFrameAnimation: stopDecodeBitmap
05-17 18:12:18.261  7763  7763 D MiuiFaceManager: inernational:false supportR:[CN] nowR:CN
05-17 18:12:18.261  7763  8470 D MiuiGxzwFrameAnimation: stopAnimation mDrawing=true,onlyDecode=true
05-17 18:12:18.261  7763  7763 D KgIndicationRotatingCtrl: updateIndication: message=正在充电 40%
05-17 18:12:18.262  7763  7763 I KeyguardTransitionRepository: STARTED transition: TransitionStep(from=LOCKSCREEN, to=GONE, value=0.0, transitionState=STARTED, ownerName=FromLockscreenTransitionInteractor)
05-17 18:12:18.262  7763  8516 I SurfaceComposerClient: setScreenFadeAnim fadeType:256 1.00
05-17 18:12:18.262  2597  8235 D WindowManager: Collecting in transition 2137: ActivityRecord{cb9decf u0 com.miui.home/.launcher.Launcher t2} init visibleRequested:false
05-17 18:12:18.262  7763  8516 D DisplayStateShaderController: ScreenFade animation end wakeup: true
05-17 18:12:18.263  7763  8516 D DisplayStateShaderController: ScreenFade hide ScreenFade layer
05-17 18:12:18.264  2597  8235 D WindowManagerService: checkFlipFullScreenChange is same, nowIsFullScreen = false
05-17 18:12:18.264  2597 11655 V ActivityManager: Unregister receiver: android.content.IIntentReceiver$Stub$Proxy@c2480d
05-17 18:12:18.264  1474  1537 E ANDR-PERF-OPTSHANDLER: Perflock resource /sys/class/devfreq/soc:qcom,cpubw/max_freq not supported
05-17 18:12:18.264  1474  1537 E ANDR-PERF-RESOURCEQS: Failed to apply optimization [6, 6]
05-17 18:12:18.264  1474  1537 E ANDR-PERF-OPTSHANDLER: Perflock resource /sys/class/devfreq/soc:qcom,cpubw/min_freq not supported
05-17 18:12:18.264  1474  1537 E ANDR-PERF-RESOURCEQS: Failed to apply optimization [6, 0]
05-17 18:12:18.264  1474  1537 E ANDR-PERF-OPTSHANDLER: Perflock resource /sys/class/devfreq/soc:qcom,cpu0-llcc-ddr-lat/min_freq not supported
05-17 18:12:18.264  1474  1537 E ANDR-PERF-RESOURCEQS: Failed to apply optimization [13, 12]
05-17 18:12:18.267  7374  7391 I MiuiWallpaper-WallpaperEventManager: updateKeyguardWallpaperStateAnim: show=false anim=true mode=2 block=false
05-17 18:12:18.267  7763  7763 E AnimationHelper: com.android.keyguard.clock.animation.AnimationHelper@231fb2a doAnimationToNotification hasNotification: true, fromKeyguard: true, mHasNotification: true, mToAod: false
05-17 18:12:18.267  7763  7763 E AnimationHelper: com.android.keyguard.clock.animation.AnimationHelper@231fb2a doAnimationToNotification hasNotification: true, fromKeyguard: true, mHasNotification: true, mToAod: false
05-17 18:12:18.267  7374  7391 I MiuiWallpaper-WallpaperEventManager: setKeyguardLocked = false
05-17 18:12:18.267  7374  7391 I MiuiWallpaper-WallpaperEventManager: setScreenOn = true
05-17 18:12:18.267  7374  7374 I MiuiWallpaper-ImageWallpaper: onUpdateBlurAnim1.0
05-17 18:12:18.267  2336  2368 D mfp-daemon: FodEngineCore  fingerprintConditionUpdate stateIndex:5 value:0
05-17 18:12:18.268  2336  2368 D mfp-daemon: checkFodTouchStatus FP:3 gxzwAnim:1 colorfade:0 lockoutmode:0 powermode:2 TouchEnable:1
05-17 18:12:18.268  7374  7431 I KeyguardWallpaperHelper: check desktopGalleryNeedUpdate onUserUnLock type = image carousel = false
05-17 18:12:18.268  7601  7737 I DynamicDDSService: handleMessage(ACTIVITY_INVOKE{appInfo=com.miui.home isFullScreen=}true)
05-17 18:12:18.268  7374  7431 I KeyguardWallpaperHelper: on open keyguard and desktop gallery isDesktopOpen = false, isKeyguardOpen = false
05-17 18:12:18.268  2597  8235 V WindowManager: Checking theme of starting window: 0x7f1100f9
05-17 18:12:18.269 31150 31150 D VRI[personalassistant]: visibilityChanged oldVisibility=false newVisibility=true
05-17 18:12:18.270  2597  8235 V WindowManager: Translucent=false Floating=false ShowWallpaper=true Disable=true
05-17 18:12:18.271  2597  8235 D ActivityRecordImpl: Snapshot has been intercepted, isActivityHome = true fromHome = false windowMode = 1 activity = ActivityRecord{cb9decf u0 com.miui.home/.launcher.Launcher t2}
05-17 18:12:18.271  2597  8235 D WindowManager: All the checks have been done, return STARTING_WINDOW_TYPE_NONE. this = ActivityRecord{cb9decf u0 com.miui.home/.launcher.Launcher t2}
05-17 18:12:18.271  7374  7374 I MiuiWallpaper-ImageWallpaper: onUpdateBlurAnim1.0
05-17 18:12:18.271  2597  8235 I WindowManager: Try to add startingWindow type = STARTING_WINDOW_TYPE_NONE this = ActivityRecord{cb9decf u0 com.miui.home/.launcher.Launcher t2} preAllowTaskSnapshot = true afterAllowTaskSnapshot = false newTask = false taskSwitch = true processRunning = true activityCreated = true activityAllDrawn = false isSnapshotCompatible = false resolvedTheme = 0 theme = 2131820793
05-17 18:12:18.271  1648  1648 I MI-SF   : surfaceflinger setAffinity mode=0
05-17 18:12:18.271  1648  1648 E MI-SF   : surfaceflinger setAffinity success
05-17 18:12:18.272   994 16259 I keystore2: system/security/keystore2/src/authorization.rs:128 - on_device_unlocked(user_id=0, password.is_some()=false)
05-17 18:12:18.272 23684 23684 D TouchInteractionService: onSystemUiFlagsChanged, mSystemUiStateFlags=d00201c4
05-17 18:12:18.272 23684 23684 D NavStubView_Touch: onSystemUiFlagsChanged  mIsShowStatusBar    old= true   new=true
05-17 18:12:18.272 23684 23684 D NavStubView_Touch: onSystemUiFlagsChanged  mIsShowNavBar    old= true   new=true
05-17 18:12:18.272 23684 23684 D NavStubView_Touch: onSystemUiFlagsChanged  isImmersiveNew    old= false   new=false
05-17 18:12:18.272 23684 23684 D NavStubView_Touch: onSystemUiFlagsChanged, mDisableHomeRecents = true, disableHomeRecents = true, isHomeDisabled = true, isRecentDisabled = true
05-17 18:12:18.274  7374  7374 I MiuiWallpaper-DesktopImageEngineImpl: hideKeyguardWallpaper do anim ,mSwipeRatio = 0.0
05-17 18:12:18.274  7374  7374 I MiuiWallpaper-MiuiKeyguardPictorialWallpaper: onUpdateBlurAnim0.0
05-17 18:12:18.275  7374  7584 D EglHelper-1: createEglContext start
05-17 18:12:18.275  7763  7763 I NotificationPanelView: doBlurAndDim: ratio = 0.11526406
05-17 18:12:18.276  7374  7584 D EglHelper-1: createEglContext done
05-17 18:12:18.277  2597  6968 I FingerprintServiceStub: startExtCmd cmd: 5 param: 0 result:0
05-17 18:12:18.278  2336  2368 D mfp-daemon: FodEngineCore  fingerprintConditionUpdate stateIndex:4 value:4
05-17 18:12:18.278  2336  2368 D mfp-daemon: setLocalHBM set local hbm:1
05-17 18:12:18.278  2597  6735 I MiuiNetworkPolicy: updateUidState uid = 10171, uidState = 3
05-17 18:12:18.281  7374  7584 I MiuiWallpaper-DesktopImageEngineImpl: needSupportWideColorGamut, mIsScreenWideColorGamut = true, isWideColorGamutModeOn = false, isWallpaperWideColor = false
05-17 18:12:18.281  2336  2368 D mfp-daemon: checkFodTouchStatus FP:4 gxzwAnim:1 colorfade:0 lockoutmode:0 powermode:2 TouchEnable:0
05-17 18:12:18.281  2336  2368 D mfp-daemon: HandleFodTouchCtl:0
05-17 18:12:18.282  2336  2607 D mfp-daemon: MI_DISP_EVENT_Display:0
05-17 18:12:18.282  2336  2607 D mfp-daemon: fod capture stop
05-17 18:12:18.282  1584 16436 D TouchFeatureV2: setModeValue id:0, mode:10, value:0
05-17 18:12:18.282  2597  2738 I WindowManager: wms.showSurfaceRobustly mWin:Window{8693660 u0 com.miui.miwallpaper.wallpaperservice.ImageWallpaper}
05-17 18:12:18.282  1585  2104 I [THP-HAL]: cmd_thread_routine:TYPE:0, size:16, path:/sys/class/touch/touch_dev/touch_thp_cmd
05-17 18:12:18.282  1585  2107 I [THP-DAE]: thp_daemon_cmd_loop:TYPE:0, size:16, path:/sys/class/touch/touch_dev/touch_thp_cmd
05-17 18:12:18.282  1585  2107 I [THP-DAE]: user_cmd_set_cur_value:support fod:0
05-17 18:12:18.283  2597  6735 I MiuiNetworkPolicyTrafficLimit: updateWhiteListUidForMobileTraffic uid=10171,add=true
05-17 18:12:18.283  2597  6735 I MiuiNetworkPolicy: updateUidState uid = 10131, uidState = 3
05-17 18:12:18.283  2597  6735 I MiuiNetworkPolicy: updateUidState uid = 10128, uidState = 2
05-17 18:12:18.283  7374  7584 D EglHelper-1: createEglSurface start
05-17 18:12:18.284  7374  7584 D EglHelper-1: createEglSurface done
05-17 18:12:18.284  2597  2690 I SmartPower: com.miui.personalassistant/10122(31150): background->visible(397002ms) R(become visible) adj=0.
05-17 18:12:18.285  2597  6735 I MiuiNetworkPolicyTrafficLimit: updateWhiteListUidForMobileTraffic uid=10128,add=true
05-17 18:12:18.285  2597  6735 I MiuiNetworkPolicy: updateUidState uid = 10122, uidState = 3
05-17 18:12:18.285  7763  7763 I NotificationPanelView: doBlurAndDim: ratio = 0.23393907
05-17 18:12:18.286  7374  7584 D AnimImageWallpaperRender: effectType: 0 mProgram=com.miui.miwallpaper.opengl.AnimatorProgram@4da74 this=com.miui.miwallpaper.container.openGL.DesktopAnimImageWallpaperRenderer@3d47a6b
05-17 18:12:18.286  7374  7584 D AnimImageWallpaperRender: getAnimatorProgram: getEffectType=0getGlassId: 0 shaderId: 0
05-17 18:12:18.286  7374  7584 D AnimImageWallpaperRender: mProgram not changed
05-17 18:12:18.287  7374  7584 D MiuiWallpaper-ImageWpCacheUtil: obtain: 1|false|BitmapRef{android.graphics.Bitmap@efd7611, 0}
05-17 18:12:18.287  7374  7584 D AnimImageGLProgram: updateMaskLayer: need = false, isDark = false this: com.miui.miwallpaper.opengl.AnimImageGLProgram@583cbe3
05-17 18:12:18.287  7374  7584 D BitmapUtils: recycleBitmap: bitmap is recycle
05-17 18:12:18.288 23684 23684 D Launcher.Lifecycle: onStart:UserHandle{0},43527b3,false
05-17 18:12:18.288 23684 23684 D LauncherClient.PersistentConnection: cleanUp mStoppedfalse mLauncherOverlay:null
05-17 18:12:18.288 23684 23684 D Launcher: Launcher.DeviceConfig onStart bounds = Rect(0, 0 - 1440, 3200)
05-17 18:12:18.288 31150 31167 D LauncherOverlay: setActivityState:1
05-17 18:12:18.289  2597  6968 I FingerprintServiceStub: startExtCmd cmd: 4 param: 4 result:0
05-17 18:12:18.289  2336  2368 D mfp-daemon: FodEngineCore  fingerprintConditionUpdate stateIndex:7 value:0
05-17 18:12:18.289  2597  6968 I FingerprintServiceStub: startExtCmd cmd: 7 param: 0 result:0
05-17 18:12:18.290  2597  8113 D AppLock_AccessControlImpl: activityResume packageName: com.miui.home userId: 0 enabled: true
05-17 18:12:18.290  2597  8113 D AppLock_AccessControlImpl: activityResume lockMode: 1
05-17 18:12:18.290 23684 23684 D SecurityManager: checkAccessControl flag1
05-17 18:12:18.291 23684 23684 D Launcher: Launcher.DeviceConfig onResume bounds = Rect(0, 0 - 1440, 3200)
05-17 18:12:18.291 23684 23684 D Launcher.DropTargetBar: update uninstall active when NO drag, active=false (edit=7, isUninstallDialogShowing=false, isWidgetPreviewShowing=false, isDefaultScreenPreviewShowing=false, isMenuVisible=false)
05-17 18:12:18.291 23684 23684 D Launcher.Lifecycle: onResume:UserHandle{0},43527b3,false
05-17 18:12:18.291 23684 23684 W Settings: Setting device_provisioned has moved from android.provider.Settings.Secure to android.provider.Settings.Global.
05-17 18:12:18.291 23684 27766 D MiBridge: requestCpuHighFreq---- uid: 10128 level: 1 timeoutms:500
05-17 18:12:18.291  2216  2251 W MiuiBooster: "MiuiBoosterService requestCpuHighFreq: 10128, 1, 500"
05-17 18:12:18.291  2216  2251 W MiuiBooster: "requestCpuHighFreq,final level:1,final timeoutms:500"
05-17 18:12:18.291  2216  2251 W MiuiBooster: "perf_hint_hc start"
05-17 18:12:18.291  2216  2251 W MiuiBooster: "big_core_value[level-1]:4095"
05-17 18:12:18.291  2216  2251 W MiuiBooster: "little_core_value[level-1]:4095"
05-17 18:12:18.291  2216  2251 W MiuiBooster: "prime_core_value[level - 1]:4095"
05-17 18:12:18.292  2216  2251 W MiuiBooster: "perf_handle:63091"
05-17 18:12:18.292 23684 27766 D MiBridge: requestCpuHighFreq handle: 1
05-17 18:12:18.292 23684 27766 D Launcher_CPUBooster: boostCpuToMax:0
05-17 18:12:18.293  7374  7374 I MiuiWallpaper-KeyguardImageEngineImpl: updateAlpha keyguard wallpaper alpha = 1.0
05-17 18:12:18.293  1648  1844 D MI-SF   : Fingerprint enter state:4 0
05-17 18:12:18.293  1648  1844 D MI-SF   : writeFPStatusToKernel fingerPrintStatus=4, lowBrightnessFOD=0
05-17 18:12:18.293  1648  1844 D MI-SF   : writeFPStatusToKernel: 4
05-17 18:12:18.293  1648  1844 D MI-SF   : updateFodFingerPrintFlag FodFlag=4
05-17 18:12:18.294  1522  1522 D DisplayFeatureHal: setFeatureEnable displayId = 0, FeatureId=FOD_MONITOR_ON_STATE modeId=4 cookie=0
05-17 18:12:18.294  1522  1522 D DisplayFeatureHal: setWCGState current wcg state 0, setting to 0
05-17 18:12:18.294  1522  1522 D DisplayFeatureHal: notifySFWcgState enable = 0
05-17 18:12:18.294  1648  1844 D MI-SF   : isIdleTimerSkip is 0,mSetIdleForceFlag = 0
05-17 18:12:18.294  1648  1844 D MI-SF   : changeFps, fps:120
05-17 18:12:18.294  1648  1844 D SurfaceFlinger: setDesiredDisplayModeSpecs: DisplayModeSpecs{defaultMode: 1, allowGroupSwitching: false, primaryRanges: RefreshRateRanges{physical: RefreshRateRange{min: 0.000000, max: 120.000000}, render: RefreshRateRange{min: 0.000000, max: 120.000000}}, appRequestRanges: RefreshRateRanges{physical: RefreshRateRange{min: 0.000000, max: 120.000000}, render: RefreshRateRange{min: 0.000000, max: 120.000000}}, idleScreenRefreshRateConfig: (null)}
05-17 18:12:18.295 25151 25236 D IdProviderImpl: getOAID from com.miui.analytics
05-17 18:12:18.296  1648  1648 I RefreshRateSelector: Display 4630946545580055170 policy changed
05-17 18:12:18.296  1648  1648 I RefreshRateSelector: Previous: {defaultModeId=1, allowGroupSwitching=false, primaryRanges={physical=[120.00 Hz, 120.00 Hz], render=[120.00 Hz, 120.00 Hz]}, appRequestRanges={physical=[120.00 Hz, 120.00 Hz], render=[120.00 Hz, 120.00 Hz]} idleScreenConfig=nullptr}
05-17 18:12:18.296  1648  1648 I RefreshRateSelector: Current:  DisplayManagerPolicy{defaultModeId=1, allowGroupSwitching=false, primaryRanges={physical=[0.00 Hz, 120.00 Hz], render=[0.00 Hz, 120.00 Hz]}, appRequestRanges={physical=[0.00 Hz, 120.00 Hz], render=[0.00 Hz, 120.00 Hz]} idleScreenConfig=nullptr}
05-17 18:12:18.296  1648  1648 I RefreshRateSelector: 0 mode changes were performed under the previous policy, result = 2
05-17 18:12:18.296  1648  1648 D MI-SF   : modeGroup0 mIsSupportAutomodeForMaxFpsSetting is 0(0), getCurrentBrightness() = 1403(1312), mIsKeepAutoMode 0
05-17 18:12:18.296  1648  1648 D RefreshRateSelector: fixedMode_group: 0, isFindModeGroup 0
05-17 18:12:18.296  1648  1648 D RefreshRateSelector: find max refresh rate:120, mode Group:0
05-17 18:12:18.296  1648  1648 D DisplayModeController: setDesiredMode 4630946545580055170 {mode={fps=120.00 Hz, modePtr={id=1, vsyncRate=120.00 Hz, peakRefreshRate=120.00 Hz}}, emitEvent=true, force=false}
05-17 18:12:18.296  1648  1844 D MI-SF   : set fps setDesiredDisplayConfigSpecs: fps = 120  groupId = 0 fixed = 0 result = 0
05-17 18:12:18.296  1648  1844 D MI-SF   : updateFodFingerPrintFlag restore to mCurrentSettingFps = 120
05-17 18:12:18.297  7763  7763 I NotificationPanelView: doBlurAndDim: ratio = 0.41781718
05-17 18:12:18.298 31150 31150 W rsonalassistant: type=1400 audit(0.0:265013): avc:  denied  { read } for  name="u:object_r:vendor_display_prop:s0" dev="tmpfs" ino=465 scontext=u:r:untrusted_app:s0:c512,c768 tcontext=u:object_r:vendor_display_prop:s0 tclass=file permissive=0 app=com.miui.personalassistant
05-17 18:12:18.299 23684 23684 D SoscSplitStateController: updateDividerFixedState: isFixed = true
05-17 18:12:18.299 23684 23684 E Launcher.application: setClickAppWaitForCallback = false
05-17 18:12:18.299 23684 23684 D Launcher.FullbackHome: FallbackHomeCompat::needKillSelf::needKillSelf = false
05-17 18:12:18.300  1648  1648 D RefreshRateSelector: Touch Boost
05-17 18:12:18.300 31150 31167 D LauncherOverlay: setActivityState:3
05-17 18:12:18.300 31150 31150 W libc    : Access denied finding property "vendor.display.enable_optimal_refresh_rate"
05-17 18:12:18.300 31150 31150 W libc    : Access denied finding property "vendor.gpp.create_frc_extension"
05-17 18:12:18.300  2597  6968 I [FingerprintService]FodFingerprintServiceStubImpl: notifySurfaceFlinger msg: 31111, value: 4, packageType: 0
05-17 18:12:18.300  7763  8052 I MiuiGxzwManager: dealCallback, cmd: 3 param: 1572568867
05-17 18:12:18.300  7763  8052 I MiuiGxzwManager: onAuthenticated:start to unlock
05-17 18:12:18.302 31150 31150 D VRI[personalassistant]: vri.reportNextDraw android.view.ViewRootImpl.performTraversals:4958 android.view.ViewRootImpl.doTraversal:3557 android.view.ViewRootImpl$TraversalRunnable.run:11581 android.view.Choreographer$CallbackRecord.run:1747 android.view.Choreographer$CallbackRecord.run:1756 
05-17 18:12:18.302 31150 31150 D VRI[personalassistant]: vri.Setup new sync=wmsSync-VRI[personalassistant]#16
05-17 18:12:18.305  7763  7763 I NotificationPanelView: doBlurAndDim: ratio = 0.4975401
05-17 18:12:18.308  2597  6968 I [FingerprintService]FodFingerprintServiceStubImpl: fodCallBack cmd: CMD_VENDOR_AUTHENTICATED , 1572568867 , com.android.systemui backRes:1 cmdSendToTouch:0 cmdSendToSf:4 writeRes:false
05-17 18:12:18.308  2597  6968 W FingerprintServiceInjectorStubImpl: recordAuthResult, packName: com.android.systemui, authen1
05-17 18:12:18.308  2597  6968 W FingerprintAuthTimeData: calculateAuthTime, authen: 1, screenState: 1
05-17 18:12:18.308  2597  6968 W FingerprintLocalStatisticsData: updataLocalStatistics, target:  auth_time_info
05-17 18:12:18.308  2597  6968 W FingerprintAuthTimeData: updateAuthTimeJson
05-17 18:12:18.308  2597  6942 W ActivityManager: pid 2597 system sent binder code 31100 with flags 0 to frozen apps and got error -74
05-17 18:12:18.308  2597  6968 D BiometricScheduler: [Finishing] {[130] com.android.server.biometrics.sensors.fingerprint.aidl.FingerprintAuthenticationClient, proto=3, owner=com.android.systemui, cookie=0, requestId=118, userId=0}, success: true
05-17 18:12:18.308  2597  6968 D GestureAvailabilityTracker: Notifying gesture availability, active=true
05-17 18:12:18.308  2597  6968 D BiometricScheduler: No operations, returning to idle
05-17 18:12:18.308  7763  8892 D BiometricStatusRepositoryImpl: authenticationState updated: Succeeded(biometricSourceType=FINGERPRINT, isStrongBiometric=true, requestReason=DeviceEntryAuthentication, userId=0)
05-17 18:12:18.309  7763  8892 D BiometricStatusRepositoryImpl: authenticationState updated: Stopped(biometricSourceType=FINGERPRINT, requestReason=NotRunning)
05-17 18:12:18.309  2597  2726 D FingerprintUnlockRateData: calculateUnlockCnt, packName:  com.android.systemui,  authen: 1,screenState: 1
05-17 18:12:18.309  2597  2726 W FingerprintLocalStatisticsData: updataLocalStatistics, target:  unlock_rate_info
05-17 18:12:18.309 23684 23684 D Launcher_UnlockAnimationStateMachine: onResume = PREPARE
05-17 18:12:18.309 23684 23684 D Launcher_UnlockAnimationStateMachine: showAnimation = PREPARE
05-17 18:12:18.309 23684 23684 I Launcher_UnlockAnimationStateMachine: showAnimation:onResume
05-17 18:12:18.309 23684 23684 D Launcher: isActivityLocked: mInAutoFilling: false, mWaitingForResult: false, !isFirstScreenLoaded: false, mIsAppLocating: false, mDropTargetBar.isUninstallAnimShowing(): false
